Archive member included because of file (symbol)

/Users/nguyenluong/Documents/LPCXpresso_8.0.0/workspace/lpc_board_nxp_lpcxpresso_1549/Debug/liblpc_board_nxp_lpcxpresso_1549.a(board.o)
                              ./src/sensor_HoneyWell.o (Board_LED_Set)
/Users/nguyenluong/Documents/LPCXpresso_8.0.0/workspace/lpc_board_nxp_lpcxpresso_1549/Debug/liblpc_board_nxp_lpcxpresso_1549.a(board_sysinit.o)
                              ./src/sysinit.o (Board_SystemInit)
/Users/nguyenluong/Documents/LPCXpresso_8.0.0/workspace/lpc_chip_15xx/Debug/liblpc_chip_15xx.a(chip_15xx.o)
                              ./src/sensor_HoneyWell.o (SystemCoreClock)
/Users/nguyenluong/Documents/LPCXpresso_8.0.0/workspace/lpc_chip_15xx/Debug/liblpc_chip_15xx.a(clock_15xx.o)
                              /Users/nguyenluong/Documents/LPCXpresso_8.0.0/workspace/lpc_board_nxp_lpcxpresso_1549/Debug/liblpc_board_nxp_lpcxpresso_1549.a(board.o) (Chip_Clock_GetMainClockRate)
/Users/nguyenluong/Documents/LPCXpresso_8.0.0/workspace/lpc_chip_15xx/Debug/liblpc_chip_15xx.a(gpio_15xx.o)
                              /Users/nguyenluong/Documents/LPCXpresso_8.0.0/workspace/lpc_board_nxp_lpcxpresso_1549/Debug/liblpc_board_nxp_lpcxpresso_1549.a(board.o) (Chip_GPIO_Init)
/Users/nguyenluong/Documents/LPCXpresso_8.0.0/workspace/lpc_chip_15xx/Debug/liblpc_chip_15xx.a(i2c_common_15xx.o)
                              ./src/I2C.o (Chip_I2C_Init)
/Users/nguyenluong/Documents/LPCXpresso_8.0.0/workspace/lpc_chip_15xx/Debug/liblpc_chip_15xx.a(i2cm_15xx.o)
                              ./src/I2C.o (Chip_I2CM_SetBusSpeed)
/Users/nguyenluong/Documents/LPCXpresso_8.0.0/workspace/lpc_chip_15xx/Debug/liblpc_chip_15xx.a(iocon_15xx.o)
                              /Users/nguyenluong/Documents/LPCXpresso_8.0.0/workspace/lpc_board_nxp_lpcxpresso_1549/Debug/liblpc_board_nxp_lpcxpresso_1549.a(board_sysinit.o) (Chip_IOCON_SetPinMuxing)
/Users/nguyenluong/Documents/LPCXpresso_8.0.0/workspace/lpc_chip_15xx/Debug/liblpc_chip_15xx.a(swm_15xx.o)
                              ./src/sensor_HoneyWell.o (Chip_SWM_MovablePinAssign)
/Users/nguyenluong/Documents/LPCXpresso_8.0.0/workspace/lpc_chip_15xx/Debug/liblpc_chip_15xx.a(sysctl_15xx.o)
                              /Users/nguyenluong/Documents/LPCXpresso_8.0.0/workspace/lpc_board_nxp_lpcxpresso_1549/Debug/liblpc_board_nxp_lpcxpresso_1549.a(board_sysinit.o) (Chip_SYSCTL_AssertPeriphReset)
/Users/nguyenluong/Documents/LPCXpresso_8.0.0/workspace/lpc_chip_15xx/Debug/liblpc_chip_15xx.a(sysinit_15xx.o)
                              /Users/nguyenluong/Documents/LPCXpresso_8.0.0/workspace/lpc_board_nxp_lpcxpresso_1549/Debug/liblpc_board_nxp_lpcxpresso_1549.a(board_sysinit.o) (Chip_SetupXtalClocking)
/Users/nguyenluong/Documents/LPCXpresso_8.0.0/workspace/lpc_chip_15xx/Debug/liblpc_chip_15xx.a(uart_15xx.o)
                              /Users/nguyenluong/Documents/LPCXpresso_8.0.0/workspace/lpc_board_nxp_lpcxpresso_1549/Debug/liblpc_board_nxp_lpcxpresso_1549.a(board.o) (Chip_UART_Init)
/Users/nguyenluong/Documents/LPCXpresso_8.0.0/workspace/lpc_chip_15xx/Debug/liblpc_chip_15xx.a(ring_buffer.o)
                              /Users/nguyenluong/Documents/LPCXpresso_8.0.0/workspace/lpc_chip_15xx/Debug/liblpc_chip_15xx.a(uart_15xx.o) (RingBuffer_Insert)
/Applications/lpcxpresso_8.0.0_526/lpcxpresso/tools/bin/../lib/gcc/arm-none-eabi/4.9.3/armv7-m/libgcc.a(_arm_addsubdf3.o)
                              ./src/sensor_HoneyWell.o (__aeabi_f2d)
/Applications/lpcxpresso_8.0.0_526/lpcxpresso/tools/bin/../lib/gcc/arm-none-eabi/4.9.3/armv7-m/libgcc.a(_arm_addsubsf3.o)
                              ./src/sensor_HoneyWell.o (__aeabi_fsub)
/Applications/lpcxpresso_8.0.0_526/lpcxpresso/tools/bin/../lib/gcc/arm-none-eabi/4.9.3/armv7-m/libgcc.a(_arm_muldivsf3.o)
                              ./src/sensor_HoneyWell.o (__aeabi_fmul)
/Applications/lpcxpresso_8.0.0_526/lpcxpresso/tools/bin/../lib/gcc/arm-none-eabi/4.9.3/armv7-m/libgcc.a(_aeabi_uldivmod.o)
                              /Users/nguyenluong/Documents/LPCXpresso_8.0.0/workspace/lpc_chip_15xx/Debug/liblpc_chip_15xx.a(clock_15xx.o) (__aeabi_uldivmod)
/Applications/lpcxpresso_8.0.0_526/lpcxpresso/tools/bin/../lib/gcc/arm-none-eabi/4.9.3/armv7-m/libgcc.a(bpabi.o)
                              /Applications/lpcxpresso_8.0.0_526/lpcxpresso/tools/bin/../lib/gcc/arm-none-eabi/4.9.3/armv7-m/libgcc.a(_aeabi_uldivmod.o) (__gnu_uldivmod_helper)
/Applications/lpcxpresso_8.0.0_526/lpcxpresso/tools/bin/../lib/gcc/arm-none-eabi/4.9.3/armv7-m/libgcc.a(_dvmd_tls.o)
                              /Applications/lpcxpresso_8.0.0_526/lpcxpresso/tools/bin/../lib/gcc/arm-none-eabi/4.9.3/armv7-m/libgcc.a(_aeabi_uldivmod.o) (__aeabi_ldiv0)
/Applications/lpcxpresso_8.0.0_526/lpcxpresso/tools/bin/../lib/gcc/arm-none-eabi/4.9.3/armv7-m/libgcc.a(_divdi3.o)
                              /Applications/lpcxpresso_8.0.0_526/lpcxpresso/tools/bin/../lib/gcc/arm-none-eabi/4.9.3/armv7-m/libgcc.a(bpabi.o) (__divdi3)
[...]
Memory Configuration

Name             Origin             Length             Attributes
MFlash256        0x0000000000000000 0x0000000000040000 xr
Ram0_16          0x0000000002000000 0x0000000000004000 xrw
Ram1_16          0x0000000002004000 0x0000000000004000 xrw
Ram2_4           0x0000000002008000 0x0000000000001000 xrw
*default*        0x0000000000000000 0xffffffffffffffff

Linker script and memory map

LOAD ./src/I2C.o
LOAD ./src/cr_cpp_config.o
LOAD ./src/cr_startup_lpc15xx.o
LOAD ./src/crp.o
LOAD ./src/retarget_itm.o
LOAD ./src/sensor_HoneyWell.o
LOAD ./src/sysinit.o
LOAD /Users/nguyenluong/Documents/LPCXpresso_8.0.0/workspace/lpc_board_nxp_lpcxpresso_1549/Debug/liblpc_board_nxp_lpcxpresso_1549.a
LOAD /Users/nguyenluong/Documents/LPCXpresso_8.0.0/workspace/lpc_chip_15xx/Debug/liblpc_chip_15xx.a
START GROUP
LOAD /Applications/lpcxpresso_8.0.0_526/lpcxpresso/tools/bin/../lib/gcc/arm-none-eabi/4.9.3/armv7-m/libgcc.a
LOAD /Applications/lpcxpresso_8.0.0_526/lpcxpresso/tools/bin/../lib/gcc/arm-none-eabi/4.9.3/../../../../arm-none-eabi/lib/armv7-m/libc.a
LOAD /Applications/lpcxpresso_8.0.0_526/lpcxpresso/tools/bin/../lib/gcc/arm-none-eabi/4.9.3/../../../../arm-none-eabi/lib/armv7-m/libstdc++.a
LOAD /Applications/lpcxpresso_8.0.0_526/lpcxpresso/tools/bin/../lib/gcc/arm-none-eabi/4.9.3/../../../../arm-none-eabi/lib/armv7-m/libm.a
LOAD /Applications/lpcxpresso_8.0.0_526/lpcxpresso/tools/bin/../lib/gcc/arm-none-eabi/4.9.3/../../../../arm-none-eabi/lib/armv7-m/libcr_newlib_nohost.a
LOAD /Applications/lpcxpresso_8.0.0_526/lpcxpresso/tools/bin/../lib/gcc/arm-none-eabi/4.9.3/armv7-m/crti.o
LOAD /Applications/lpcxpresso_8.0.0_526/lpcxpresso/tools/bin/../lib/gcc/arm-none-eabi/4.9.3/armv7-m/crtn.o
LOAD /Applications/lpcxpresso_8.0.0_526/lpcxpresso/tools/bin/../lib/gcc/arm-none-eabi/4.9.3/armv7-m/crtbegin.o
LOAD /Applications/lpcxpresso_8.0.0_526/lpcxpresso/tools/bin/../lib/gcc/arm-none-eabi/4.9.3/armv7-m/crtend.o
END GROUP
                0x0000000000000000                __base_MFlash256 = 0x0
                0x0000000000000000                __base_Flash = 0x0
                0x0000000000040000                __top_MFlash256 = 0x40000
                0x0000000000040000                __top_Flash = 0x40000
                0x0000000002000000                __base_Ram0_16 = 0x2000000
                0x0000000002000000                __base_RAM = 0x2000000
                0x0000000002004000                __top_Ram0_16 = 0x2004000
                0x0000000002004000                __top_RAM = 0x2004000
                0x0000000002004000                __base_Ram1_16 = 0x2004000
                0x0000000002004000                __base_RAM2 = 0x2004000
                0x0000000002008000                __top_Ram1_16 = 0x2008000
                0x0000000002008000                __top_RAM2 = 0x2008000
                0x0000000002008000                __base_Ram2_4 = 0x2008000
                0x0000000002008000                __base_RAM3 = 0x2008000
                0x0000000002009000                __top_Ram2_4 = 0x2009000
                0x0000000002009000                __top_RAM3 = 0x2009000

.text           0x0000000000000000     0x7644
 FILL mask 0xff
                0x0000000000000000                __vectors_start__ = ABSOLUTE (.)
 *(.isr_vector)
 .isr_vector    0x0000000000000000       0xfc ./src/cr_startup_lpc15xx.o
                0x0000000000000000                g_pfnVectors
                0x00000000000000fc                . = ALIGN (0x4)
                0x00000000000000fc                __section_table_start = .
                0x00000000000000fc                __data_section_table = .
                0x00000000000000fc        0x4 LONG 0x764c LOADADDR (.data)
                0x0000000000000100        0x4 LONG 0x2000000 ADDR (.data)
                0x0000000000000104        0x4 LONG 0x8a4 SIZEOF (.data)
                0x0000000000000108        0x4 LONG 0x764c LOADADDR (.data_RAM2)
                0x000000000000010c        0x4 LONG 0x2004000 ADDR (.data_RAM2)
                0x0000000000000110        0x4 LONG 0x0 SIZEOF (.data_RAM2)
                0x0000000000000114        0x4 LONG 0x764c LOADADDR (.data_RAM3)
                0x0000000000000118        0x4 LONG 0x2008000 ADDR (.data_RAM3)
                0x000000000000011c        0x4 LONG 0x0 SIZEOF (.data_RAM3)
                0x0000000000000120                __data_section_table_end = .
                0x0000000000000120                __bss_section_table = .
                0x0000000000000120        0x4 LONG 0x20008a4 ADDR (.bss)
                0x0000000000000124        0x4 LONG 0x60 SIZEOF (.bss)
                0x0000000000000128        0x4 LONG 0x2004000 ADDR (.bss_RAM2)
                0x000000000000012c        0x4 LONG 0x0 SIZEOF (.bss_RAM2)
                0x0000000000000130        0x4 LONG 0x2008000 ADDR (.bss_RAM3)
                0x0000000000000134        0x4 LONG 0x0 SIZEOF (.bss_RAM3)
                0x0000000000000138                __bss_section_table_end = .
                0x0000000000000138                __section_table_end = .
 *(.after_vectors*)
 .after_vectors
                0x0000000000000138      0x158 ./src/cr_startup_lpc15xx.o
                0x0000000000000138                data_init(unsigned int, unsigned int, unsigned int)
                0x000000000000017c                bss_init(unsigned int, unsigned int)
                0x00000000000001b4                ResetISR
                0x0000000000000240                NMI_Handler
                0x0000000000000248                HardFault_Handler
                0x0000000000000250                MemManage_Handler
                0x0000000000000258                BusFault_Handler
                0x0000000000000260                UsageFault_Handler
                0x0000000000000268                SVC_Handler
                0x0000000000000270                DebugMon_Handler
                0x0000000000000278                PendSV_Handler
                0x0000000000000288                PIN_INT6_IRQHandler
                0x0000000000000288                IntDefaultHandler
                0x0000000000000288                PIN_INT4_IRQHandler
                0x0000000000000288                CAN_IRQHandler
                0x0000000000000288                RTC_ALARM_IRQHandler
                0x0000000000000288                ADC1B_IRQHandler
                0x0000000000000288                ADC1_OVR_IRQHandler
                0x0000000000000288                USBWakeup_IRQHandler
                0x0000000000000288                UART2_IRQHandler
                0x0000000000000288                PIN_INT5_IRQHandler
                0x0000000000000288                SCT1_IRQHandler
                0x0000000000000288                PIN_INT2_IRQHandler
                0x0000000000000288                USB_FIQHandler
                0x0000000000000288                SCT3_IRQHandler
                0x0000000000000288                PIN_INT7_IRQHandler
                0x0000000000000288                PIN_INT1_IRQHandler
                0x0000000000000288                USB_IRQHandler
                0x0000000000000288                BOD_IRQHandler
                0x0000000000000288                ADC0B_IRQHandler
                0x0000000000000288                ACMP0_IRQHandler
                0x0000000000000288                WDT_IRQHandler
                0x0000000000000288                PIN_INT0_IRQHandler
                0x0000000000000288                QEI_IRQHandler
                0x0000000000000288                ACMP3_IRQHandler
                0x0000000000000288                GINT0_IRQHandler
                0x0000000000000288                DAC_IRQHandler
                0x0000000000000288                SPI0_IRQHandler
                0x0000000000000288                EEPROM_IRQHandler
                0x0000000000000288                ACMP2_IRQHandler
                0x0000000000000288                ADC1A_IRQHandler
                0x0000000000000288                DMA_IRQHandler
                0x0000000000000288                PIN_INT3_IRQHandler
                0x0000000000000288                ACMP1_IRQHandler
                0x0000000000000288                ADC0A_IRQHandler
                0x0000000000000288                FMC_IRQHandler
                0x0000000000000288                GINT1_IRQHandler
                0x0000000000000288                SCT0_IRQHandler
                0x0000000000000288                ADC0_THCMP_IRQHandler
                0x0000000000000288                RIT_IRQHandler
                0x0000000000000288                I2C0_IRQHandler
                0x0000000000000288                ADC0_OVR_IRQHandler
                0x0000000000000288                ADC1_THCMP_IRQHandler
                0x0000000000000288                SCT2_IRQHandler
                0x0000000000000288                MRT_IRQHandler
                0x0000000000000288                UART1_IRQHandler
                0x0000000000000288                RTC_WAKE_IRQHandler
                0x0000000000000288                UART0_IRQHandler
                0x0000000000000288                SPI1_IRQHandler
 *(.text*)
 .text.Chip_IOCON_PinMuxSet
                0x0000000000000290       0x2c ./src/I2C.o
 .text.Chip_I2C_SetClockDiv
                0x00000000000002bc       0x34 ./src/I2C.o
 .text.Chip_I2CM_Enable
                0x00000000000002f0       0x24 ./src/I2C.o
 .text._ZN3I2CC2Eim
                0x0000000000000314       0x84 ./src/I2C.o
                0x0000000000000314                I2C::I2C(int, unsigned long)
                0x0000000000000314                I2C::I2C(int, unsigned long)
 .text._ZN3I2CD2Ev
                0x0000000000000398       0x28 ./src/I2C.o
                0x0000000000000398                I2C::~I2C()
                0x0000000000000398                I2C::~I2C()
 .text._ZN3I2CD0Ev
                0x00000000000003c0       0x20 ./src/I2C.o
                0x00000000000003c0                I2C::~I2C()
 .text._ZN3I2C11transactionEhPhtS0_t
                0x00000000000003e0       0x50 ./src/I2C.o
                0x00000000000003e0                I2C::transaction(unsigned char, unsigned char*, unsigned short, unsigned char*, unsigned short)
 .text._ZdlPv   0x0000000000000430       0x14 ./src/cr_cpp_config.o
                0x0000000000000430                operator delete(void*)
 .text._write   0x0000000000000444       0x7c ./src/retarget_itm.o
                0x0000000000000444                _write
 .text._read    0x00000000000004c0       0xb4 ./src/retarget_itm.o
                0x00000000000004c0                _read
 .text.NVIC_SetPriority
                0x0000000000000574       0x54 ./src/sensor_HoneyWell.o
 .text.SysTick_Config
                0x00000000000005c8       0x44 ./src/sensor_HoneyWell.o
 .text.Chip_SWM_MovablePortPinAssign
                0x000000000000060c       0x30 ./src/sensor_HoneyWell.o
 .text.SysTick_Handler
                0x000000000000063c       0x2c ./src/sensor_HoneyWell.o
                0x000000000000063c                SysTick_Handler
 .text._Z5Sleepi
                0x0000000000000668       0x34 ./src/sensor_HoneyWell.o
                0x0000000000000668                Sleep(int)
 .text._Z7i2cTestv
                0x000000000000069c      0x104 ./src/sensor_HoneyWell.o
                0x000000000000069c                i2cTest()
 .text.main     0x00000000000007a0       0x5c ./src/sensor_HoneyWell.o
                0x00000000000007a0                main
 .text.SystemInit
                0x00000000000007fc        0xc ./src/sysinit.o
                0x00000000000007fc                SystemInit
 .text.Chip_IOCON_PinMuxSet
                0x0000000000000808       0x2c /Users/nguyenluong/Documents/LPCXpresso_8.0.0/workspace/lpc_board_nxp_lpcxpresso_1549/Debug/liblpc_board_nxp_lpcxpresso_1549.a(board.o)
 .text.Chip_SWM_MovablePortPinAssign
                0x0000000000000834       0x30 /Users/nguyenluong/Documents/LPCXpresso_8.0.0/workspace/lpc_board_nxp_lpcxpresso_1549/Debug/liblpc_board_nxp_lpcxpresso_1549.a(board.o)
 .text.Chip_GPIO_SetPinState
                0x0000000000000864       0x38 /Users/nguyenluong/Documents/LPCXpresso_8.0.0/workspace/lpc_board_nxp_lpcxpresso_1549/Debug/liblpc_board_nxp_lpcxpresso_1549.a(board.o)
 .text.Chip_GPIO_SetPinDIROutput
                0x000000000000089c       0x3c /Users/nguyenluong/Documents/LPCXpresso_8.0.0/workspace/lpc_board_nxp_lpcxpresso_1549/Debug/liblpc_board_nxp_lpcxpresso_1549.a(board.o)
 .text.Chip_UART_Enable
                0x00000000000008d8       0x20 /Users/nguyenluong/Documents/LPCXpresso_8.0.0/workspace/lpc_board_nxp_lpcxpresso_1549/Debug/liblpc_board_nxp_lpcxpresso_1549.a(board.o)
 .text.Chip_UART_TXEnable
                0x00000000000008f8       0x20 /Users/nguyenluong/Documents/LPCXpresso_8.0.0/workspace/lpc_board_nxp_lpcxpresso_1549/Debug/liblpc_board_nxp_lpcxpresso_1549.a(board.o)
 .text.Chip_UART_ConfigData
                0x0000000000000918       0x28 /Users/nguyenluong/Documents/LPCXpresso_8.0.0/workspace/lpc_board_nxp_lpcxpresso_1549/Debug/liblpc_board_nxp_lpcxpresso_1549.a(board.o)
 .text.Board_Debug_Init
                0x0000000000000940       0x6c /Users/nguyenluong/Documents/LPCXpresso_8.0.0/workspace/lpc_board_nxp_lpcxpresso_1549/Debug/liblpc_board_nxp_lpcxpresso_1549.a(board.o)
                0x0000000000000940                Board_Debug_Init
 .text.Board_LED_Init
                0x00000000000009ac       0x5c /Users/nguyenluong/Documents/LPCXpresso_8.0.0/workspace/lpc_board_nxp_lpcxpresso_1549/Debug/liblpc_board_nxp_lpcxpresso_1549.a(board.o)
 .text.Board_LED_Set
                0x0000000000000a08       0x50 /Users/nguyenluong/Documents/LPCXpresso_8.0.0/workspace/lpc_board_nxp_lpcxpresso_1549/Debug/liblpc_board_nxp_lpcxpresso_1549.a(board.o)
                0x0000000000000a08                Board_LED_Set
 .text.Board_Init
                0x0000000000000a58       0x18 /Users/nguyenluong/Documents/LPCXpresso_8.0.0/workspace/lpc_board_nxp_lpcxpresso_1549/Debug/liblpc_board_nxp_lpcxpresso_1549.a(board.o)
                0x0000000000000a58                Board_Init
 .text.Chip_SYSCTL_PeriphReset
                0x0000000000000a70       0x20 /Users/nguyenluong/Documents/LPCXpresso_8.0.0/workspace/lpc_board_nxp_lpcxpresso_1549/Debug/liblpc_board_nxp_lpcxpresso_1549.a(board_sysinit.o)
 .text.Chip_Clock_SetUSBPLLSource
                0x0000000000000a90       0x20 /Users/nguyenluong/Documents/LPCXpresso_8.0.0/workspace/lpc_board_nxp_lpcxpresso_1549/Debug/liblpc_board_nxp_lpcxpresso_1549.a(board_sysinit.o)
 .text.Chip_Clock_SetupUSBPLL
                0x0000000000000ab0       0x34 /Users/nguyenluong/Documents/LPCXpresso_8.0.0/workspace/lpc_board_nxp_lpcxpresso_1549/Debug/liblpc_board_nxp_lpcxpresso_1549.a(board_sysinit.o)
 .text.Chip_Clock_IsUSBPLLLocked
                0x0000000000000ae4       0x28 /Users/nguyenluong/Documents/LPCXpresso_8.0.0/workspace/lpc_board_nxp_lpcxpresso_1549/Debug/liblpc_board_nxp_lpcxpresso_1549.a(board_sysinit.o)
 .text.Chip_Clock_SetSysTickClockDiv
                0x0000000000000b0c       0x20 /Users/nguyenluong/Documents/LPCXpresso_8.0.0/workspace/lpc_board_nxp_lpcxpresso_1549/Debug/liblpc_board_nxp_lpcxpresso_1549.a(board_sysinit.o)
 .text.Chip_SWM_MovablePortPinAssign
                0x0000000000000b2c       0x30 /Users/nguyenluong/Documents/LPCXpresso_8.0.0/workspace/lpc_board_nxp_lpcxpresso_1549/Debug/liblpc_board_nxp_lpcxpresso_1549.a(board_sysinit.o)
 .text.Board_SetupMuxing
                0x0000000000000b5c       0x84 /Users/nguyenluong/Documents/LPCXpresso_8.0.0/workspace/lpc_board_nxp_lpcxpresso_1549/Debug/liblpc_board_nxp_lpcxpresso_1549.a(board_sysinit.o)
                0x0000000000000b5c                Board_SetupMuxing
 .text.Board_SetupClocking
                0x0000000000000be0       0x38 /Users/nguyenluong/Documents/LPCXpresso_8.0.0/workspace/lpc_board_nxp_lpcxpresso_1549/Debug/liblpc_board_nxp_lpcxpresso_1549.a(board_sysinit.o)
                0x0000000000000be0                Board_SetupClocking
 .text.Board_SystemInit
                0x0000000000000c18       0x1c /Users/nguyenluong/Documents/LPCXpresso_8.0.0/workspace/lpc_board_nxp_lpcxpresso_1549/Debug/liblpc_board_nxp_lpcxpresso_1549.a(board_sysinit.o)
                0x0000000000000c18                Board_SystemInit
 .text.SystemCoreClockUpdate
                0x0000000000000c34       0x14 /Users/nguyenluong/Documents/LPCXpresso_8.0.0/workspace/lpc_chip_15xx/Debug/liblpc_chip_15xx.a(chip_15xx.o)
                0x0000000000000c34                SystemCoreClockUpdate
 .text.Chip_Clock_SetMain_A_ClockSource
                0x0000000000000c48       0x20 /Users/nguyenluong/Documents/LPCXpresso_8.0.0/workspace/lpc_chip_15xx/Debug/liblpc_chip_15xx.a(clock_15xx.o)
 .text.Chip_Clock_GetMain_A_ClockSource
                0x0000000000000c68       0x1c /Users/nguyenluong/Documents/LPCXpresso_8.0.0/workspace/lpc_chip_15xx/Debug/liblpc_chip_15xx.a(clock_15xx.o)
 .text.Chip_Clock_SetMain_B_ClockSource
                0x0000000000000c84       0x20 /Users/nguyenluong/Documents/LPCXpresso_8.0.0/workspace/lpc_chip_15xx/Debug/liblpc_chip_15xx.a(clock_15xx.o)
 .text.Chip_Clock_GetMain_B_ClockSource
                0x0000000000000ca4       0x1c /Users/nguyenluong/Documents/LPCXpresso_8.0.0/workspace/lpc_chip_15xx/Debug/liblpc_chip_15xx.a(clock_15xx.o)
 .text.Chip_Clock_SetUARTFRGDivider
                0x0000000000000cc0       0x20 /Users/nguyenluong/Documents/LPCXpresso_8.0.0/workspace/lpc_chip_15xx/Debug/liblpc_chip_15xx.a(clock_15xx.o)
 .text.Chip_Clock_GetUARTFRGDivider
                0x0000000000000ce0       0x18 /Users/nguyenluong/Documents/LPCXpresso_8.0.0/workspace/lpc_chip_15xx/Debug/liblpc_chip_15xx.a(clock_15xx.o)
 .text.Chip_Clock_GetMainOscRate
                0x0000000000000cf8       0x18 /Users/nguyenluong/Documents/LPCXpresso_8.0.0/workspace/lpc_chip_15xx/Debug/liblpc_chip_15xx.a(clock_15xx.o)
 .text.Chip_Clock_GetIntOscRate
                0x0000000000000d10       0x14 /Users/nguyenluong/Documents/LPCXpresso_8.0.0/workspace/lpc_chip_15xx/Debug/liblpc_chip_15xx.a(clock_15xx.o)
 .text.Chip_Clock_GetRTCOscRate
                0x0000000000000d24       0x18 /Users/nguyenluong/Documents/LPCXpresso_8.0.0/workspace/lpc_chip_15xx/Debug/liblpc_chip_15xx.a(clock_15xx.o)
 .text.Chip_Clock_GetWDTOSCRate
                0x0000000000000d3c       0x14 /Users/nguyenluong/Documents/LPCXpresso_8.0.0/workspace/lpc_chip_15xx/Debug/liblpc_chip_15xx.a(clock_15xx.o)
 .text.Chip_Clock_GetPLLFreq
                0x0000000000000d50       0x28 /Users/nguyenluong/Documents/LPCXpresso_8.0.0/workspace/lpc_chip_15xx/Debug/liblpc_chip_15xx.a(clock_15xx.o)
 .text.Chip_Clock_GetPLLInClockRate
                0x0000000000000d78       0x38 /Users/nguyenluong/Documents/LPCXpresso_8.0.0/workspace/lpc_chip_15xx/Debug/liblpc_chip_15xx.a(clock_15xx.o)
 .text.Chip_Clock_GetSystemPLLInClockRate
                0x0000000000000db0       0x1c /Users/nguyenluong/Documents/LPCXpresso_8.0.0/workspace/lpc_chip_15xx/Debug/liblpc_chip_15xx.a(clock_15xx.o)
                0x0000000000000db0                Chip_Clock_GetSystemPLLInClockRate
 .text.Chip_Clock_GetSystemPLLOutClockRate
                0x0000000000000dcc       0x24 /Users/nguyenluong/Documents/LPCXpresso_8.0.0/workspace/lpc_chip_15xx/Debug/liblpc_chip_15xx.a(clock_15xx.o)
                0x0000000000000dcc                Chip_Clock_GetSystemPLLOutClockRate
 .text.Chip_Clock_GetMain_A_ClockRate
                0x0000000000000df0       0x44 /Users/nguyenluong/Documents/LPCXpresso_8.0.0/workspace/lpc_chip_15xx/Debug/liblpc_chip_15xx.a(clock_15xx.o)
                0x0000000000000df0                Chip_Clock_GetMain_A_ClockRate
 .text.Chip_Clock_GetMain_B_ClockRate
                0x0000000000000e34       0x58 /Users/nguyenluong/Documents/LPCXpresso_8.0.0/workspace/lpc_chip_15xx/Debug/liblpc_chip_15xx.a(clock_15xx.o)
                0x0000000000000e34                Chip_Clock_GetMain_B_ClockRate
 .text.Chip_Clock_SetMainClockSource
                0x0000000000000e8c       0x3c /Users/nguyenluong/Documents/LPCXpresso_8.0.0/workspace/lpc_chip_15xx/Debug/liblpc_chip_15xx.a(clock_15xx.o)
                0x0000000000000e8c                Chip_Clock_SetMainClockSource
 .text.Chip_Clock_GetMainClockRate
                0x0000000000000ec8       0x28 /Users/nguyenluong/Documents/LPCXpresso_8.0.0/workspace/lpc_chip_15xx/Debug/liblpc_chip_15xx.a(clock_15xx.o)
                0x0000000000000ec8                Chip_Clock_GetMainClockRate
 .text.Chip_Clock_EnablePeriphClock
                0x0000000000000ef0       0x54 /Users/nguyenluong/Documents/LPCXpresso_8.0.0/workspace/lpc_chip_15xx/Debug/liblpc_chip_15xx.a(clock_15xx.o)
                0x0000000000000ef0                Chip_Clock_EnablePeriphClock
 .text.Chip_Clock_GetUARTBaseClockRate
                0x0000000000000f44       0x88 /Users/nguyenluong/Documents/LPCXpresso_8.0.0/workspace/lpc_chip_15xx/Debug/liblpc_chip_15xx.a(clock_15xx.o)
                0x0000000000000f44                Chip_Clock_GetUARTBaseClockRate
 .text.Chip_Clock_SetUARTBaseClockRate
                0x0000000000000fcc       0xa0 /Users/nguyenluong/Documents/LPCXpresso_8.0.0/workspace/lpc_chip_15xx/Debug/liblpc_chip_15xx.a(clock_15xx.o)
                0x0000000000000fcc                Chip_Clock_SetUARTBaseClockRate
 .text.Chip_Clock_GetSystemClockRate
                0x000000000000106c       0x1c /Users/nguyenluong/Documents/LPCXpresso_8.0.0/workspace/lpc_chip_15xx/Debug/liblpc_chip_15xx.a(clock_15xx.o)
                0x000000000000106c                Chip_Clock_GetSystemClockRate
 .text.Chip_SYSCTL_PeriphReset
                0x0000000000001088       0x20 /Users/nguyenluong/Documents/LPCXpresso_8.0.0/workspace/lpc_chip_15xx/Debug/liblpc_chip_15xx.a(gpio_15xx.o)
 .text.Chip_GPIO_Init
                0x00000000000010a8       0x2c /Users/nguyenluong/Documents/LPCXpresso_8.0.0/workspace/lpc_chip_15xx/Debug/liblpc_chip_15xx.a(gpio_15xx.o)
                0x00000000000010a8                Chip_GPIO_Init
 .text.Chip_SYSCTL_PeriphReset
                0x00000000000010d4       0x20 /Users/nguyenluong/Documents/LPCXpresso_8.0.0/workspace/lpc_chip_15xx/Debug/liblpc_chip_15xx.a(i2c_common_15xx.o)
 .text.Chip_I2C_Init
                0x00000000000010f4       0x1c /Users/nguyenluong/Documents/LPCXpresso_8.0.0/workspace/lpc_chip_15xx/Debug/liblpc_chip_15xx.a(i2c_common_15xx.o)
                0x00000000000010f4                Chip_I2C_Init
 .text.Chip_I2C_GetClockDiv
                0x0000000000001110       0x1c /Users/nguyenluong/Documents/LPCXpresso_8.0.0/workspace/lpc_chip_15xx/Debug/liblpc_chip_15xx.a(i2cm_15xx.o)
 .text.Chip_I2CM_SetDutyCycle
                0x000000000000112c       0x34 /Users/nguyenluong/Documents/LPCXpresso_8.0.0/workspace/lpc_chip_15xx/Debug/liblpc_chip_15xx.a(i2cm_15xx.o)
 .text.Chip_I2CM_GetStatus
                0x0000000000001160       0x18 /Users/nguyenluong/Documents/LPCXpresso_8.0.0/workspace/lpc_chip_15xx/Debug/liblpc_chip_15xx.a(i2cm_15xx.o)
 .text.Chip_I2CM_ClearStatus
                0x0000000000001178       0x20 /Users/nguyenluong/Documents/LPCXpresso_8.0.0/workspace/lpc_chip_15xx/Debug/liblpc_chip_15xx.a(i2cm_15xx.o)
 .text.Chip_I2CM_IsMasterPending
                0x0000000000001198       0x28 /Users/nguyenluong/Documents/LPCXpresso_8.0.0/workspace/lpc_chip_15xx/Debug/liblpc_chip_15xx.a(i2cm_15xx.o)
 .text.Chip_I2CM_GetMasterState
                0x00000000000011c0       0x20 /Users/nguyenluong/Documents/LPCXpresso_8.0.0/workspace/lpc_chip_15xx/Debug/liblpc_chip_15xx.a(i2cm_15xx.o)
 .text.Chip_I2CM_SendStart
                0x00000000000011e0       0x18 /Users/nguyenluong/Documents/LPCXpresso_8.0.0/workspace/lpc_chip_15xx/Debug/liblpc_chip_15xx.a(i2cm_15xx.o)
 .text.Chip_I2CM_SendStop
                0x00000000000011f8       0x18 /Users/nguyenluong/Documents/LPCXpresso_8.0.0/workspace/lpc_chip_15xx/Debug/liblpc_chip_15xx.a(i2cm_15xx.o)
 .text.Chip_I2CM_MasterContinue
                0x0000000000001210       0x18 /Users/nguyenluong/Documents/LPCXpresso_8.0.0/workspace/lpc_chip_15xx/Debug/liblpc_chip_15xx.a(i2cm_15xx.o)
 .text.Chip_I2CM_WriteByte
                0x0000000000001228       0x1c /Users/nguyenluong/Documents/LPCXpresso_8.0.0/workspace/lpc_chip_15xx/Debug/liblpc_chip_15xx.a(i2cm_15xx.o)
 .text.Chip_I2CM_SetBusSpeed
                0x0000000000001244       0x48 /Users/nguyenluong/Documents/LPCXpresso_8.0.0/workspace/lpc_chip_15xx/Debug/liblpc_chip_15xx.a(i2cm_15xx.o)
                0x0000000000001244                Chip_I2CM_SetBusSpeed
 .text.Chip_I2CM_XferHandler
                0x000000000000128c      0x160 /Users/nguyenluong/Documents/LPCXpresso_8.0.0/workspace/lpc_chip_15xx/Debug/liblpc_chip_15xx.a(i2cm_15xx.o)
                0x000000000000128c                Chip_I2CM_XferHandler
 .text.Chip_I2CM_Xfer
                0x00000000000013ec       0x4c /Users/nguyenluong/Documents/LPCXpresso_8.0.0/workspace/lpc_chip_15xx/Debug/liblpc_chip_15xx.a(i2cm_15xx.o)
                0x00000000000013ec                Chip_I2CM_Xfer
 .text.Chip_I2CM_XferBlocking
                0x0000000000001438       0x48 /Users/nguyenluong/Documents/LPCXpresso_8.0.0/workspace/lpc_chip_15xx/Debug/liblpc_chip_15xx.a(i2cm_15xx.o)
                0x0000000000001438                Chip_I2CM_XferBlocking
 .text.Chip_IOCON_PinMuxSet
                0x0000000000001480       0x2c /Users/nguyenluong/Documents/LPCXpresso_8.0.0/workspace/lpc_chip_15xx/Debug/liblpc_chip_15xx.a(iocon_15xx.o)
 .text.Chip_IOCON_SetPinMuxing
                0x00000000000014ac       0x4c /Users/nguyenluong/Documents/LPCXpresso_8.0.0/workspace/lpc_chip_15xx/Debug/liblpc_chip_15xx.a(iocon_15xx.o)
                0x00000000000014ac                Chip_IOCON_SetPinMuxing
 .text.Chip_SWM_MovablePinAssign
                0x00000000000014f8       0x5c /Users/nguyenluong/Documents/LPCXpresso_8.0.0/workspace/lpc_chip_15xx/Debug/liblpc_chip_15xx.a(swm_15xx.o)
                0x00000000000014f8                Chip_SWM_MovablePinAssign
 .text.Chip_SWM_EnableFixedPin
                0x0000000000001554       0x48 /Users/nguyenluong/Documents/LPCXpresso_8.0.0/workspace/lpc_chip_15xx/Debug/liblpc_chip_15xx.a(swm_15xx.o)
                0x0000000000001554                Chip_SWM_EnableFixedPin
 .text.Chip_SYSCTL_AssertPeriphReset
                0x000000000000159c       0x48 /Users/nguyenluong/Documents/LPCXpresso_8.0.0/workspace/lpc_chip_15xx/Debug/liblpc_chip_15xx.a(sysctl_15xx.o)
                0x000000000000159c                Chip_SYSCTL_AssertPeriphReset
 .text.Chip_SYSCTL_DeassertPeriphReset
                0x00000000000015e4       0x4c /Users/nguyenluong/Documents/LPCXpresso_8.0.0/workspace/lpc_chip_15xx/Debug/liblpc_chip_15xx.a(sysctl_15xx.o)
                0x00000000000015e4                Chip_SYSCTL_DeassertPeriphReset
 .text.Chip_SYSCTL_PowerDown
                0x0000000000001630       0x40 /Users/nguyenluong/Documents/LPCXpresso_8.0.0/workspace/lpc_chip_15xx/Debug/liblpc_chip_15xx.a(sysctl_15xx.o)
                0x0000000000001630                Chip_SYSCTL_PowerDown
 .text.Chip_SYSCTL_PowerUp
                0x0000000000001670       0x40 /Users/nguyenluong/Documents/LPCXpresso_8.0.0/workspace/lpc_chip_15xx/Debug/liblpc_chip_15xx.a(sysctl_15xx.o)
                0x0000000000001670                Chip_SYSCTL_PowerUp
 .text.Chip_FMC_SetFLASHAccess
                0x00000000000016b0       0x38 /Users/nguyenluong/Documents/LPCXpresso_8.0.0/workspace/lpc_chip_15xx/Debug/liblpc_chip_15xx.a(sysinit_15xx.o)
 .text.Chip_Clock_SetSystemPLLSource
                0x00000000000016e8       0x20 /Users/nguyenluong/Documents/LPCXpresso_8.0.0/workspace/lpc_chip_15xx/Debug/liblpc_chip_15xx.a(sysinit_15xx.o)
 .text.Chip_Clock_SetupSystemPLL
                0x0000000000001708       0x34 /Users/nguyenluong/Documents/LPCXpresso_8.0.0/workspace/lpc_chip_15xx/Debug/liblpc_chip_15xx.a(sysinit_15xx.o)
 .text.Chip_Clock_IsSystemPLLLocked
                0x000000000000173c       0x28 /Users/nguyenluong/Documents/LPCXpresso_8.0.0/workspace/lpc_chip_15xx/Debug/liblpc_chip_15xx.a(sysinit_15xx.o)
 .text.Chip_Clock_SetSysClockDiv
                0x0000000000001764       0x20 /Users/nguyenluong/Documents/LPCXpresso_8.0.0/workspace/lpc_chip_15xx/Debug/liblpc_chip_15xx.a(sysinit_15xx.o)
 .text.Chip_SetupXtalClocking
                0x0000000000001784       0x6c /Users/nguyenluong/Documents/LPCXpresso_8.0.0/workspace/lpc_chip_15xx/Debug/liblpc_chip_15xx.a(sysinit_15xx.o)
                0x0000000000001784                Chip_SetupXtalClocking
 .text.Chip_SYSCTL_PeriphReset
                0x00000000000017f0       0x20 /Users/nguyenluong/Documents/LPCXpresso_8.0.0/workspace/lpc_chip_15xx/Debug/liblpc_chip_15xx.a(uart_15xx.o)
 .text.getUARTClockID
                0x0000000000001810       0x38 /Users/nguyenluong/Documents/LPCXpresso_8.0.0/workspace/lpc_chip_15xx/Debug/liblpc_chip_15xx.a(uart_15xx.o)
 .text.Chip_UART_Init
                0x0000000000001848       0x4c /Users/nguyenluong/Documents/LPCXpresso_8.0.0/workspace/lpc_chip_15xx/Debug/liblpc_chip_15xx.a(uart_15xx.o)
                0x0000000000001848                Chip_UART_Init
 .text.Chip_UART_SetBaud
                0x0000000000001894       0x28 /Users/nguyenluong/Documents/LPCXpresso_8.0.0/workspace/lpc_chip_15xx/Debug/liblpc_chip_15xx.a(uart_15xx.o)
                0x0000000000001894                Chip_UART_SetBaud
 .text          0x00000000000018bc      0x370 /Applications/lpcxpresso_8.0.0_526/lpcxpresso/tools/bin/../lib/gcc/arm-none-eabi/4.9.3/armv7-m/libgcc.a(_arm_addsubdf3.o)
                0x00000000000018bc                __aeabi_drsub
                0x00000000000018c4                __subdf3
                0x00000000000018c4                __aeabi_dsub
                0x00000000000018c8                __aeabi_dadd
                0x00000000000018c8                __adddf3
                0x0000000000001b40                __aeabi_ui2d
                0x0000000000001b40                __floatunsidf
                0x0000000000001b60                __floatsidf
                0x0000000000001b60                __aeabi_i2d
                0x0000000000001b84                __extendsfdf2
                0x0000000000001b84                __aeabi_f2d
                0x0000000000001bc0                __aeabi_ul2d
                0x0000000000001bc0                __floatundidf
                0x0000000000001bd0                __aeabi_l2d
                0x0000000000001bd0                __floatdidf
 .text          0x0000000000001c2c      0x21c /Applications/lpcxpresso_8.0.0_526/lpcxpresso/tools/bin/../lib/gcc/arm-none-eabi/4.9.3/armv7-m/libgcc.a(_arm_addsubsf3.o)
                0x0000000000001c2c                __aeabi_frsub
                0x0000000000001c34                __aeabi_fsub
                0x0000000000001c34                __subsf3
                0x0000000000001c38                __aeabi_fadd
                0x0000000000001c38                __addsf3
                0x0000000000001d98                __aeabi_ui2f
                0x0000000000001d98                __floatunsisf
                0x0000000000001da0                __floatsisf
                0x0000000000001da0                __aeabi_i2f
                0x0000000000001dbc                __aeabi_ul2f
                0x0000000000001dbc                __floatundisf
                0x0000000000001dcc                __aeabi_l2f
                0x0000000000001dcc                __floatdisf
 .text          0x0000000000001e48      0x2a0 /Applications/lpcxpresso_8.0.0_526/lpcxpresso/tools/bin/../lib/gcc/arm-none-eabi/4.9.3/armv7-m/libgcc.a(_arm_muldivsf3.o)
                0x0000000000001e48                __mulsf3
                0x0000000000001e48                __aeabi_fmul
                0x0000000000001fb0                __divsf3
                0x0000000000001fb0                __aeabi_fdiv
 .text          0x00000000000020e8       0x30 /Applications/lpcxpresso_8.0.0_526/lpcxpresso/tools/bin/../lib/gcc/arm-none-eabi/4.9.3/armv7-m/libgcc.a(_aeabi_uldivmod.o)
                0x00000000000020e8                __aeabi_uldivmod
 .text          0x0000000000002118       0x60 /Applications/lpcxpresso_8.0.0_526/lpcxpresso/tools/bin/../lib/gcc/arm-none-eabi/4.9.3/armv7-m/libgcc.a(bpabi.o)
                0x0000000000002118                __gnu_ldivmod_helper
                0x0000000000002148                __gnu_uldivmod_helper
 .text          0x0000000000002178        0x4 /Applications/lpcxpresso_8.0.0_526/lpcxpresso/tools/bin/../lib/gcc/arm-none-eabi/4.9.3/armv7-m/libgcc.a(_dvmd_tls.o)
                0x0000000000002178                __aeabi_ldiv0
                0x0000000000002178                __aeabi_idiv0
 .text          0x000000000000217c      0x2ac /Applications/lpcxpresso_8.0.0_526/lpcxpresso/tools/bin/../lib/gcc/arm-none-eabi/4.9.3/armv7-m/libgcc.a(_divdi3.o)
                0x000000000000217c                __divdi3
 .text          0x0000000000002428      0x270 /Applications/lpcxpresso_8.0.0_526/lpcxpresso/tools/bin/../lib/gcc/arm-none-eabi/4.9.3/armv7-m/libgcc.a(_udivdi3.o)
                0x0000000000002428                __udivdi3
 .text.__libc_init_array
                0x0000000000002698       0x50 /Applications/lpcxpresso_8.0.0_526/lpcxpresso/tools/bin/../lib/gcc/arm-none-eabi/4.9.3/../../../../arm-none-eabi/lib/armv7-m/libc.a(lib_a-init.o)
                0x0000000000002698                __libc_init_array
 .text.free     0x00000000000026e8       0x10 /Applications/lpcxpresso_8.0.0_526/lpcxpresso/tools/bin/../lib/gcc/arm-none-eabi/4.9.3/../../../../arm-none-eabi/lib/armv7-m/libc.a(lib_a-malloc.o)
                0x00000000000026e8                free
 .text._malloc_r
                0x00000000000026f8      0x50c /Applications/lpcxpresso_8.0.0_526/lpcxpresso/tools/bin/../lib/gcc/arm-none-eabi/4.9.3/../../../../arm-none-eabi/lib/armv7-m/libc.a(lib_a-mallocr.o)
                0x00000000000026f8                _malloc_r
 .text          0x0000000000002c04       0xec /Applications/lpcxpresso_8.0.0_526/lpcxpresso/tools/bin/../lib/gcc/arm-none-eabi/4.9.3/../../../../arm-none-eabi/lib/armv7-m/libc.a(lib_a-memcpy.o)
                0x0000000000002c04                memcpy
 .text.__malloc_lock
                0x0000000000002cf0        0x4 /Applications/lpcxpresso_8.0.0_526/lpcxpresso/tools/bin/../lib/gcc/arm-none-eabi/4.9.3/../../../../arm-none-eabi/lib/armv7-m/libc.a(lib_a-mlock.o)
                0x0000000000002cf0                __malloc_lock
 .text.__malloc_unlock
                0x0000000000002cf4        0x4 /Applications/lpcxpresso_8.0.0_526/lpcxpresso/tools/bin/../lib/gcc/arm-none-eabi/4.9.3/../../../../arm-none-eabi/lib/armv7-m/libc.a(lib_a-mlock.o)
                0x0000000000002cf4                __malloc_unlock
 .text.printf   0x0000000000002cf8       0x28 /Applications/lpcxpresso_8.0.0_526/lpcxpresso/tools/bin/../lib/gcc/arm-none-eabi/4.9.3/../../../../arm-none-eabi/lib/armv7-m/libc.a(lib_a-printf.o)
                0x0000000000002cf8                printf
 .text._sbrk_r  0x0000000000002d20       0x24 /Applications/lpcxpresso_8.0.0_526/lpcxpresso/tools/bin/../lib/gcc/arm-none-eabi/4.9.3/../../../../arm-none-eabi/lib/armv7-m/libc.a(lib_a-sbrkr.o)
                0x0000000000002d20                _sbrk_r
 .text._vfprintf_r
                0x0000000000002d44     0x1448 /Applications/lpcxpresso_8.0.0_526/lpcxpresso/tools/bin/../lib/gcc/arm-none-eabi/4.9.3/../../../../arm-none-eabi/lib/armv7-m/libc.a(lib_a-vfprintf.o)
                0x0000000000002d44                _vfprintf_r
 .text.__sbprintf
                0x000000000000418c       0x7c /Applications/lpcxpresso_8.0.0_526/lpcxpresso/tools/bin/../lib/gcc/arm-none-eabi/4.9.3/../../../../arm-none-eabi/lib/armv7-m/libc.a(lib_a-vfprintf.o)
 .text.__swsetup_r
                0x0000000000004208       0xc4 /Applications/lpcxpresso_8.0.0_526/lpcxpresso/tools/bin/../lib/gcc/arm-none-eabi/4.9.3/../../../../arm-none-eabi/lib/armv7-m/libc.a(lib_a-wsetup.o)
                0x0000000000004208                __swsetup_r
 .text.quorem   0x00000000000042cc      0x130 /Applications/lpcxpresso_8.0.0_526/lpcxpresso/tools/bin/../lib/gcc/arm-none-eabi/4.9.3/../../../../arm-none-eabi/lib/armv7-m/libc.a(lib_a-dtoa.o)
 *fill*         0x00000000000043fc        0x4 
 .text._dtoa_r  0x0000000000004400      0xea4 /Applications/lpcxpresso_8.0.0_526/lpcxpresso/tools/bin/../lib/gcc/arm-none-eabi/4.9.3/../../../../arm-none-eabi/lib/armv7-m/libc.a(lib_a-dtoa.o)
                0x0000000000004400                _dtoa_r
 .text.__sflush_r
                0x00000000000052a4      0x148 /Applications/lpcxpresso_8.0.0_526/lpcxpresso/tools/bin/../lib/gcc/arm-none-eabi/4.9.3/../../../../arm-none-eabi/lib/armv7-m/libc.a(lib_a-fflush.o)
                0x00000000000052a4                __sflush_r
 .text._fflush_r
                0x00000000000053ec       0x2c /Applications/lpcxpresso_8.0.0_526/lpcxpresso/tools/bin/../lib/gcc/arm-none-eabi/4.9.3/../../../../arm-none-eabi/lib/armv7-m/libc.a(lib_a-fflush.o)
                0x00000000000053ec                _fflush_r
 .text._cleanup_r
                0x0000000000005418        0xc /Applications/lpcxpresso_8.0.0_526/lpcxpresso/tools/bin/../lib/gcc/arm-none-eabi/4.9.3/../../../../arm-none-eabi/lib/armv7-m/libc.a(lib_a-findfp.o)
                0x0000000000005418                _cleanup_r
 .text.__sinit.part.1
                0x0000000000005424       0xf0 /Applications/lpcxpresso_8.0.0_526/lpcxpresso/tools/bin/../lib/gcc/arm-none-eabi/4.9.3/../../../../arm-none-eabi/lib/armv7-m/libc.a(lib_a-findfp.o)
 .text.__sinit  0x0000000000005514        0xc /Applications/lpcxpresso_8.0.0_526/lpcxpresso/tools/bin/../lib/gcc/arm-none-eabi/4.9.3/../../../../arm-none-eabi/lib/armv7-m/libc.a(lib_a-findfp.o)
                0x0000000000005514                __sinit
 .text.__sfp_lock_acquire
                0x0000000000005520        0x4 /Applications/lpcxpresso_8.0.0_526/lpcxpresso/tools/bin/../lib/gcc/arm-none-eabi/4.9.3/../../../../arm-none-eabi/lib/armv7-m/libc.a(lib_a-findfp.o)
                0x0000000000005520                __sfp_lock_acquire
 .text.__sfp_lock_release
                0x0000000000005524        0x4 /Applications/lpcxpresso_8.0.0_526/lpcxpresso/tools/bin/../lib/gcc/arm-none-eabi/4.9.3/../../../../arm-none-eabi/lib/armv7-m/libc.a(lib_a-findfp.o)
                0x0000000000005524                __sfp_lock_release
 .text._malloc_trim_r
                0x0000000000005528       0x9c /Applications/lpcxpresso_8.0.0_526/lpcxpresso/tools/bin/../lib/gcc/arm-none-eabi/4.9.3/../../../../arm-none-eabi/lib/armv7-m/libc.a(lib_a-freer.o)
                0x0000000000005528                _malloc_trim_r
 .text._free_r  0x00000000000055c4      0x1b0 /Applications/lpcxpresso_8.0.0_526/lpcxpresso/tools/bin/../lib/gcc/arm-none-eabi/4.9.3/../../../../arm-none-eabi/lib/armv7-m/libc.a(lib_a-freer.o)
                0x00000000000055c4                _free_r
 .text._fwalk_reent
                0x0000000000005774       0x50 /Applications/lpcxpresso_8.0.0_526/lpcxpresso/tools/bin/../lib/gcc/arm-none-eabi/4.9.3/../../../../arm-none-eabi/lib/armv7-m/libc.a(lib_a-fwalk.o)
                0x0000000000005774                _fwalk_reent
 .text.__locale_charset
                0x00000000000057c4        0x8 /Applications/lpcxpresso_8.0.0_526/lpcxpresso/tools/bin/../lib/gcc/arm-none-eabi/4.9.3/../../../../arm-none-eabi/lib/armv7-m/libc.a(lib_a-locale.o)
                0x00000000000057c4                __locale_charset
 .text.__locale_mb_cur_max
                0x00000000000057cc        0xc /Applications/lpcxpresso_8.0.0_526/lpcxpresso/tools/bin/../lib/gcc/arm-none-eabi/4.9.3/../../../../arm-none-eabi/lib/armv7-m/libc.a(lib_a-locale.o)
                0x00000000000057cc                __locale_mb_cur_max
 .text._localeconv_r
                0x00000000000057d8        0x8 /Applications/lpcxpresso_8.0.0_526/lpcxpresso/tools/bin/../lib/gcc/arm-none-eabi/4.9.3/../../../../arm-none-eabi/lib/armv7-m/libc.a(lib_a-locale.o)
                0x00000000000057d8                _localeconv_r
 .text.__smakebuf_r
                0x00000000000057e0       0xe0 /Applications/lpcxpresso_8.0.0_526/lpcxpresso/tools/bin/../lib/gcc/arm-none-eabi/4.9.3/../../../../arm-none-eabi/lib/armv7-m/libc.a(lib_a-makebuf.o)
                0x00000000000057e0                __smakebuf_r
 .text.memchr   0x00000000000058c0       0x94 /Applications/lpcxpresso_8.0.0_526/lpcxpresso/tools/bin/../lib/gcc/arm-none-eabi/4.9.3/../../../../arm-none-eabi/lib/armv7-m/libc.a(lib_a-memchr.o)
                0x00000000000058c0                memchr
 .text.memset   0x0000000000005954       0x9c /Applications/lpcxpresso_8.0.0_526/lpcxpresso/tools/bin/../lib/gcc/arm-none-eabi/4.9.3/../../../../arm-none-eabi/lib/armv7-m/libc.a(lib_a-memset.o)
                0x0000000000005954                memset
 .text._Balloc  0x00000000000059f0       0x50 /Applications/lpcxpresso_8.0.0_526/lpcxpresso/tools/bin/../lib/gcc/arm-none-eabi/4.9.3/../../../../arm-none-eabi/lib/armv7-m/libc.a(lib_a-mprec.o)
                0x00000000000059f0                _Balloc
 .text._Bfree   0x0000000000005a40       0x14 /Applications/lpcxpresso_8.0.0_526/lpcxpresso/tools/bin/../lib/gcc/arm-none-eabi/4.9.3/../../../../arm-none-eabi/lib/armv7-m/libc.a(lib_a-mprec.o)
                0x0000000000005a40                _Bfree
 .text.__multadd
                0x0000000000005a54       0x84 /Applications/lpcxpresso_8.0.0_526/lpcxpresso/tools/bin/../lib/gcc/arm-none-eabi/4.9.3/../../../../arm-none-eabi/lib/armv7-m/libc.a(lib_a-mprec.o)
                0x0000000000005a54                __multadd
 .text.__hi0bits
                0x0000000000005ad8       0x40 /Applications/lpcxpresso_8.0.0_526/lpcxpresso/tools/bin/../lib/gcc/arm-none-eabi/4.9.3/../../../../arm-none-eabi/lib/armv7-m/libc.a(lib_a-mprec.o)
                0x0000000000005ad8                __hi0bits
 .text.__lo0bits
                0x0000000000005b18       0x5c /Applications/lpcxpresso_8.0.0_526/lpcxpresso/tools/bin/../lib/gcc/arm-none-eabi/4.9.3/../../../../arm-none-eabi/lib/armv7-m/libc.a(lib_a-mprec.o)
                0x0000000000005b18                __lo0bits
 .text.__i2b    0x0000000000005b74       0x14 /Applications/lpcxpresso_8.0.0_526/lpcxpresso/tools/bin/../lib/gcc/arm-none-eabi/4.9.3/../../../../arm-none-eabi/lib/armv7-m/libc.a(lib_a-mprec.o)
                0x0000000000005b74                __i2b
 .text.__multiply
                0x0000000000005b88      0x140 /Applications/lpcxpresso_8.0.0_526/lpcxpresso/tools/bin/../lib/gcc/arm-none-eabi/4.9.3/../../../../arm-none-eabi/lib/armv7-m/libc.a(lib_a-mprec.o)
                0x0000000000005b88                __multiply
 .text.__pow5mult
                0x0000000000005cc8       0xa0 /Applications/lpcxpresso_8.0.0_526/lpcxpresso/tools/bin/../lib/gcc/arm-none-eabi/4.9.3/../../../../arm-none-eabi/lib/armv7-m/libc.a(lib_a-mprec.o)
                0x0000000000005cc8                __pow5mult
 .text.__lshift
                0x0000000000005d68       0xb0 /Applications/lpcxpresso_8.0.0_526/lpcxpresso/tools/bin/../lib/gcc/arm-none-eabi/4.9.3/../../../../arm-none-eabi/lib/armv7-m/libc.a(lib_a-mprec.o)
                0x0000000000005d68                __lshift
 .text.__mcmp   0x0000000000005e18       0x48 /Applications/lpcxpresso_8.0.0_526/lpcxpresso/tools/bin/../lib/gcc/arm-none-eabi/4.9.3/../../../../arm-none-eabi/lib/armv7-m/libc.a(lib_a-mprec.o)
                0x0000000000005e18                __mcmp
 .text.__mdiff  0x0000000000005e60       0xe4 /Applications/lpcxpresso_8.0.0_526/lpcxpresso/tools/bin/../lib/gcc/arm-none-eabi/4.9.3/../../../../arm-none-eabi/lib/armv7-m/libc.a(lib_a-mprec.o)
                0x0000000000005e60                __mdiff
 .text.__d2b    0x0000000000005f44       0xa8 /Applications/lpcxpresso_8.0.0_526/lpcxpresso/tools/bin/../lib/gcc/arm-none-eabi/4.9.3/../../../../arm-none-eabi/lib/armv7-m/libc.a(lib_a-mprec.o)
                0x0000000000005f44                __d2b
 .text.__fpclassifyd
                0x0000000000005fec       0x58 /Applications/lpcxpresso_8.0.0_526/lpcxpresso/tools/bin/../lib/gcc/arm-none-eabi/4.9.3/../../../../arm-none-eabi/lib/armv7-m/libc.a(lib_a-s_fpclassify.o)
                0x0000000000005fec                __fpclassifyd
 .text.__sread  0x0000000000006044       0x24 /Applications/lpcxpresso_8.0.0_526/lpcxpresso/tools/bin/../lib/gcc/arm-none-eabi/4.9.3/../../../../arm-none-eabi/lib/armv7-m/libc.a(lib_a-stdio.o)
                0x0000000000006044                __sread
 .text.__swrite
                0x0000000000006068       0x38 /Applications/lpcxpresso_8.0.0_526/lpcxpresso/tools/bin/../lib/gcc/arm-none-eabi/4.9.3/../../../../arm-none-eabi/lib/armv7-m/libc.a(lib_a-stdio.o)
                0x0000000000006068                __swrite
 .text.__sseek  0x00000000000060a0       0x20 /Applications/lpcxpresso_8.0.0_526/lpcxpresso/tools/bin/../lib/gcc/arm-none-eabi/4.9.3/../../../../arm-none-eabi/lib/armv7-m/libc.a(lib_a-stdio.o)
                0x00000000000060a0                __sseek
 .text.__sclose
                0x00000000000060c0        0x8 /Applications/lpcxpresso_8.0.0_526/lpcxpresso/tools/bin/../lib/gcc/arm-none-eabi/4.9.3/../../../../arm-none-eabi/lib/armv7-m/libc.a(lib_a-stdio.o)
                0x00000000000060c0                __sclose
 .text.strlen   0x00000000000060c8       0x5c /Applications/lpcxpresso_8.0.0_526/lpcxpresso/tools/bin/../lib/gcc/arm-none-eabi/4.9.3/../../../../arm-none-eabi/lib/armv7-m/libc.a(lib_a-strlen.o)
                0x00000000000060c8                strlen
 .text.__sprint_r.part.0
                0x0000000000006124       0x78 /Applications/lpcxpresso_8.0.0_526/lpcxpresso/tools/bin/../lib/gcc/arm-none-eabi/4.9.3/../../../../arm-none-eabi/lib/armv7-m/libc.a(lib_a-vfiprintf.o)
 .text.__sprint_r
                0x000000000000619c       0x18 /Applications/lpcxpresso_8.0.0_526/lpcxpresso/tools/bin/../lib/gcc/arm-none-eabi/4.9.3/../../../../arm-none-eabi/lib/armv7-m/libc.a(lib_a-vfiprintf.o)
                0x000000000000619c                __sprint_r
 .text._write_r
                0x00000000000061b4       0x28 /Applications/lpcxpresso_8.0.0_526/lpcxpresso/tools/bin/../lib/gcc/arm-none-eabi/4.9.3/../../../../arm-none-eabi/lib/armv7-m/libc.a(lib_a-writer.o)
                0x00000000000061b4                _write_r
 .text._calloc_r
                0x00000000000061dc       0x60 /Applications/lpcxpresso_8.0.0_526/lpcxpresso/tools/bin/../lib/gcc/arm-none-eabi/4.9.3/../../../../arm-none-eabi/lib/armv7-m/libc.a(lib_a-callocr.o)
                0x00000000000061dc                _calloc_r
 .text._close_r
                0x000000000000623c       0x24 /Applications/lpcxpresso_8.0.0_526/lpcxpresso/tools/bin/../lib/gcc/arm-none-eabi/4.9.3/../../../../arm-none-eabi/lib/armv7-m/libc.a(lib_a-closer.o)
                0x000000000000623c                _close_r
 .text._fclose_r
                0x0000000000006260       0x84 /Applications/lpcxpresso_8.0.0_526/lpcxpresso/tools/bin/../lib/gcc/arm-none-eabi/4.9.3/../../../../arm-none-eabi/lib/armv7-m/libc.a(lib_a-fclose.o)
                0x0000000000006260                _fclose_r
 .text.__fputwc
                0x00000000000062e4       0xb0 /Applications/lpcxpresso_8.0.0_526/lpcxpresso/tools/bin/../lib/gcc/arm-none-eabi/4.9.3/../../../../arm-none-eabi/lib/armv7-m/libc.a(lib_a-fputwc.o)
                0x00000000000062e4                __fputwc
 .text._fputwc_r
                0x0000000000006394       0x24 /Applications/lpcxpresso_8.0.0_526/lpcxpresso/tools/bin/../lib/gcc/arm-none-eabi/4.9.3/../../../../arm-none-eabi/lib/armv7-m/libc.a(lib_a-fputwc.o)
                0x0000000000006394                _fputwc_r
 .text._fstat_r
                0x00000000000063b8       0x28 /Applications/lpcxpresso_8.0.0_526/lpcxpresso/tools/bin/../lib/gcc/arm-none-eabi/4.9.3/../../../../arm-none-eabi/lib/armv7-m/libc.a(lib_a-fstatr.o)
                0x00000000000063b8                _fstat_r
 .text.__sfvwrite_r
                0x00000000000063e0      0x320 /Applications/lpcxpresso_8.0.0_526/lpcxpresso/tools/bin/../lib/gcc/arm-none-eabi/4.9.3/../../../../arm-none-eabi/lib/armv7-m/libc.a(lib_a-fvwrite.o)
                0x00000000000063e0                __sfvwrite_r
 .text._isatty_r
                0x0000000000006700       0x24 /Applications/lpcxpresso_8.0.0_526/lpcxpresso/tools/bin/../lib/gcc/arm-none-eabi/4.9.3/../../../../arm-none-eabi/lib/armv7-m/libc.a(lib_a-isattyr.o)
                0x0000000000006700                _isatty_r
 .text._lseek_r
                0x0000000000006724       0x28 /Applications/lpcxpresso_8.0.0_526/lpcxpresso/tools/bin/../lib/gcc/arm-none-eabi/4.9.3/../../../../arm-none-eabi/lib/armv7-m/libc.a(lib_a-lseekr.o)
                0x0000000000006724                _lseek_r
 .text.memmove  0x000000000000674c       0xc8 /Applications/lpcxpresso_8.0.0_526/lpcxpresso/tools/bin/../lib/gcc/arm-none-eabi/4.9.3/../../../../arm-none-eabi/lib/armv7-m/libc.a(lib_a-memmove.o)
                0x000000000000674c                memmove
 .text._read_r  0x0000000000006814       0x28 /Applications/lpcxpresso_8.0.0_526/lpcxpresso/tools/bin/../lib/gcc/arm-none-eabi/4.9.3/../../../../arm-none-eabi/lib/armv7-m/libc.a(lib_a-readr.o)
                0x0000000000006814                _read_r
 .text._realloc_r
                0x000000000000683c      0x3e0 /Applications/lpcxpresso_8.0.0_526/lpcxpresso/tools/bin/../lib/gcc/arm-none-eabi/4.9.3/../../../../arm-none-eabi/lib/armv7-m/libc.a(lib_a-reallocr.o)
                0x000000000000683c                _realloc_r
 .text.__swbuf_r
                0x0000000000006c1c       0xa8 /Applications/lpcxpresso_8.0.0_526/lpcxpresso/tools/bin/../lib/gcc/arm-none-eabi/4.9.3/../../../../arm-none-eabi/lib/armv7-m/libc.a(lib_a-wbuf.o)
                0x0000000000006c1c                __swbuf_r
 .text._wcrtomb_r
                0x0000000000006cc4       0x54 /Applications/lpcxpresso_8.0.0_526/lpcxpresso/tools/bin/../lib/gcc/arm-none-eabi/4.9.3/../../../../arm-none-eabi/lib/armv7-m/libc.a(lib_a-wcrtomb.o)
                0x0000000000006cc4                _wcrtomb_r
 .text.__ascii_wctomb
                0x0000000000006d18       0x1c /Applications/lpcxpresso_8.0.0_526/lpcxpresso/tools/bin/../lib/gcc/arm-none-eabi/4.9.3/../../../../arm-none-eabi/lib/armv7-m/libc.a(lib_a-wctomb_r.o)
                0x0000000000006d18                __ascii_wctomb
 .text._sbrk    0x0000000000006d34       0x3c /Applications/lpcxpresso_8.0.0_526/lpcxpresso/tools/bin/../lib/gcc/arm-none-eabi/4.9.3/../../../../arm-none-eabi/lib/armv7-m/libcr_newlib_nohost.a(_cr_sbrk.o)
                0x0000000000006d34                _sbrk
 .text._close   0x0000000000006d70       0x10 /Applications/lpcxpresso_8.0.0_526/lpcxpresso/tools/bin/../lib/gcc/arm-none-eabi/4.9.3/../../../../arm-none-eabi/lib/armv7-m/libcr_newlib_nohost.a(close.o)
                0x0000000000006d70                _close
 .text._fstat   0x0000000000006d80       0x10 /Applications/lpcxpresso_8.0.0_526/lpcxpresso/tools/bin/../lib/gcc/arm-none-eabi/4.9.3/../../../../arm-none-eabi/lib/armv7-m/libcr_newlib_nohost.a(fstat.o)
                0x0000000000006d80                _fstat
 .text._isatty  0x0000000000006d90       0x10 /Applications/lpcxpresso_8.0.0_526/lpcxpresso/tools/bin/../lib/gcc/arm-none-eabi/4.9.3/../../../../arm-none-eabi/lib/armv7-m/libcr_newlib_nohost.a(isatty.o)
                0x0000000000006d90                _isatty
 .text._lseek   0x0000000000006da0       0x10 /Applications/lpcxpresso_8.0.0_526/lpcxpresso/tools/bin/../lib/gcc/arm-none-eabi/4.9.3/../../../../arm-none-eabi/lib/armv7-m/libcr_newlib_nohost.a(lseek.o)
                0x0000000000006da0                _lseek
 .text.__check_heap_overflow
                0x0000000000006db0       0x18 /Applications/lpcxpresso_8.0.0_526/lpcxpresso/tools/bin/../lib/gcc/arm-none-eabi/4.9.3/../../../../arm-none-eabi/lib/armv7-m/libcr_newlib_nohost.a(_cr_check_heap.o)
                0x0000000000006db0                __check_heap_overflow
 .text          0x0000000000006dc8       0x5c /Applications/lpcxpresso_8.0.0_526/lpcxpresso/tools/bin/../lib/gcc/arm-none-eabi/4.9.3/armv7-m/crtbegin.o
 .text          0x0000000000006e24      0x424 /Applications/lpcxpresso_8.0.0_526/lpcxpresso/tools/bin/../lib/gcc/arm-none-eabi/4.9.3/armv7-m/libgcc.a(_arm_muldivdf3.o)
                0x0000000000006e24                __aeabi_dmul
                0x0000000000006e24                __muldf3
                0x0000000000007078                __aeabi_ddiv
                0x0000000000007078                __divdf3
 .text          0x0000000000007248      0x110 /Applications/lpcxpresso_8.0.0_526/lpcxpresso/tools/bin/../lib/gcc/arm-none-eabi/4.9.3/armv7-m/libgcc.a(_arm_cmpdf2.o)
                0x0000000000007248                __gtdf2
                0x0000000000007248                __gedf2
                0x0000000000007250                __ltdf2
                0x0000000000007250                __ledf2
                0x0000000000007258                __eqdf2
                0x0000000000007258                __nedf2
                0x0000000000007258                __cmpdf2
                0x00000000000072d4                __aeabi_cdrcmple
                0x00000000000072e4                __aeabi_cdcmple
                0x00000000000072e4                __aeabi_cdcmpeq
                0x00000000000072f4                __aeabi_dcmpeq
                0x0000000000007308                __aeabi_dcmplt
                0x000000000000731c                __aeabi_dcmple
                0x0000000000007330                __aeabi_dcmpge
                0x0000000000007344                __aeabi_dcmpgt
 .text          0x0000000000007358       0x50 /Applications/lpcxpresso_8.0.0_526/lpcxpresso/tools/bin/../lib/gcc/arm-none-eabi/4.9.3/armv7-m/libgcc.a(_arm_fixdfsi.o)
                0x0000000000007358                __fixdfsi
                0x0000000000007358                __aeabi_d2iz
 .text.__errno  0x00000000000073a8        0xc /Applications/lpcxpresso_8.0.0_526/lpcxpresso/tools/bin/../lib/gcc/arm-none-eabi/4.9.3/../../../../arm-none-eabi/lib/armv7-m/libc.a(lib_a-errno.o)
                0x00000000000073a8                __errno
 *(.rodata .rodata.* .constdata .constdata.*)
 *fill*         0x00000000000073b4        0x4 
 .rodata._ZTV3I2C
                0x00000000000073b8       0x10 ./src/I2C.o
                0x00000000000073b8                vtable for I2C
 .rodata        0x00000000000073c8       0x49 ./src/sensor_HoneyWell.o
 *fill*         0x0000000000007411        0x3 
 .rodata.OscRateIn
                0x0000000000007414        0x4 /Users/nguyenluong/Documents/LPCXpresso_8.0.0/workspace/lpc_board_nxp_lpcxpresso_1549/Debug/liblpc_board_nxp_lpcxpresso_1549.a(board.o)
                0x0000000000007414                OscRateIn
 .rodata.RTCOscRateIn
                0x0000000000007418        0x4 /Users/nguyenluong/Documents/LPCXpresso_8.0.0/workspace/lpc_board_nxp_lpcxpresso_1549/Debug/liblpc_board_nxp_lpcxpresso_1549.a(board.o)
                0x0000000000007418                RTCOscRateIn
 .rodata.ledpins
                0x000000000000741c        0x3 /Users/nguyenluong/Documents/LPCXpresso_8.0.0/workspace/lpc_board_nxp_lpcxpresso_1549/Debug/liblpc_board_nxp_lpcxpresso_1549.a(board.o)
 *fill*         0x000000000000741f        0x1 
 .rodata.ledports
                0x0000000000007420        0x3 /Users/nguyenluong/Documents/LPCXpresso_8.0.0/workspace/lpc_board_nxp_lpcxpresso_1549/Debug/liblpc_board_nxp_lpcxpresso_1549.a(board.o)
 *fill*         0x0000000000007423        0x1 
 .rodata.ioconSetup
                0x0000000000007424       0x74 /Users/nguyenluong/Documents/LPCXpresso_8.0.0/workspace/lpc_board_nxp_lpcxpresso_1549/Debug/liblpc_board_nxp_lpcxpresso_1549.a(board_sysinit.o)
 .rodata.swmSetup
                0x0000000000007498        0x6 /Users/nguyenluong/Documents/LPCXpresso_8.0.0/workspace/lpc_board_nxp_lpcxpresso_1549/Debug/liblpc_board_nxp_lpcxpresso_1549.a(board_sysinit.o)
 *fill*         0x000000000000749e        0x2 
 .rodata.zeroes.6926
                0x00000000000074a0       0x10 /Applications/lpcxpresso_8.0.0_526/lpcxpresso/tools/bin/../lib/gcc/arm-none-eabi/4.9.3/../../../../arm-none-eabi/lib/armv7-m/libc.a(lib_a-vfprintf.o)
 .rodata.str1.4
                0x00000000000074b0       0x42 /Applications/lpcxpresso_8.0.0_526/lpcxpresso/tools/bin/../lib/gcc/arm-none-eabi/4.9.3/../../../../arm-none-eabi/lib/armv7-m/libc.a(lib_a-vfprintf.o)
 *fill*         0x00000000000074f2        0x2 
 .rodata.blanks.6925
                0x00000000000074f4       0x10 /Applications/lpcxpresso_8.0.0_526/lpcxpresso/tools/bin/../lib/gcc/arm-none-eabi/4.9.3/../../../../arm-none-eabi/lib/armv7-m/libc.a(lib_a-vfprintf.o)
 .rodata.str1.4
                0x0000000000007504       0x10 /Applications/lpcxpresso_8.0.0_526/lpcxpresso/tools/bin/../lib/gcc/arm-none-eabi/4.9.3/../../../../arm-none-eabi/lib/armv7-m/libc.a(lib_a-dtoa.o)
                                         0x12 (size before relaxing)
 .rodata.str1.4
                0x0000000000007514        0x2 /Applications/lpcxpresso_8.0.0_526/lpcxpresso/tools/bin/../lib/gcc/arm-none-eabi/4.9.3/../../../../arm-none-eabi/lib/armv7-m/libc.a(lib_a-impure.o)
 *fill*         0x0000000000007516        0x2 
 .rodata.str1.4
                0x0000000000007518        0xc /Applications/lpcxpresso_8.0.0_526/lpcxpresso/tools/bin/../lib/gcc/arm-none-eabi/4.9.3/../../../../arm-none-eabi/lib/armv7-m/libc.a(lib_a-locale.o)
                                         0x12 (size before relaxing)
 *fill*         0x0000000000007524        0x4 
 .rodata.__mprec_tens
                0x0000000000007528       0xc8 /Applications/lpcxpresso_8.0.0_526/lpcxpresso/tools/bin/../lib/gcc/arm-none-eabi/4.9.3/../../../../arm-none-eabi/lib/armv7-m/libc.a(lib_a-mprec.o)
                0x0000000000007528                __mprec_tens
 .rodata.p05.5302
                0x00000000000075f0        0xc /Applications/lpcxpresso_8.0.0_526/lpcxpresso/tools/bin/../lib/gcc/arm-none-eabi/4.9.3/../../../../arm-none-eabi/lib/armv7-m/libc.a(lib_a-mprec.o)
 *fill*         0x00000000000075fc        0x4 
 .rodata.__mprec_bigtens
                0x0000000000007600       0x28 /Applications/lpcxpresso_8.0.0_526/lpcxpresso/tools/bin/../lib/gcc/arm-none-eabi/4.9.3/../../../../arm-none-eabi/lib/armv7-m/libc.a(lib_a-mprec.o)
                0x0000000000007600                __mprec_bigtens
                0x0000000000007628                . = ALIGN (0x4)
                0x0000000000007628                . = ALIGN (0x4)
 *(.init)
 .init          0x0000000000007628        0x4 /Applications/lpcxpresso_8.0.0_526/lpcxpresso/tools/bin/../lib/gcc/arm-none-eabi/4.9.3/armv7-m/crti.o
                0x0000000000007628                _init
 .init          0x000000000000762c        0x8 /Applications/lpcxpresso_8.0.0_526/lpcxpresso/tools/bin/../lib/gcc/arm-none-eabi/4.9.3/armv7-m/crtn.o
                0x0000000000007634                . = ALIGN (0x4)
                0x0000000000007634                __preinit_array_start = .
 *(.preinit_array)
                0x0000000000007634                __preinit_array_end = .
                0x0000000000007634                . = ALIGN (0x4)
                0x0000000000007634                __init_array_start = .
 *(SORT(.init_array.*))
 *(.init_array)
 .init_array    0x0000000000007634        0x4 /Applications/lpcxpresso_8.0.0_526/lpcxpresso/tools/bin/../lib/gcc/arm-none-eabi/4.9.3/armv7-m/crtbegin.o
                0x0000000000007638                __init_array_end = .
 *(.fini)
 .fini          0x0000000000007638        0x4 /Applications/lpcxpresso_8.0.0_526/lpcxpresso/tools/bin/../lib/gcc/arm-none-eabi/4.9.3/armv7-m/crti.o
                0x0000000000007638                _fini
 .fini          0x000000000000763c        0x8 /Applications/lpcxpresso_8.0.0_526/lpcxpresso/tools/bin/../lib/gcc/arm-none-eabi/4.9.3/armv7-m/crtn.o
                0x0000000000007644                . = ALIGN (0x4)
 *crtbegin.o(.ctors)
 *(EXCLUDE_FILE(*crtend.o) .ctors)
 *(SORT(.ctors.*))
 *crtend.o(.ctors)
                0x0000000000007644                . = ALIGN (0x4)
 *crtbegin.o(.dtors)
 *(EXCLUDE_FILE(*crtend.o) .dtors)
 *(SORT(.dtors.*))
 *crtend.o(.dtors)
                0x0000000000007644                . = ALIGN (0x4)

.glue_7         0x0000000000007644        0x0
 .glue_7        0x0000000000000000        0x0 linker stubs

.glue_7t        0x0000000000007644        0x0
 .glue_7t       0x0000000000000000        0x0 linker stubs

.vfp11_veneer   0x0000000000007644        0x0
 .vfp11_veneer  0x0000000000000000        0x0 linker stubs

.v4_bx          0x0000000000007644        0x0
 .v4_bx         0x0000000000000000        0x0 linker stubs

.iplt           0x0000000000007644        0x0
 .iplt          0x0000000000000000        0x0 ./src/I2C.o

.ARM.extab
 *(.ARM.extab* .gnu.linkonce.armextab.*)
                0x0000000000007644                __exidx_start = .

.ARM.exidx      0x0000000000007644        0x8
 *(.ARM.exidx* .gnu.linkonce.armexidx.*)
 .ARM.exidx     0x0000000000007644        0x8 /Applications/lpcxpresso_8.0.0_526/lpcxpresso/tools/bin/../lib/gcc/arm-none-eabi/4.9.3/armv7-m/libgcc.a(_divdi3.o)
 .ARM.exidx     0x000000000000764c        0x0 /Applications/lpcxpresso_8.0.0_526/lpcxpresso/tools/bin/../lib/gcc/arm-none-eabi/4.9.3/armv7-m/libgcc.a(_udivdi3.o)
                                          0x8 (size before relaxing)
                0x000000000000764c                __exidx_end = .
                0x000000000000764c                _etext = .

.rel.dyn        0x000000000000764c        0x0
 .rel.iplt      0x0000000000000000        0x0 ./src/I2C.o

.eh_frame       0x000000000000764c        0x0
 .eh_frame      0x000000000000764c        0x0 /Applications/lpcxpresso_8.0.0_526/lpcxpresso/tools/bin/../lib/gcc/arm-none-eabi/4.9.3/armv7-m/crtbegin.o

.data_RAM2      0x0000000002004000        0x0 load address 0x000000000000764c
 FILL mask 0xff
                0x0000000002004000                PROVIDE (__start_data_RAM2, .)
 *(.ramfunc.$RAM2)
 *(.ramfunc.$Ram1_16)
 *(.data.$RAM2*)
 *(.data.$Ram1_16*)
                0x0000000002004000                . = ALIGN (0x4)
                0x0000000002004000                PROVIDE (__end_data_RAM2, .)

.data_RAM3      0x0000000002008000        0x0 load address 0x000000000000764c
 FILL mask 0xff
                0x0000000002008000                PROVIDE (__start_data_RAM3, .)
 *(.ramfunc.$RAM3)
 *(.ramfunc.$Ram2_4)
 *(.data.$RAM3*)
 *(.data.$Ram2_4*)
                0x0000000002008000                . = ALIGN (0x4)
                0x0000000002008000                PROVIDE (__end_data_RAM3, .)

.uninit_RESERVED
                0x0000000002000000        0x0
 *(.bss.$RESERVED*)
                0x0000000002000000                . = ALIGN (0x4)
                0x0000000002000000                _end_uninit_RESERVED = .

.data           0x0000000002000000      0x8a4 load address 0x000000000000764c
 FILL mask 0xff
                0x0000000002000000                _data = .
 *(vtable)
 *(.ramfunc*)
 *(.data*)
 .data.ITM_RxBuffer
                0x0000000002000000        0x4 ./src/retarget_itm.o
                0x0000000002000000                ITM_RxBuffer
 .data.__malloc_av_
                0x0000000002000004      0x408 /Applications/lpcxpresso_8.0.0_526/lpcxpresso/tools/bin/../lib/gcc/arm-none-eabi/4.9.3/../../../../arm-none-eabi/lib/armv7-m/libc.a(lib_a-mallocr.o)
                0x0000000002000004                __malloc_av_
 .data.__malloc_trim_threshold
                0x000000000200040c        0x4 /Applications/lpcxpresso_8.0.0_526/lpcxpresso/tools/bin/../lib/gcc/arm-none-eabi/4.9.3/../../../../arm-none-eabi/lib/armv7-m/libc.a(lib_a-mallocr.o)
                0x000000000200040c                __malloc_trim_threshold
 .data.__malloc_sbrk_base
                0x0000000002000410        0x4 /Applications/lpcxpresso_8.0.0_526/lpcxpresso/tools/bin/../lib/gcc/arm-none-eabi/4.9.3/../../../../arm-none-eabi/lib/armv7-m/libc.a(lib_a-mallocr.o)
                0x0000000002000410                __malloc_sbrk_base
 *fill*         0x0000000002000414        0x4 
 .data.impure_data
                0x0000000002000418      0x428 /Applications/lpcxpresso_8.0.0_526/lpcxpresso/tools/bin/../lib/gcc/arm-none-eabi/4.9.3/../../../../arm-none-eabi/lib/armv7-m/libc.a(lib_a-impure.o)
 .data._impure_ptr
                0x0000000002000840        0x4 /Applications/lpcxpresso_8.0.0_526/lpcxpresso/tools/bin/../lib/gcc/arm-none-eabi/4.9.3/../../../../arm-none-eabi/lib/armv7-m/libc.a(lib_a-impure.o)
                0x0000000002000840                _impure_ptr
 .data.lconv    0x0000000002000844       0x38 /Applications/lpcxpresso_8.0.0_526/lpcxpresso/tools/bin/../lib/gcc/arm-none-eabi/4.9.3/../../../../arm-none-eabi/lib/armv7-m/libc.a(lib_a-locale.o)
 .data.lc_ctype_charset
                0x000000000200087c       0x20 /Applications/lpcxpresso_8.0.0_526/lpcxpresso/tools/bin/../lib/gcc/arm-none-eabi/4.9.3/../../../../arm-none-eabi/lib/armv7-m/libc.a(lib_a-locale.o)
 .data.__mb_cur_max
                0x000000000200089c        0x4 /Applications/lpcxpresso_8.0.0_526/lpcxpresso/tools/bin/../lib/gcc/arm-none-eabi/4.9.3/../../../../arm-none-eabi/lib/armv7-m/libc.a(lib_a-locale.o)
                0x000000000200089c                __mb_cur_max
 .data.__wctomb
                0x00000000020008a0        0x4 /Applications/lpcxpresso_8.0.0_526/lpcxpresso/tools/bin/../lib/gcc/arm-none-eabi/4.9.3/../../../../arm-none-eabi/lib/armv7-m/libc.a(lib_a-wctomb_r.o)
                0x00000000020008a0                __wctomb
                0x00000000020008a4                . = ALIGN (0x4)
                0x00000000020008a4                _edata = .

.igot.plt       0x00000000020008a4        0x0 load address 0x0000000000007ef0
 .igot.plt      0x0000000000000000        0x0 ./src/I2C.o

.jcr            0x00000000020008a4        0x0 load address 0x0000000000007ef0
 .jcr           0x00000000020008a4        0x0 /Applications/lpcxpresso_8.0.0_526/lpcxpresso/tools/bin/../lib/gcc/arm-none-eabi/4.9.3/armv7-m/crtbegin.o

.bss_RAM2       0x0000000002004000        0x0
                0x0000000002004000                PROVIDE (__start_bss_RAM2, .)
 *(.bss.$RAM2*)
 *(.bss.$Ram1_16*)
                0x0000000002004000                . = ALIGN ((. != 0x0)?0x4:0x1)
                0x0000000002004000                PROVIDE (__end_bss_RAM2, .)

.bss_RAM3       0x0000000002008000        0x0
                0x0000000002008000                PROVIDE (__start_bss_RAM3, .)
 *(.bss.$RAM3*)
 *(.bss.$Ram2_4*)
                0x0000000002008000                . = ALIGN ((. != 0x0)?0x4:0x1)
                0x0000000002008000                PROVIDE (__end_bss_RAM3, .)

.bss            0x00000000020008a4       0x60
                0x00000000020008a4                _bss = .
 *(.bss*)
 .bss._ZL7counter
                0x00000000020008a4        0x4 ./src/sensor_HoneyWell.o
 .bss.__malloc_max_total_mem
                0x00000000020008a8        0x4 /Applications/lpcxpresso_8.0.0_526/lpcxpresso/tools/bin/../lib/gcc/arm-none-eabi/4.9.3/../../../../arm-none-eabi/lib/armv7-m/libc.a(lib_a-mallocr.o)
                0x00000000020008a8                __malloc_max_total_mem
 .bss.__malloc_max_sbrked_mem
                0x00000000020008ac        0x4 /Applications/lpcxpresso_8.0.0_526/lpcxpresso/tools/bin/../lib/gcc/arm-none-eabi/4.9.3/../../../../arm-none-eabi/lib/armv7-m/libc.a(lib_a-mallocr.o)
                0x00000000020008ac                __malloc_max_sbrked_mem
 .bss.__malloc_top_pad
                0x00000000020008b0        0x4 /Applications/lpcxpresso_8.0.0_526/lpcxpresso/tools/bin/../lib/gcc/arm-none-eabi/4.9.3/../../../../arm-none-eabi/lib/armv7-m/libc.a(lib_a-mallocr.o)
                0x00000000020008b0                __malloc_top_pad
 .bss.__malloc_current_mallinfo
                0x00000000020008b4       0x28 /Applications/lpcxpresso_8.0.0_526/lpcxpresso/tools/bin/../lib/gcc/arm-none-eabi/4.9.3/../../../../arm-none-eabi/lib/armv7-m/libc.a(lib_a-mallocr.o)
                0x00000000020008b4                __malloc_current_mallinfo
 .bss           0x00000000020008dc       0x1c /Applications/lpcxpresso_8.0.0_526/lpcxpresso/tools/bin/../lib/gcc/arm-none-eabi/4.9.3/armv7-m/crtbegin.o
 *(COMMON)
 COMMON         0x00000000020008f8        0x4 /Users/nguyenluong/Documents/LPCXpresso_8.0.0/workspace/lpc_chip_15xx/Debug/liblpc_chip_15xx.a(chip_15xx.o)
                0x00000000020008f8                SystemCoreClock
 COMMON         0x00000000020008fc        0x4 /Applications/lpcxpresso_8.0.0_526/lpcxpresso/tools/bin/../lib/gcc/arm-none-eabi/4.9.3/../../../../arm-none-eabi/lib/armv7-m/libc.a(lib_a-reent.o)
                0x00000000020008fc                errno
 COMMON         0x0000000002000900        0x4 /Applications/lpcxpresso_8.0.0_526/lpcxpresso/tools/bin/../lib/gcc/arm-none-eabi/4.9.3/../../../../arm-none-eabi/lib/armv7-m/libcr_newlib_nohost.a(_cr_sbrk.o)
                0x0000000002000900                __end_of_heap
                0x0000000002000904                . = ALIGN (0x4)
                0x0000000002000904                _ebss = .
                0x0000000002000904                PROVIDE (end, .)

.noinit_RAM2    0x0000000002004000        0x0
 *(.noinit.$RAM2*)
 *(.noinit.$Ram1_16*)
                0x0000000002004000                . = ALIGN (0x4)

.noinit_RAM3    0x0000000002008000        0x0
 *(.noinit.$RAM3*)
 *(.noinit.$Ram2_4*)
                0x0000000002008000                . = ALIGN (0x4)

.noinit         0x0000000002000904        0x0
                0x0000000002000904                _noinit = .
 *(.noinit*)
                0x0000000002000904                . = ALIGN (0x4)
                0x0000000002000904                _end_noinit = .
                0x0000000002000904                PROVIDE (_pvHeapStart, DEFINED (__user_heap_base)?__user_heap_base:.)
                0x0000000002004000                PROVIDE (_vStackTop, DEFINED (__user_stack_top)?__user_stack_top:(__top_Ram0_16 - 0x0))
                0xfffffffffdffb2b6                PROVIDE (__valid_user_code_checksum, (0x0 - ((((((_vStackTop + (ResetISR + 0x1)) + (NMI_Handler + 0x1)) + (HardFault_Handler + 0x1)) + (DEFINED (MemManage_Handler)?MemManage_Handler:0x0 + 0x1)) + (DEFINED (BusFault_Handler)?BusFault_Handler:0x0 + 0x1)) + (DEFINED (UsageFault_Handler)?UsageFault_Handler:0x0 + 0x1))))
OUTPUT(sensor_HoneyWell.axf elf32-littlearm)

.debug_info     0x0000000000000000     0x87c1
 .debug_info    0x0000000000000000      0x775 ./src/I2C.o
 .debug_info    0x0000000000000775      0x1aa ./src/cr_cpp_config.o
 .debug_info    0x000000000000091f      0x29a ./src/cr_startup_lpc15xx.o
 .debug_info    0x0000000000000bb9      0x18f ./src/retarget_itm.o
 .debug_info    0x0000000000000d48     0x1732 ./src/sensor_HoneyWell.o
 .debug_info    0x000000000000247a       0xe7 ./src/sysinit.o
 .debug_info    0x0000000000002561      0xac8 /Users/nguyenluong/Documents/LPCXpresso_8.0.0/workspace/lpc_board_nxp_lpcxpresso_1549/Debug/liblpc_board_nxp_lpcxpresso_1549.a(board.o)
 .debug_info    0x0000000000003029      0xc94 /Users/nguyenluong/Documents/LPCXpresso_8.0.0/workspace/lpc_board_nxp_lpcxpresso_1549/Debug/liblpc_board_nxp_lpcxpresso_1549.a(board_sysinit.o)
 .debug_info    0x0000000000003cbd      0x965 /Users/nguyenluong/Documents/LPCXpresso_8.0.0/workspace/lpc_chip_15xx/Debug/liblpc_chip_15xx.a(chip_15xx.o)
 .debug_info    0x0000000000004622      0xd12 /Users/nguyenluong/Documents/LPCXpresso_8.0.0/workspace/lpc_chip_15xx/Debug/liblpc_chip_15xx.a(clock_15xx.o)
 .debug_info    0x0000000000005334      0x612 /Users/nguyenluong/Documents/LPCXpresso_8.0.0/workspace/lpc_chip_15xx/Debug/liblpc_chip_15xx.a(gpio_15xx.o)
 .debug_info    0x0000000000005946      0x419 /Users/nguyenluong/Documents/LPCXpresso_8.0.0/workspace/lpc_chip_15xx/Debug/liblpc_chip_15xx.a(i2c_common_15xx.o)
 .debug_info    0x0000000000005d5f      0x53f /Users/nguyenluong/Documents/LPCXpresso_8.0.0/workspace/lpc_chip_15xx/Debug/liblpc_chip_15xx.a(i2cm_15xx.o)
 .debug_info    0x000000000000629e      0x1f4 /Users/nguyenluong/Documents/LPCXpresso_8.0.0/workspace/lpc_chip_15xx/Debug/liblpc_chip_15xx.a(iocon_15xx.o)
 .debug_info    0x0000000000006492      0x626 /Users/nguyenluong/Documents/LPCXpresso_8.0.0/workspace/lpc_chip_15xx/Debug/liblpc_chip_15xx.a(swm_15xx.o)
 .debug_info    0x0000000000006ab8      0x738 /Users/nguyenluong/Documents/LPCXpresso_8.0.0/workspace/lpc_chip_15xx/Debug/liblpc_chip_15xx.a(sysctl_15xx.o)
 .debug_info    0x00000000000071f0      0x71c /Users/nguyenluong/Documents/LPCXpresso_8.0.0/workspace/lpc_chip_15xx/Debug/liblpc_chip_15xx.a(sysinit_15xx.o)
 .debug_info    0x000000000000790c      0x8cb /Users/nguyenluong/Documents/LPCXpresso_8.0.0/workspace/lpc_chip_15xx/Debug/liblpc_chip_15xx.a(uart_15xx.o)
 .debug_info    0x00000000000081d7      0x12d /Applications/lpcxpresso_8.0.0_526/lpcxpresso/tools/bin/../lib/gcc/arm-none-eabi/4.9.3/../../../../arm-none-eabi/lib/armv7-m/libcr_newlib_nohost.a(_cr_sbrk.o)
 .debug_info    0x0000000000008304       0xae /Applications/lpcxpresso_8.0.0_526/lpcxpresso/tools/bin/../lib/gcc/arm-none-eabi/4.9.3/../../../../arm-none-eabi/lib/armv7-m/libcr_newlib_nohost.a(close.o)
 .debug_info    0x00000000000083b2      0x22d /Applications/lpcxpresso_8.0.0_526/lpcxpresso/tools/bin/../lib/gcc/arm-none-eabi/4.9.3/../../../../arm-none-eabi/lib/armv7-m/libcr_newlib_nohost.a(fstat.o)
 .debug_info    0x00000000000085df       0xae /Applications/lpcxpresso_8.0.0_526/lpcxpresso/tools/bin/../lib/gcc/arm-none-eabi/4.9.3/../../../../arm-none-eabi/lib/armv7-m/libcr_newlib_nohost.a(isatty.o)
 .debug_info    0x000000000000868d       0xca /Applications/lpcxpresso_8.0.0_526/lpcxpresso/tools/bin/../lib/gcc/arm-none-eabi/4.9.3/../../../../arm-none-eabi/lib/armv7-m/libcr_newlib_nohost.a(lseek.o)
 .debug_info    0x0000000000008757       0x6a /Applications/lpcxpresso_8.0.0_526/lpcxpresso/tools/bin/../lib/gcc/arm-none-eabi/4.9.3/../../../../arm-none-eabi/lib/armv7-m/libcr_newlib_nohost.a(_cr_check_heap.o)

.debug_abbrev   0x0000000000000000     0x1f4a
 .debug_abbrev  0x0000000000000000      0x254 ./src/I2C.o
 .debug_abbrev  0x0000000000000254       0xf4 ./src/cr_cpp_config.o
 .debug_abbrev  0x0000000000000348       0xf0 ./src/cr_startup_lpc15xx.o
 .debug_abbrev  0x0000000000000438       0xad ./src/retarget_itm.o
 .debug_abbrev  0x00000000000004e5      0x381 ./src/sensor_HoneyWell.o
 .debug_abbrev  0x0000000000000866       0x82 ./src/sysinit.o
 .debug_abbrev  0x00000000000008e8      0x20a /Users/nguyenluong/Documents/LPCXpresso_8.0.0/workspace/lpc_board_nxp_lpcxpresso_1549/Debug/liblpc_board_nxp_lpcxpresso_1549.a(board.o)
 .debug_abbrev  0x0000000000000af2      0x202 /Users/nguyenluong/Documents/LPCXpresso_8.0.0/workspace/lpc_board_nxp_lpcxpresso_1549/Debug/liblpc_board_nxp_lpcxpresso_1549.a(board_sysinit.o)
 .debug_abbrev  0x0000000000000cf4      0x1ad /Users/nguyenluong/Documents/LPCXpresso_8.0.0/workspace/lpc_chip_15xx/Debug/liblpc_chip_15xx.a(chip_15xx.o)
 .debug_abbrev  0x0000000000000ea1      0x281 /Users/nguyenluong/Documents/LPCXpresso_8.0.0/workspace/lpc_chip_15xx/Debug/liblpc_chip_15xx.a(clock_15xx.o)
 .debug_abbrev  0x0000000000001122      0x166 /Users/nguyenluong/Documents/LPCXpresso_8.0.0/workspace/lpc_chip_15xx/Debug/liblpc_chip_15xx.a(gpio_15xx.o)
 .debug_abbrev  0x0000000000001288      0x116 /Users/nguyenluong/Documents/LPCXpresso_8.0.0/workspace/lpc_chip_15xx/Debug/liblpc_chip_15xx.a(i2c_common_15xx.o)
 .debug_abbrev  0x000000000000139e      0x145 /Users/nguyenluong/Documents/LPCXpresso_8.0.0/workspace/lpc_chip_15xx/Debug/liblpc_chip_15xx.a(i2cm_15xx.o)
 .debug_abbrev  0x00000000000014e3      0x137 /Users/nguyenluong/Documents/LPCXpresso_8.0.0/workspace/lpc_chip_15xx/Debug/liblpc_chip_15xx.a(iocon_15xx.o)
 .debug_abbrev  0x000000000000161a      0x13c /Users/nguyenluong/Documents/LPCXpresso_8.0.0/workspace/lpc_chip_15xx/Debug/liblpc_chip_15xx.a(swm_15xx.o)
 .debug_abbrev  0x0000000000001756      0x129 /Users/nguyenluong/Documents/LPCXpresso_8.0.0/workspace/lpc_chip_15xx/Debug/liblpc_chip_15xx.a(sysctl_15xx.o)
 .debug_abbrev  0x000000000000187f      0x186 /Users/nguyenluong/Documents/LPCXpresso_8.0.0/workspace/lpc_chip_15xx/Debug/liblpc_chip_15xx.a(sysinit_15xx.o)
 .debug_abbrev  0x0000000000001a05      0x1e2 /Users/nguyenluong/Documents/LPCXpresso_8.0.0/workspace/lpc_chip_15xx/Debug/liblpc_chip_15xx.a(uart_15xx.o)
 .debug_abbrev  0x0000000000001be7       0xf6 /Applications/lpcxpresso_8.0.0_526/lpcxpresso/tools/bin/../lib/gcc/arm-none-eabi/4.9.3/../../../../arm-none-eabi/lib/armv7-m/libcr_newlib_nohost.a(_cr_sbrk.o)
 .debug_abbrev  0x0000000000001cdd       0x66 /Applications/lpcxpresso_8.0.0_526/lpcxpresso/tools/bin/../lib/gcc/arm-none-eabi/4.9.3/../../../../arm-none-eabi/lib/armv7-m/libcr_newlib_nohost.a(close.o)
 .debug_abbrev  0x0000000000001d43       0xbb /Applications/lpcxpresso_8.0.0_526/lpcxpresso/tools/bin/../lib/gcc/arm-none-eabi/4.9.3/../../../../arm-none-eabi/lib/armv7-m/libcr_newlib_nohost.a(fstat.o)
 .debug_abbrev  0x0000000000001dfe       0x66 /Applications/lpcxpresso_8.0.0_526/lpcxpresso/tools/bin/../lib/gcc/arm-none-eabi/4.9.3/../../../../arm-none-eabi/lib/armv7-m/libcr_newlib_nohost.a(isatty.o)
 .debug_abbrev  0x0000000000001e64       0x84 /Applications/lpcxpresso_8.0.0_526/lpcxpresso/tools/bin/../lib/gcc/arm-none-eabi/4.9.3/../../../../arm-none-eabi/lib/armv7-m/libcr_newlib_nohost.a(lseek.o)
 .debug_abbrev  0x0000000000001ee8       0x62 /Applications/lpcxpresso_8.0.0_526/lpcxpresso/tools/bin/../lib/gcc/arm-none-eabi/4.9.3/../../../../arm-none-eabi/lib/armv7-m/libcr_newlib_nohost.a(_cr_check_heap.o)

.debug_aranges  0x0000000000000000      0x818
 .debug_aranges
                0x0000000000000000       0x50 ./src/I2C.o
 .debug_aranges
                0x0000000000000050       0x48 ./src/cr_cpp_config.o
 .debug_aranges
                0x0000000000000098       0x80 ./src/cr_startup_lpc15xx.o
 .debug_aranges
                0x0000000000000118       0x28 ./src/retarget_itm.o
 .debug_aranges
                0x0000000000000140       0x50 ./src/sensor_HoneyWell.o
 .debug_aranges
                0x0000000000000190       0x20 ./src/sysinit.o
 .debug_aranges
                0x00000000000001b0       0xd0 /Users/nguyenluong/Documents/LPCXpresso_8.0.0/workspace/lpc_board_nxp_lpcxpresso_1549/Debug/liblpc_board_nxp_lpcxpresso_1549.a(board.o)
 .debug_aranges
                0x0000000000000280       0x60 /Users/nguyenluong/Documents/LPCXpresso_8.0.0/workspace/lpc_board_nxp_lpcxpresso_1549/Debug/liblpc_board_nxp_lpcxpresso_1549.a(board_sysinit.o)
 .debug_aranges
                0x00000000000002e0       0x50 /Users/nguyenluong/Documents/LPCXpresso_8.0.0/workspace/lpc_chip_15xx/Debug/liblpc_chip_15xx.a(chip_15xx.o)
 .debug_aranges
                0x0000000000000330      0x128 /Users/nguyenluong/Documents/LPCXpresso_8.0.0/workspace/lpc_chip_15xx/Debug/liblpc_chip_15xx.a(clock_15xx.o)
 .debug_aranges
                0x0000000000000458       0x70 /Users/nguyenluong/Documents/LPCXpresso_8.0.0/workspace/lpc_chip_15xx/Debug/liblpc_chip_15xx.a(gpio_15xx.o)
 .debug_aranges
                0x00000000000004c8       0x30 /Users/nguyenluong/Documents/LPCXpresso_8.0.0/workspace/lpc_chip_15xx/Debug/liblpc_chip_15xx.a(i2c_common_15xx.o)
 .debug_aranges
                0x00000000000004f8       0x88 /Users/nguyenluong/Documents/LPCXpresso_8.0.0/workspace/lpc_chip_15xx/Debug/liblpc_chip_15xx.a(i2cm_15xx.o)
 .debug_aranges
                0x0000000000000580       0x28 /Users/nguyenluong/Documents/LPCXpresso_8.0.0/workspace/lpc_chip_15xx/Debug/liblpc_chip_15xx.a(iocon_15xx.o)
 .debug_aranges
                0x00000000000005a8       0x40 /Users/nguyenluong/Documents/LPCXpresso_8.0.0/workspace/lpc_chip_15xx/Debug/liblpc_chip_15xx.a(swm_15xx.o)
 .debug_aranges
                0x00000000000005e8       0x50 /Users/nguyenluong/Documents/LPCXpresso_8.0.0/workspace/lpc_chip_15xx/Debug/liblpc_chip_15xx.a(sysctl_15xx.o)
 .debug_aranges
                0x0000000000000638       0x58 /Users/nguyenluong/Documents/LPCXpresso_8.0.0/workspace/lpc_chip_15xx/Debug/liblpc_chip_15xx.a(sysinit_15xx.o)
 .debug_aranges
                0x0000000000000690       0xc8 /Users/nguyenluong/Documents/LPCXpresso_8.0.0/workspace/lpc_chip_15xx/Debug/liblpc_chip_15xx.a(uart_15xx.o)
 .debug_aranges
                0x0000000000000758       0x20 /Applications/lpcxpresso_8.0.0_526/lpcxpresso/tools/bin/../lib/gcc/arm-none-eabi/4.9.3/../../../../arm-none-eabi/lib/armv7-m/libcr_newlib_nohost.a(_cr_sbrk.o)
 .debug_aranges
                0x0000000000000778       0x20 /Applications/lpcxpresso_8.0.0_526/lpcxpresso/tools/bin/../lib/gcc/arm-none-eabi/4.9.3/../../../../arm-none-eabi/lib/armv7-m/libcr_newlib_nohost.a(close.o)
 .debug_aranges
                0x0000000000000798       0x20 /Applications/lpcxpresso_8.0.0_526/lpcxpresso/tools/bin/../lib/gcc/arm-none-eabi/4.9.3/../../../../arm-none-eabi/lib/armv7-m/libcr_newlib_nohost.a(fstat.o)
 .debug_aranges
                0x00000000000007b8       0x20 /Applications/lpcxpresso_8.0.0_526/lpcxpresso/tools/bin/../lib/gcc/arm-none-eabi/4.9.3/../../../../arm-none-eabi/lib/armv7-m/libcr_newlib_nohost.a(isatty.o)
 .debug_aranges
                0x00000000000007d8       0x20 /Applications/lpcxpresso_8.0.0_526/lpcxpresso/tools/bin/../lib/gcc/arm-none-eabi/4.9.3/../../../../arm-none-eabi/lib/armv7-m/libcr_newlib_nohost.a(lseek.o)
 .debug_aranges
                0x00000000000007f8       0x20 /Applications/lpcxpresso_8.0.0_526/lpcxpresso/tools/bin/../lib/gcc/arm-none-eabi/4.9.3/../../../../arm-none-eabi/lib/armv7-m/libcr_newlib_nohost.a(_cr_check_heap.o)

.debug_ranges   0x0000000000000000      0x698
 .debug_ranges  0x0000000000000000       0x40 ./src/I2C.o
 .debug_ranges  0x0000000000000040       0x38 ./src/cr_cpp_config.o
 .debug_ranges  0x0000000000000078       0x70 ./src/cr_startup_lpc15xx.o
 .debug_ranges  0x00000000000000e8       0x18 ./src/retarget_itm.o
 .debug_ranges  0x0000000000000100       0x40 ./src/sensor_HoneyWell.o
 .debug_ranges  0x0000000000000140       0x10 ./src/sysinit.o
 .debug_ranges  0x0000000000000150       0xc0 /Users/nguyenluong/Documents/LPCXpresso_8.0.0/workspace/lpc_board_nxp_lpcxpresso_1549/Debug/liblpc_board_nxp_lpcxpresso_1549.a(board.o)
 .debug_ranges  0x0000000000000210       0x50 /Users/nguyenluong/Documents/LPCXpresso_8.0.0/workspace/lpc_board_nxp_lpcxpresso_1549/Debug/liblpc_board_nxp_lpcxpresso_1549.a(board_sysinit.o)
 .debug_ranges  0x0000000000000260       0x40 /Users/nguyenluong/Documents/LPCXpresso_8.0.0/workspace/lpc_chip_15xx/Debug/liblpc_chip_15xx.a(chip_15xx.o)
 .debug_ranges  0x00000000000002a0      0x118 /Users/nguyenluong/Documents/LPCXpresso_8.0.0/workspace/lpc_chip_15xx/Debug/liblpc_chip_15xx.a(clock_15xx.o)
 .debug_ranges  0x00000000000003b8       0x60 /Users/nguyenluong/Documents/LPCXpresso_8.0.0/workspace/lpc_chip_15xx/Debug/liblpc_chip_15xx.a(gpio_15xx.o)
 .debug_ranges  0x0000000000000418       0x20 /Users/nguyenluong/Documents/LPCXpresso_8.0.0/workspace/lpc_chip_15xx/Debug/liblpc_chip_15xx.a(i2c_common_15xx.o)
 .debug_ranges  0x0000000000000438       0x78 /Users/nguyenluong/Documents/LPCXpresso_8.0.0/workspace/lpc_chip_15xx/Debug/liblpc_chip_15xx.a(i2cm_15xx.o)
 .debug_ranges  0x00000000000004b0       0x18 /Users/nguyenluong/Documents/LPCXpresso_8.0.0/workspace/lpc_chip_15xx/Debug/liblpc_chip_15xx.a(iocon_15xx.o)
 .debug_ranges  0x00000000000004c8       0x30 /Users/nguyenluong/Documents/LPCXpresso_8.0.0/workspace/lpc_chip_15xx/Debug/liblpc_chip_15xx.a(swm_15xx.o)
 .debug_ranges  0x00000000000004f8       0x40 /Users/nguyenluong/Documents/LPCXpresso_8.0.0/workspace/lpc_chip_15xx/Debug/liblpc_chip_15xx.a(sysctl_15xx.o)
 .debug_ranges  0x0000000000000538       0x48 /Users/nguyenluong/Documents/LPCXpresso_8.0.0/workspace/lpc_chip_15xx/Debug/liblpc_chip_15xx.a(sysinit_15xx.o)
 .debug_ranges  0x0000000000000580       0xb8 /Users/nguyenluong/Documents/LPCXpresso_8.0.0/workspace/lpc_chip_15xx/Debug/liblpc_chip_15xx.a(uart_15xx.o)
 .debug_ranges  0x0000000000000638       0x10 /Applications/lpcxpresso_8.0.0_526/lpcxpresso/tools/bin/../lib/gcc/arm-none-eabi/4.9.3/../../../../arm-none-eabi/lib/armv7-m/libcr_newlib_nohost.a(_cr_sbrk.o)
 .debug_ranges  0x0000000000000648       0x10 /Applications/lpcxpresso_8.0.0_526/lpcxpresso/tools/bin/../lib/gcc/arm-none-eabi/4.9.3/../../../../arm-none-eabi/lib/armv7-m/libcr_newlib_nohost.a(close.o)
 .debug_ranges  0x0000000000000658       0x10 /Applications/lpcxpresso_8.0.0_526/lpcxpresso/tools/bin/../lib/gcc/arm-none-eabi/4.9.3/../../../../arm-none-eabi/lib/armv7-m/libcr_newlib_nohost.a(fstat.o)
 .debug_ranges  0x0000000000000668       0x10 /Applications/lpcxpresso_8.0.0_526/lpcxpresso/tools/bin/../lib/gcc/arm-none-eabi/4.9.3/../../../../arm-none-eabi/lib/armv7-m/libcr_newlib_nohost.a(isatty.o)
 .debug_ranges  0x0000000000000678       0x10 /Applications/lpcxpresso_8.0.0_526/lpcxpresso/tools/bin/../lib/gcc/arm-none-eabi/4.9.3/../../../../arm-none-eabi/lib/armv7-m/libcr_newlib_nohost.a(lseek.o)
 .debug_ranges  0x0000000000000688       0x10 /Applications/lpcxpresso_8.0.0_526/lpcxpresso/tools/bin/../lib/gcc/arm-none-eabi/4.9.3/../../../../arm-none-eabi/lib/armv7-m/libcr_newlib_nohost.a(_cr_check_heap.o)

.debug_macro    0x0000000000000000     0x88f8
 .debug_macro   0x0000000000000000      0x25b ./src/I2C.o
 .debug_macro   0x000000000000025b      0x8a4 ./src/I2C.o
 .debug_macro   0x0000000000000aff       0x22 ./src/I2C.o
 .debug_macro   0x0000000000000b21       0x44 ./src/I2C.o
 .debug_macro   0x0000000000000b65       0xe3 ./src/I2C.o
 .debug_macro   0x0000000000000c48       0x22 ./src/I2C.o
 .debug_macro   0x0000000000000c6a      0x1df ./src/I2C.o
 .debug_macro   0x0000000000000e49       0x28 ./src/I2C.o
 .debug_macro   0x0000000000000e71       0x7b ./src/I2C.o
 .debug_macro   0x0000000000000eec       0x10 ./src/I2C.o
 .debug_macro   0x0000000000000efc       0x2d ./src/I2C.o
 .debug_macro   0x0000000000000f29       0x3a ./src/I2C.o
 .debug_macro   0x0000000000000f63       0x2d ./src/I2C.o
 .debug_macro   0x0000000000000f90      0xa7d ./src/I2C.o
 .debug_macro   0x0000000000001a0d      0x1b4 ./src/I2C.o
 .debug_macro   0x0000000000001bc1       0xca ./src/I2C.o
 .debug_macro   0x0000000000001c8b       0x18 ./src/I2C.o
 .debug_macro   0x0000000000001ca3       0xb2 ./src/I2C.o
 .debug_macro   0x0000000000001d55       0x70 ./src/I2C.o
 .debug_macro   0x0000000000001dc5       0x46 ./src/I2C.o
 .debug_macro   0x0000000000001e0b       0xd0 ./src/I2C.o
 .debug_macro   0x0000000000001edb       0x40 ./src/I2C.o
 .debug_macro   0x0000000000001f1b      0x233 ./src/I2C.o
 .debug_macro   0x000000000000214e       0x16 ./src/I2C.o
 .debug_macro   0x0000000000002164       0x88 ./src/I2C.o
 .debug_macro   0x00000000000021ec       0x34 ./src/I2C.o
 .debug_macro   0x0000000000002220       0x6a ./src/I2C.o
 .debug_macro   0x000000000000228a       0x40 ./src/I2C.o
 .debug_macro   0x00000000000022ca       0x1c ./src/I2C.o
 .debug_macro   0x00000000000022e6       0x16 ./src/I2C.o
 .debug_macro   0x00000000000022fc      0x10c ./src/I2C.o
 .debug_macro   0x0000000000002408      0x2a9 ./src/I2C.o
 .debug_macro   0x00000000000026b1       0x76 ./src/I2C.o
 .debug_macro   0x0000000000002727       0x22 ./src/I2C.o
 .debug_macro   0x0000000000002749      0x152 ./src/I2C.o
 .debug_macro   0x000000000000289b       0x82 ./src/I2C.o
 .debug_macro   0x000000000000291d       0xe6 ./src/I2C.o
 .debug_macro   0x0000000000002a03       0x3a ./src/I2C.o
 .debug_macro   0x0000000000002a3d       0x34 ./src/I2C.o
 .debug_macro   0x0000000000002a71       0x10 ./src/I2C.o
 .debug_macro   0x0000000000002a81       0x76 ./src/I2C.o
 .debug_macro   0x0000000000002af7       0x58 ./src/I2C.o
 .debug_macro   0x0000000000002b4f      0x2ca ./src/I2C.o
 .debug_macro   0x0000000000002e19      0x22b ./src/I2C.o
 .debug_macro   0x0000000000003044       0x2e ./src/I2C.o
 .debug_macro   0x0000000000003072       0xe2 ./src/cr_cpp_config.o
 .debug_macro   0x0000000000003154       0x58 ./src/cr_cpp_config.o
 .debug_macro   0x00000000000031ac       0x35 ./src/cr_cpp_config.o
 .debug_macro   0x00000000000031e1       0x9c ./src/cr_cpp_config.o
 .debug_macro   0x000000000000327d       0x16 ./src/cr_cpp_config.o
 .debug_macro   0x0000000000003293      0x10e ./src/cr_cpp_config.o
 .debug_macro   0x00000000000033a1       0x7f ./src/cr_cpp_config.o
 .debug_macro   0x0000000000003420       0x4a ./src/cr_cpp_config.o
 .debug_macro   0x000000000000346a       0x52 ./src/cr_cpp_config.o
 .debug_macro   0x00000000000034bc       0x16 ./src/cr_cpp_config.o
 .debug_macro   0x00000000000034d2       0x43 ./src/cr_cpp_config.o
 .debug_macro   0x0000000000003515      0x180 ./src/cr_cpp_config.o
 .debug_macro   0x0000000000003695      0x2b2 ./src/cr_cpp_config.o
 .debug_macro   0x0000000000003947       0x16 ./src/cr_cpp_config.o
 .debug_macro   0x000000000000395d       0x29 ./src/cr_cpp_config.o
 .debug_macro   0x0000000000003986       0x23 ./src/cr_startup_lpc15xx.o
 .debug_macro   0x00000000000039a9       0x90 ./src/retarget_itm.o
 .debug_macro   0x0000000000003a39      0x3db ./src/sensor_HoneyWell.o
 .debug_macro   0x0000000000003e14       0x34 ./src/sensor_HoneyWell.o
 .debug_macro   0x0000000000003e48       0x16 ./src/sensor_HoneyWell.o
 .debug_macro   0x0000000000003e5e       0x97 ./src/sensor_HoneyWell.o
 .debug_macro   0x0000000000003ef5       0xef ./src/sensor_HoneyWell.o
 .debug_macro   0x0000000000003fe4       0x10 ./src/sensor_HoneyWell.o
 .debug_macro   0x0000000000003ff4       0x10 ./src/sensor_HoneyWell.o
 .debug_macro   0x0000000000004004       0x22 ./src/sensor_HoneyWell.o
 .debug_macro   0x0000000000004026       0xbe ./src/sensor_HoneyWell.o
 .debug_macro   0x00000000000040e4       0x16 ./src/sensor_HoneyWell.o
 .debug_macro   0x00000000000040fa      0x197 ./src/sensor_HoneyWell.o
 .debug_macro   0x0000000000004291       0x20 ./src/sensor_HoneyWell.o
 .debug_macro   0x00000000000042b1      0x1da ./src/sensor_HoneyWell.o
 .debug_macro   0x000000000000448b       0x82 ./src/sensor_HoneyWell.o
 .debug_macro   0x000000000000450d       0x35 ./src/sensor_HoneyWell.o
 .debug_macro   0x0000000000004542       0xef ./src/sensor_HoneyWell.o
 .debug_macro   0x0000000000004631      0x337 ./src/sensor_HoneyWell.o
 .debug_macro   0x0000000000004968      0x100 ./src/sensor_HoneyWell.o
 .debug_macro   0x0000000000004a68      0x354 ./src/sysinit.o
 .debug_macro   0x0000000000004dbc       0x22 ./src/sysinit.o
 .debug_macro   0x0000000000004dde      0xa7d ./src/sysinit.o
 .debug_macro   0x000000000000585b       0x9c ./src/sysinit.o
 .debug_macro   0x00000000000058f7       0x97 ./src/sysinit.o
 .debug_macro   0x000000000000598e      0x29d ./src/sysinit.o
 .debug_macro   0x0000000000005c2b       0xef ./src/sysinit.o
 .debug_macro   0x0000000000005d1a       0x43 ./src/sysinit.o
 .debug_macro   0x0000000000005d5d      0x284 /Users/nguyenluong/Documents/LPCXpresso_8.0.0/workspace/lpc_board_nxp_lpcxpresso_1549/Debug/liblpc_board_nxp_lpcxpresso_1549.a(board.o)
 .debug_macro   0x0000000000005fe1      0x874 /Users/nguyenluong/Documents/LPCXpresso_8.0.0/workspace/lpc_board_nxp_lpcxpresso_1549/Debug/liblpc_board_nxp_lpcxpresso_1549.a(board.o)
 .debug_macro   0x0000000000006855       0x10 /Users/nguyenluong/Documents/LPCXpresso_8.0.0/workspace/lpc_board_nxp_lpcxpresso_1549/Debug/liblpc_board_nxp_lpcxpresso_1549.a(board.o)
 .debug_macro   0x0000000000006865      0x12d /Users/nguyenluong/Documents/LPCXpresso_8.0.0/workspace/lpc_board_nxp_lpcxpresso_1549/Debug/liblpc_board_nxp_lpcxpresso_1549.a(board.o)
 .debug_macro   0x0000000000006992      0x5b2 /Users/nguyenluong/Documents/LPCXpresso_8.0.0/workspace/lpc_board_nxp_lpcxpresso_1549/Debug/liblpc_board_nxp_lpcxpresso_1549.a(board.o)
 .debug_macro   0x0000000000006f44       0x22 /Users/nguyenluong/Documents/LPCXpresso_8.0.0/workspace/lpc_board_nxp_lpcxpresso_1549/Debug/liblpc_board_nxp_lpcxpresso_1549.a(board.o)
 .debug_macro   0x0000000000006f66       0x9a /Users/nguyenluong/Documents/LPCXpresso_8.0.0/workspace/lpc_board_nxp_lpcxpresso_1549/Debug/liblpc_board_nxp_lpcxpresso_1549.a(board.o)
 .debug_macro   0x0000000000007000       0x12 /Users/nguyenluong/Documents/LPCXpresso_8.0.0/workspace/lpc_board_nxp_lpcxpresso_1549/Debug/liblpc_board_nxp_lpcxpresso_1549.a(board.o)
 .debug_macro   0x0000000000007012      0x288 /Users/nguyenluong/Documents/LPCXpresso_8.0.0/workspace/lpc_board_nxp_lpcxpresso_1549/Debug/liblpc_board_nxp_lpcxpresso_1549.a(board_sysinit.o)
 .debug_macro   0x000000000000729a      0x239 /Users/nguyenluong/Documents/LPCXpresso_8.0.0/workspace/lpc_chip_15xx/Debug/liblpc_chip_15xx.a(chip_15xx.o)
 .debug_macro   0x00000000000074d3      0x239 /Users/nguyenluong/Documents/LPCXpresso_8.0.0/workspace/lpc_chip_15xx/Debug/liblpc_chip_15xx.a(clock_15xx.o)
 .debug_macro   0x000000000000770c      0x239 /Users/nguyenluong/Documents/LPCXpresso_8.0.0/workspace/lpc_chip_15xx/Debug/liblpc_chip_15xx.a(gpio_15xx.o)
 .debug_macro   0x0000000000007945      0x239 /Users/nguyenluong/Documents/LPCXpresso_8.0.0/workspace/lpc_chip_15xx/Debug/liblpc_chip_15xx.a(i2c_common_15xx.o)
 .debug_macro   0x0000000000007b7e      0x239 /Users/nguyenluong/Documents/LPCXpresso_8.0.0/workspace/lpc_chip_15xx/Debug/liblpc_chip_15xx.a(i2cm_15xx.o)
 .debug_macro   0x0000000000007db7      0x239 /Users/nguyenluong/Documents/LPCXpresso_8.0.0/workspace/lpc_chip_15xx/Debug/liblpc_chip_15xx.a(iocon_15xx.o)
 .debug_macro   0x0000000000007ff0      0x245 /Users/nguyenluong/Documents/LPCXpresso_8.0.0/workspace/lpc_chip_15xx/Debug/liblpc_chip_15xx.a(swm_15xx.o)
 .debug_macro   0x0000000000008235      0x251 /Users/nguyenluong/Documents/LPCXpresso_8.0.0/workspace/lpc_chip_15xx/Debug/liblpc_chip_15xx.a(sysctl_15xx.o)
 .debug_macro   0x0000000000008486      0x239 /Users/nguyenluong/Documents/LPCXpresso_8.0.0/workspace/lpc_chip_15xx/Debug/liblpc_chip_15xx.a(sysinit_15xx.o)
 .debug_macro   0x00000000000086bf      0x239 /Users/nguyenluong/Documents/LPCXpresso_8.0.0/workspace/lpc_chip_15xx/Debug/liblpc_chip_15xx.a(uart_15xx.o)

.debug_line     0x0000000000000000     0x5cea
 .debug_line    0x0000000000000000      0x5b1 ./src/I2C.o
 .debug_line    0x00000000000005b1      0x29e ./src/cr_cpp_config.o
 .debug_line    0x000000000000084f       0xd5 ./src/cr_startup_lpc15xx.o
 .debug_line    0x0000000000000924      0x237 ./src/retarget_itm.o
 .debug_line    0x0000000000000b5b      0x837 ./src/sensor_HoneyWell.o
 .debug_line    0x0000000000001392      0x627 ./src/sysinit.o
 .debug_line    0x00000000000019b9      0x6e8 /Users/nguyenluong/Documents/LPCXpresso_8.0.0/workspace/lpc_board_nxp_lpcxpresso_1549/Debug/liblpc_board_nxp_lpcxpresso_1549.a(board.o)
 .debug_line    0x00000000000020a1      0x5aa /Users/nguyenluong/Documents/LPCXpresso_8.0.0/workspace/lpc_board_nxp_lpcxpresso_1549/Debug/liblpc_board_nxp_lpcxpresso_1549.a(board_sysinit.o)
 .debug_line    0x000000000000264b      0x4c7 /Users/nguyenluong/Documents/LPCXpresso_8.0.0/workspace/lpc_chip_15xx/Debug/liblpc_chip_15xx.a(chip_15xx.o)