Archive member included because of file (symbol)

/Users/vinhxu/Desktop/Workspace/lpc_board_nxp_lpcxpresso_1549/Debug/liblpc_board_nxp_lpcxpresso_1549.a(board.o)
                              ./src/sensor_Pressure.o (Board_LED_Set)
/Users/vinhxu/Desktop/Workspace/lpc_board_nxp_lpcxpresso_1549/Debug/liblpc_board_nxp_lpcxpresso_1549.a(board_sysinit.o)
                              ./src/sysinit.o (Board_SystemInit)
/Users/vinhxu/Desktop/Workspace/lpc_chip_15xx/Debug/liblpc_chip_15xx.a(chip_15xx.o)
                              ./src/sensor_Pressure.o (SystemCoreClock)
/Users/vinhxu/Desktop/Workspace/lpc_chip_15xx/Debug/liblpc_chip_15xx.a(clock_15xx.o)
                              /Users/vinhxu/Desktop/Workspace/lpc_board_nxp_lpcxpresso_1549/Debug/liblpc_board_nxp_lpcxpresso_1549.a(board.o) (Chip_Clock_GetMainClockRate)
/Users/vinhxu/Desktop/Workspace/lpc_chip_15xx/Debug/liblpc_chip_15xx.a(gpio_15xx.o)
                              /Users/vinhxu/Desktop/Workspace/lpc_board_nxp_lpcxpresso_1549/Debug/liblpc_board_nxp_lpcxpresso_1549.a(board.o) (Chip_GPIO_Init)
/Users/vinhxu/Desktop/Workspace/lpc_chip_15xx/Debug/liblpc_chip_15xx.a(i2c_common_15xx.o)
                              ./src/I2C.o (Chip_I2C_Init)
/Users/vinhxu/Desktop/Workspace/lpc_chip_15xx/Debug/liblpc_chip_15xx.a(i2cm_15xx.o)
                              ./src/I2C.o (Chip_I2CM_SetBusSpeed)
/Users/vinhxu/Desktop/Workspace/lpc_chip_15xx/Debug/liblpc_chip_15xx.a(iocon_15xx.o)
                              /Users/vinhxu/Desktop/Workspace/lpc_board_nxp_lpcxpresso_1549/Debug/liblpc_board_nxp_lpcxpresso_1549.a(board_sysinit.o) (Chip_IOCON_SetPinMuxing)
/Users/vinhxu/Desktop/Workspace/lpc_chip_15xx/Debug/liblpc_chip_15xx.a(swm_15xx.o)
                              ./src/sensor_Pressure.o (Chip_SWM_MovablePinAssign)
/Users/vinhxu/Desktop/Workspace/lpc_chip_15xx/Debug/liblpc_chip_15xx.a(sysctl_15xx.o)
                              /Users/vinhxu/Desktop/Workspace/lpc_board_nxp_lpcxpresso_1549/Debug/liblpc_board_nxp_lpcxpresso_1549.a(board_sysinit.o) (Chip_SYSCTL_AssertPeriphReset)
/Users/vinhxu/Desktop/Workspace/lpc_chip_15xx/Debug/liblpc_chip_15xx.a(sysinit_15xx.o)
                              /Users/vinhxu/Desktop/Workspace/lpc_board_nxp_lpcxpresso_1549/Debug/liblpc_board_nxp_lpcxpresso_1549.a(board_sysinit.o) (Chip_SetupXtalClocking)
/Users/vinhxu/Desktop/Workspace/lpc_chip_15xx/Debug/liblpc_chip_15xx.a(uart_15xx.o)
                              /Users/vinhxu/Desktop/Workspace/lpc_board_nxp_lpcxpresso_1549/Debug/liblpc_board_nxp_lpcxpresso_1549.a(board.o) (Chip_UART_Init)
/Users/vinhxu/Desktop/Workspace/lpc_chip_15xx/Debug/liblpc_chip_15xx.a(ring_buffer.o)
                              /Users/vinhxu/Desktop/Workspace/lpc_chip_15xx/Debug/liblpc_chip_15xx.a(uart_15xx.o) (RingBuffer_Insert)
/Applications/lpcxpresso_8.0.0_526/lpcxpresso/tools/bin/../lib/gcc/arm-none-eabi/4.9.3/armv7-m/libgcc.a(_arm_addsubdf3.o)
                              ./src/sensor_Pressure.o (__aeabi_i2d)
/Applications/lpcxpresso_8.0.0_526/lpcxpresso/tools/bin/../lib/gcc/arm-none-eabi/4.9.3/armv7-m/libgcc.a(_arm_muldivdf3.o)
                              ./src/sensor_Pressure.o (__aeabi_ddiv)
/Applications/lpcxpresso_8.0.0_526/lpcxpresso/tools/bin/../lib/gcc/arm-none-eabi/4.9.3/armv7-m/libgcc.a(_aeabi_uldivmod.o)
                              /Users/vinhxu/Desktop/Workspace/lpc_chip_15xx/Debug/liblpc_chip_15xx.a(clock_15xx.o) (__aeabi_uldivmod)
/Applications/lpcxpresso_8.0.0_526/lpcxpresso/tools/bin/../lib/gcc/arm-none-eabi/4.9.3/armv7-m/libgcc.a(bpabi.o)
                              /Applications/lpcxpresso_8.0.0_526/lpcxpresso/tools/bin/../lib/gcc/arm-none-eabi/4.9.3/armv7-m/libgcc.a(_aeabi_uldivmod.o) (__gnu_uldivmod_helper)
/Applications/lpcxpresso_8.0.0_526/lpcxpresso/tools/bin/../lib/gcc/arm-none-eabi/4.9.3/armv7-m/libgcc.a(_dvmd_tls.o)
                              /Applications/lpcxpresso_8.0.0_526/lpcxpresso/tools/bin/../lib/gcc/arm-none-eabi/4.9.3/armv7-m/libgcc.a(_aeabi_uldivmod.o) (__aeabi_ldiv0)
/Applications/lpcxpresso_8.0.0_526/lpcxpresso/tools/bin/../lib/gcc/arm-none-eabi/4.9.3/armv7-m/libgcc.a(_divdi3.o)
                              /Applications/lpcxpresso_8.0.0_526/lpcxpresso/tools/bin/../lib/gcc/arm-none-eabi/4.9.3/armv7-m/libgcc.a(bpabi.o) (__divdi3)
/Applications/lpcxpresso_8.0.0_526/lpcxpresso/tools/bin/../lib/gcc/arm-none-eabi/4.9.3/armv7-m/libgcc.a(_udivdi3.o)
                              /Applications/lpcxpresso_8.0.0_526/lpcxpresso/tools/bin/../lib/gcc/arm-none-eabi/4.9.3/armv7-m/libgcc.a(bpabi.o) (__udivdi3)
/Applications/lpcxpresso_8.0.0_526/lpcxpresso/tools/bin/../lib/gcc/arm-none-eabi/4.9.3/../../../../arm-none-eabi/lib/armv7-m/libc.a(lib_a-init.o)
                              ./src/cr_startup_lpc15xx.o (__libc_init_array)
/Applications/lpcxpresso_8.0.0_526/lpcxpresso/tools/bin/../lib/gcc/arm-none-eabi/4.9.3/../../../../arm-none-eabi/lib/armv7-m/libc.a(lib_a-malloc.o)
                              ./src/cr_cpp_config.o (malloc)
[...]
Memory Configuration

Name             Origin             Length             Attributes
MFlash256        0x0000000000000000 0x0000000000040000 xr
Ram0_16          0x0000000002000000 0x0000000000004000 xrw
Ram1_16          0x0000000002004000 0x0000000000004000 xrw
Ram2_4           0x0000000002008000 0x0000000000001000 xrw
*default*        0x0000000000000000 0xffffffffffffffff

Linker script and memory map

LOAD ./src/I2C.o
LOAD ./src/cr_cpp_config.o
LOAD ./src/cr_startup_lpc15xx.o
LOAD ./src/crp.o
LOAD ./src/retarget_itm.o
LOAD ./src/sensor_Pressure.o
LOAD ./src/sysinit.o
LOAD /Users/vinhxu/Desktop/Workspace/lpc_board_nxp_lpcxpresso_1549/Debug/liblpc_board_nxp_lpcxpresso_1549.a
LOAD /Users/vinhxu/Desktop/Workspace/lpc_chip_15xx/Debug/liblpc_chip_15xx.a
START GROUP
LOAD /Applications/lpcxpresso_8.0.0_526/lpcxpresso/tools/bin/../lib/gcc/arm-none-eabi/4.9.3/armv7-m/libgcc.a
LOAD /Applications/lpcxpresso_8.0.0_526/lpcxpresso/tools/bin/../lib/gcc/arm-none-eabi/4.9.3/../../../../arm-none-eabi/lib/armv7-m/libc.a
LOAD /Applications/lpcxpresso_8.0.0_526/lpcxpresso/tools/bin/../lib/gcc/arm-none-eabi/4.9.3/../../../../arm-none-eabi/lib/armv7-m/libstdc++.a
LOAD /Applications/lpcxpresso_8.0.0_526/lpcxpresso/tools/bin/../lib/gcc/arm-none-eabi/4.9.3/../../../../arm-none-eabi/lib/armv7-m/libm.a
LOAD /Applications/lpcxpresso_8.0.0_526/lpcxpresso/tools/bin/../lib/gcc/arm-none-eabi/4.9.3/../../../../arm-none-eabi/lib/armv7-m/libcr_newlib_nohost.a
LOAD /Applications/lpcxpresso_8.0.0_526/lpcxpresso/tools/bin/../lib/gcc/arm-none-eabi/4.9.3/armv7-m/crti.o
LOAD /Applications/lpcxpresso_8.0.0_526/lpcxpresso/tools/bin/../lib/gcc/arm-none-eabi/4.9.3/armv7-m/crtn.o
LOAD /Applications/lpcxpresso_8.0.0_526/lpcxpresso/tools/bin/../lib/gcc/arm-none-eabi/4.9.3/armv7-m/crtbegin.o
LOAD /Applications/lpcxpresso_8.0.0_526/lpcxpresso/tools/bin/../lib/gcc/arm-none-eabi/4.9.3/armv7-m/crtend.o
END GROUP
                0x0000000000000000                __base_MFlash256 = 0x0
                0x0000000000000000                __base_Flash = 0x0
                0x0000000000040000                __top_MFlash256 = 0x40000
                0x0000000000040000                __top_Flash = 0x40000
                0x0000000002000000                __base_Ram0_16 = 0x2000000
                0x0000000002000000                __base_RAM = 0x2000000
                0x0000000002004000                __top_Ram0_16 = 0x2004000
                0x0000000002004000                __top_RAM = 0x2004000
                0x0000000002004000                __base_Ram1_16 = 0x2004000
                0x0000000002004000                __base_RAM2 = 0x2004000
                0x0000000002008000                __top_Ram1_16 = 0x2008000
                0x0000000002008000                __top_RAM2 = 0x2008000
                0x0000000002008000                __base_Ram2_4 = 0x2008000
                0x0000000002008000                __base_RAM3 = 0x2008000
                0x0000000002009000                __top_Ram2_4 = 0x2009000
                0x0000000002009000                __top_RAM3 = 0x2009000

.text           0x0000000000000000     0x7114
 FILL mask 0xff
                0x0000000000000000                __vectors_start__ = ABSOLUTE (.)
 *(.isr_vector)
 .isr_vector    0x0000000000000000       0xfc ./src/cr_startup_lpc15xx.o
                0x0000000000000000                g_pfnVectors
                0x00000000000000fc                . = ALIGN (0x4)
                0x00000000000000fc                __section_table_start = .
                0x00000000000000fc                __data_section_table = .
                0x00000000000000fc        0x4 LONG 0x711c LOADADDR (.data)
                0x0000000000000100        0x4 LONG 0x2000000 ADDR (.data)
                0x0000000000000104        0x4 LONG 0x8a4 SIZEOF (.data)
                0x0000000000000108        0x4 LONG 0x711c LOADADDR (.data_RAM2)
                0x000000000000010c        0x4 LONG 0x2004000 ADDR (.data_RAM2)
                0x0000000000000110        0x4 LONG 0x0 SIZEOF (.data_RAM2)
                0x0000000000000114        0x4 LONG 0x711c LOADADDR (.data_RAM3)
                0x0000000000000118        0x4 LONG 0x2008000 ADDR (.data_RAM3)
                0x000000000000011c        0x4 LONG 0x0 SIZEOF (.data_RAM3)
                0x0000000000000120                __data_section_table_end = .
                0x0000000000000120                __bss_section_table = .
                0x0000000000000120        0x4 LONG 0x20008a4 ADDR (.bss)
                0x0000000000000124        0x4 LONG 0x60 SIZEOF (.bss)
                0x0000000000000128        0x4 LONG 0x2004000 ADDR (.bss_RAM2)
                0x000000000000012c        0x4 LONG 0x0 SIZEOF (.bss_RAM2)
                0x0000000000000130        0x4 LONG 0x2008000 ADDR (.bss_RAM3)
                0x0000000000000134        0x4 LONG 0x0 SIZEOF (.bss_RAM3)
                0x0000000000000138                __bss_section_table_end = .
                0x0000000000000138                __section_table_end = .
 *(.after_vectors*)
 .after_vectors
                0x0000000000000138      0x158 ./src/cr_startup_lpc15xx.o
                0x0000000000000138                data_init(unsigned int, unsigned int, unsigned int)
                0x000000000000017c                bss_init(unsigned int, unsigned int)
                0x00000000000001b4                ResetISR
                0x0000000000000240                NMI_Handler
                0x0000000000000248                HardFault_Handler
                0x0000000000000250                MemManage_Handler
                0x0000000000000258                BusFault_Handler
                0x0000000000000260                UsageFault_Handler
                0x0000000000000268                SVC_Handler
                0x0000000000000270                DebugMon_Handler
                0x0000000000000278                PendSV_Handler
                0x0000000000000288                PIN_INT6_IRQHandler
                0x0000000000000288                IntDefaultHandler
                0x0000000000000288                PIN_INT4_IRQHandler
                0x0000000000000288                CAN_IRQHandler
                0x0000000000000288                RTC_ALARM_IRQHandler
                0x0000000000000288                ADC1B_IRQHandler
                0x0000000000000288                ADC1_OVR_IRQHandler
                0x0000000000000288                USBWakeup_IRQHandler
                0x0000000000000288                UART2_IRQHandler
                0x0000000000000288                PIN_INT5_IRQHandler
                0x0000000000000288                SCT1_IRQHandler
                0x0000000000000288                PIN_INT2_IRQHandler
                0x0000000000000288                USB_FIQHandler
                0x0000000000000288                SCT3_IRQHandler
                0x0000000000000288                PIN_INT7_IRQHandler
                0x0000000000000288                PIN_INT1_IRQHandler
                0x0000000000000288                USB_IRQHandler
                0x0000000000000288                BOD_IRQHandler
                0x0000000000000288                ADC0B_IRQHandler
                0x0000000000000288                ACMP0_IRQHandler
                0x0000000000000288                WDT_IRQHandler
                0x0000000000000288                PIN_INT0_IRQHandler
                0x0000000000000288                QEI_IRQHandler
                0x0000000000000288                ACMP3_IRQHandler
                0x0000000000000288                GINT0_IRQHandler
                0x0000000000000288                DAC_IRQHandler
                0x0000000000000288                SPI0_IRQHandler
                0x0000000000000288                EEPROM_IRQHandler
                0x0000000000000288                ACMP2_IRQHandler
                0x0000000000000288                ADC1A_IRQHandler
                0x0000000000000288                DMA_IRQHandler
                0x0000000000000288                PIN_INT3_IRQHandler
                0x0000000000000288                ACMP1_IRQHandler
                0x0000000000000288                ADC0A_IRQHandler
                0x0000000000000288                FMC_IRQHandler
                0x0000000000000288                GINT1_IRQHandler
                0x0000000000000288                SCT0_IRQHandler
                0x0000000000000288                ADC0_THCMP_IRQHandler
                0x0000000000000288                RIT_IRQHandler
                0x0000000000000288                I2C0_IRQHandler
                0x0000000000000288                ADC0_OVR_IRQHandler
                0x0000000000000288                ADC1_THCMP_IRQHandler
                0x0000000000000288                SCT2_IRQHandler
                0x0000000000000288                MRT_IRQHandler
                0x0000000000000288                UART1_IRQHandler
                0x0000000000000288                RTC_WAKE_IRQHandler
                0x0000000000000288                UART0_IRQHandler
                0x0000000000000288                SPI1_IRQHandler
 *(.text*)
 .text.Chip_IOCON_PinMuxSet
                0x0000000000000290       0x2c ./src/I2C.o
 .text.Chip_I2C_SetClockDiv
                0x00000000000002bc       0x34 ./src/I2C.o
 .text.Chip_I2CM_Enable
                0x00000000000002f0       0x24 ./src/I2C.o
 .text._ZN3I2CC2Eim
                0x0000000000000314       0x84 ./src/I2C.o
                0x0000000000000314                I2C::I2C(int, unsigned long)
                0x0000000000000314                I2C::I2C(int, unsigned long)
 .text._ZN3I2CD2Ev
                0x0000000000000398       0x28 ./src/I2C.o
                0x0000000000000398                I2C::~I2C()
                0x0000000000000398                I2C::~I2C()
 .text._ZN3I2CD0Ev
                0x00000000000003c0       0x20 ./src/I2C.o
                0x00000000000003c0                I2C::~I2C()
 .text._ZN3I2C11transactionEhPhtS0_t
                0x00000000000003e0       0x50 ./src/I2C.o
                0x00000000000003e0                I2C::transaction(unsigned char, unsigned char*, unsigned short, unsigned char*, unsigned short)
 .text._ZdlPv   0x0000000000000430       0x14 ./src/cr_cpp_config.o
                0x0000000000000430                operator delete(void*)
 .text._write   0x0000000000000444       0x7c ./src/retarget_itm.o
                0x0000000000000444                _write
 .text._read    0x00000000000004c0       0xb4 ./src/retarget_itm.o
                0x00000000000004c0                _read
 .text.NVIC_SetPriority
                0x0000000000000574       0x54 ./src/sensor_Pressure.o
 .text.SysTick_Config
                0x00000000000005c8       0x44 ./src/sensor_Pressure.o
 .text.Chip_SWM_MovablePortPinAssign
                0x000000000000060c       0x30 ./src/sensor_Pressure.o
 .text.SysTick_Handler
                0x000000000000063c       0x2c ./src/sensor_Pressure.o
                0x000000000000063c                SysTick_Handler
 .text._Z5Sleepi
                0x0000000000000668       0x34 ./src/sensor_Pressure.o
                0x0000000000000668                Sleep(int)
 .text._Z7i2cTestv
                0x000000000000069c       0x94 ./src/sensor_Pressure.o
                0x000000000000069c                i2cTest()
 .text.main     0x0000000000000730       0x5c ./src/sensor_Pressure.o
                0x0000000000000730                main
 .text.SystemInit
                0x000000000000078c        0xc ./src/sysinit.o
                0x000000000000078c                SystemInit
 .text.Chip_IOCON_PinMuxSet
                0x0000000000000798       0x2c /Users/vinhxu/Desktop/Workspace/lpc_board_nxp_lpcxpresso_1549/Debug/liblpc_board_nxp_lpcxpresso_1549.a(board.o)
 .text.Chip_SWM_MovablePortPinAssign
                0x00000000000007c4       0x30 /Users/vinhxu/Desktop/Workspace/lpc_board_nxp_lpcxpresso_1549/Debug/liblpc_board_nxp_lpcxpresso_1549.a(board.o)
 .text.Chip_GPIO_SetPinState
                0x00000000000007f4       0x38 /Users/vinhxu/Desktop/Workspace/lpc_board_nxp_lpcxpresso_1549/Debug/liblpc_board_nxp_lpcxpresso_1549.a(board.o)
 .text.Chip_GPIO_SetPinDIROutput
                0x000000000000082c       0x3c /Users/vinhxu/Desktop/Workspace/lpc_board_nxp_lpcxpresso_1549/Debug/liblpc_board_nxp_lpcxpresso_1549.a(board.o)
 .text.Chip_UART_Enable
                0x0000000000000868       0x20 /Users/vinhxu/Desktop/Workspace/lpc_board_nxp_lpcxpresso_1549/Debug/liblpc_board_nxp_lpcxpresso_1549.a(board.o)
 .text.Chip_UART_TXEnable
                0x0000000000000888       0x20 /Users/vinhxu/Desktop/Workspace/lpc_board_nxp_lpcxpresso_1549/Debug/liblpc_board_nxp_lpcxpresso_1549.a(board.o)
 .text.Chip_UART_ConfigData
                0x00000000000008a8       0x28 /Users/vinhxu/Desktop/Workspace/lpc_board_nxp_lpcxpresso_1549/Debug/liblpc_board_nxp_lpcxpresso_1549.a(board.o)
 .text.Board_Debug_Init
                0x00000000000008d0       0x6c /Users/vinhxu/Desktop/Workspace/lpc_board_nxp_lpcxpresso_1549/Debug/liblpc_board_nxp_lpcxpresso_1549.a(board.o)
                0x00000000000008d0                Board_Debug_Init
 .text.Board_LED_Init
                0x000000000000093c       0x5c /Users/vinhxu/Desktop/Workspace/lpc_board_nxp_lpcxpresso_1549/Debug/liblpc_board_nxp_lpcxpresso_1549.a(board.o)
 .text.Board_LED_Set
                0x0000000000000998       0x50 /Users/vinhxu/Desktop/Workspace/lpc_board_nxp_lpcxpresso_1549/Debug/liblpc_board_nxp_lpcxpresso_1549.a(board.o)
                0x0000000000000998                Board_LED_Set
 .text.Board_Init
                0x00000000000009e8       0x18 /Users/vinhxu/Desktop/Workspace/lpc_board_nxp_lpcxpresso_1549/Debug/liblpc_board_nxp_lpcxpresso_1549.a(board.o)
                0x00000000000009e8                Board_Init
 .text.Chip_SYSCTL_PeriphReset
                0x0000000000000a00       0x20 /Users/vinhxu/Desktop/Workspace/lpc_board_nxp_lpcxpresso_1549/Debug/liblpc_board_nxp_lpcxpresso_1549.a(board_sysinit.o)
 .text.Chip_Clock_SetUSBPLLSource
                0x0000000000000a20       0x20 /Users/vinhxu/Desktop/Workspace/lpc_board_nxp_lpcxpresso_1549/Debug/liblpc_board_nxp_lpcxpresso_1549.a(board_sysinit.o)
 .text.Chip_Clock_SetupUSBPLL
                0x0000000000000a40       0x34 /Users/vinhxu/Desktop/Workspace/lpc_board_nxp_lpcxpresso_1549/Debug/liblpc_board_nxp_lpcxpresso_1549.a(board_sysinit.o)
 .text.Chip_Clock_IsUSBPLLLocked
                0x0000000000000a74       0x28 /Users/vinhxu/Desktop/Workspace/lpc_board_nxp_lpcxpresso_1549/Debug/liblpc_board_nxp_lpcxpresso_1549.a(board_sysinit.o)
 .text.Chip_Clock_SetSysTickClockDiv
                0x0000000000000a9c       0x20 /Users/vinhxu/Desktop/Workspace/lpc_board_nxp_lpcxpresso_1549/Debug/liblpc_board_nxp_lpcxpresso_1549.a(board_sysinit.o)
 .text.Chip_SWM_MovablePortPinAssign
                0x0000000000000abc       0x30 /Users/vinhxu/Desktop/Workspace/lpc_board_nxp_lpcxpresso_1549/Debug/liblpc_board_nxp_lpcxpresso_1549.a(board_sysinit.o)
 .text.Board_SetupMuxing
                0x0000000000000aec       0x84 /Users/vinhxu/Desktop/Workspace/lpc_board_nxp_lpcxpresso_1549/Debug/liblpc_board_nxp_lpcxpresso_1549.a(board_sysinit.o)
                0x0000000000000aec                Board_SetupMuxing
 .text.Board_SetupClocking
                0x0000000000000b70       0x38 /Users/vinhxu/Desktop/Workspace/lpc_board_nxp_lpcxpresso_1549/Debug/liblpc_board_nxp_lpcxpresso_1549.a(board_sysinit.o)
                0x0000000000000b70                Board_SetupClocking
 .text.Board_SystemInit
                0x0000000000000ba8       0x1c /Users/vinhxu/Desktop/Workspace/lpc_board_nxp_lpcxpresso_1549/Debug/liblpc_board_nxp_lpcxpresso_1549.a(board_sysinit.o)
                0x0000000000000ba8                Board_SystemInit
 .text.SystemCoreClockUpdate
                0x0000000000000bc4       0x14 /Users/vinhxu/Desktop/Workspace/lpc_chip_15xx/Debug/liblpc_chip_15xx.a(chip_15xx.o)
                0x0000000000000bc4                SystemCoreClockUpdate
 .text.Chip_Clock_SetMain_A_ClockSource
                0x0000000000000bd8       0x20 /Users/vinhxu/Desktop/Workspace/lpc_chip_15xx/Debug/liblpc_chip_15xx.a(clock_15xx.o)
 .text.Chip_Clock_GetMain_A_ClockSource
                0x0000000000000bf8       0x1c /Users/vinhxu/Desktop/Workspace/lpc_chip_15xx/Debug/liblpc_chip_15xx.a(clock_15xx.o)
 .text.Chip_Clock_SetMain_B_ClockSource
                0x0000000000000c14       0x20 /Users/vinhxu/Desktop/Workspace/lpc_chip_15xx/Debug/liblpc_chip_15xx.a(clock_15xx.o)
 .text.Chip_Clock_GetMain_B_ClockSource
                0x0000000000000c34       0x1c /Users/vinhxu/Desktop/Workspace/lpc_chip_15xx/Debug/liblpc_chip_15xx.a(clock_15xx.o)
 .text.Chip_Clock_SetUARTFRGDivider
                0x0000000000000c50       0x20 /Users/vinhxu/Desktop/Workspace/lpc_chip_15xx/Debug/liblpc_chip_15xx.a(clock_15xx.o)
 .text.Chip_Clock_GetUARTFRGDivider
                0x0000000000000c70       0x18 /Users/vinhxu/Desktop/Workspace/lpc_chip_15xx/Debug/liblpc_chip_15xx.a(clock_15xx.o)
 .text.Chip_Clock_GetMainOscRate
                0x0000000000000c88       0x18 /Users/vinhxu/Desktop/Workspace/lpc_chip_15xx/Debug/liblpc_chip_15xx.a(clock_15xx.o)
 .text.Chip_Clock_GetIntOscRate
                0x0000000000000ca0       0x14 /Users/vinhxu/Desktop/Workspace/lpc_chip_15xx/Debug/liblpc_chip_15xx.a(clock_15xx.o)
 .text.Chip_Clock_GetRTCOscRate
                0x0000000000000cb4       0x18 /Users/vinhxu/Desktop/Workspace/lpc_chip_15xx/Debug/liblpc_chip_15xx.a(clock_15xx.o)
 .text.Chip_Clock_GetWDTOSCRate
                0x0000000000000ccc       0x14 /Users/vinhxu/Desktop/Workspace/lpc_chip_15xx/Debug/liblpc_chip_15xx.a(clock_15xx.o)
 .text.Chip_Clock_GetPLLFreq
                0x0000000000000ce0       0x28 /Users/vinhxu/Desktop/Workspace/lpc_chip_15xx/Debug/liblpc_chip_15xx.a(clock_15xx.o)
 .text.Chip_Clock_GetPLLInClockRate
                0x0000000000000d08       0x38 /Users/vinhxu/Desktop/Workspace/lpc_chip_15xx/Debug/liblpc_chip_15xx.a(clock_15xx.o)
 .text.Chip_Clock_GetSystemPLLInClockRate
                0x0000000000000d40       0x1c /Users/vinhxu/Desktop/Workspace/lpc_chip_15xx/Debug/liblpc_chip_15xx.a(clock_15xx.o)
                0x0000000000000d40                Chip_Clock_GetSystemPLLInClockRate
 .text.Chip_Clock_GetSystemPLLOutClockRate
                0x0000000000000d5c       0x24 /Users/vinhxu/Desktop/Workspace/lpc_chip_15xx/Debug/liblpc_chip_15xx.a(clock_15xx.o)
                0x0000000000000d5c                Chip_Clock_GetSystemPLLOutClockRate
 .text.Chip_Clock_GetMain_A_ClockRate
                0x0000000000000d80       0x44 /Users/vinhxu/Desktop/Workspace/lpc_chip_15xx/Debug/liblpc_chip_15xx.a(clock_15xx.o)
                0x0000000000000d80                Chip_Clock_GetMain_A_ClockRate
 .text.Chip_Clock_GetMain_B_ClockRate
                0x0000000000000dc4       0x58 /Users/vinhxu/Desktop/Workspace/lpc_chip_15xx/Debug/liblpc_chip_15xx.a(clock_15xx.o)
                0x0000000000000dc4                Chip_Clock_GetMain_B_ClockRate
 .text.Chip_Clock_SetMainClockSource
                0x0000000000000e1c       0x3c /Users/vinhxu/Desktop/Workspace/lpc_chip_15xx/Debug/liblpc_chip_15xx.a(clock_15xx.o)
                0x0000000000000e1c                Chip_Clock_SetMainClockSource
 .text.Chip_Clock_GetMainClockRate
                0x0000000000000e58       0x28 /Users/vinhxu/Desktop/Workspace/lpc_chip_15xx/Debug/liblpc_chip_15xx.a(clock_15xx.o)
                0x0000000000000e58                Chip_Clock_GetMainClockRate
 .text.Chip_Clock_EnablePeriphClock
                0x0000000000000e80       0x54 /Users/vinhxu/Desktop/Workspace/lpc_chip_15xx/Debug/liblpc_chip_15xx.a(clock_15xx.o)
                0x0000000000000e80                Chip_Clock_EnablePeriphClock
 .text.Chip_Clock_GetUARTBaseClockRate
                0x0000000000000ed4       0x88 /Users/vinhxu/Desktop/Workspace/lpc_chip_15xx/Debug/liblpc_chip_15xx.a(clock_15xx.o)
                0x0000000000000ed4                Chip_Clock_GetUARTBaseClockRate
 .text.Chip_Clock_SetUARTBaseClockRate
                0x0000000000000f5c       0xa0 /Users/vinhxu/Desktop/Workspace/lpc_chip_15xx/Debug/liblpc_chip_15xx.a(clock_15xx.o)
                0x0000000000000f5c                Chip_Clock_SetUARTBaseClockRate
 .text.Chip_Clock_GetSystemClockRate
                0x0000000000000ffc       0x1c /Users/vinhxu/Desktop/Workspace/lpc_chip_15xx/Debug/liblpc_chip_15xx.a(clock_15xx.o)
                0x0000000000000ffc                Chip_Clock_GetSystemClockRate
 .text.Chip_SYSCTL_PeriphReset
                0x0000000000001018       0x20 /Users/vinhxu/Desktop/Workspace/lpc_chip_15xx/Debug/liblpc_chip_15xx.a(gpio_15xx.o)
 .text.Chip_GPIO_Init
                0x0000000000001038       0x2c /Users/vinhxu/Desktop/Workspace/lpc_chip_15xx/Debug/liblpc_chip_15xx.a(gpio_15xx.o)
                0x0000000000001038                Chip_GPIO_Init
 .text.Chip_SYSCTL_PeriphReset
                0x0000000000001064       0x20 /Users/vinhxu/Desktop/Workspace/lpc_chip_15xx/Debug/liblpc_chip_15xx.a(i2c_common_15xx.o)
 .text.Chip_I2C_Init
                0x0000000000001084       0x1c /Users/vinhxu/Desktop/Workspace/lpc_chip_15xx/Debug/liblpc_chip_15xx.a(i2c_common_15xx.o)
                0x0000000000001084                Chip_I2C_Init
 .text.Chip_I2C_GetClockDiv
                0x00000000000010a0       0x1c /Users/vinhxu/Desktop/Workspace/lpc_chip_15xx/Debug/liblpc_chip_15xx.a(i2cm_15xx.o)
 .text.Chip_I2CM_SetDutyCycle
                0x00000000000010bc       0x34 /Users/vinhxu/Desktop/Workspace/lpc_chip_15xx/Debug/liblpc_chip_15xx.a(i2cm_15xx.o)
 .text.Chip_I2CM_GetStatus
                0x00000000000010f0       0x18 /Users/vinhxu/Desktop/Workspace/lpc_chip_15xx/Debug/liblpc_chip_15xx.a(i2cm_15xx.o)
 .text.Chip_I2CM_ClearStatus
                0x0000000000001108       0x20 /Users/vinhxu/Desktop/Workspace/lpc_chip_15xx/Debug/liblpc_chip_15xx.a(i2cm_15xx.o)
 .text.Chip_I2CM_IsMasterPending
                0x0000000000001128       0x28 /Users/vinhxu/Desktop/Workspace/lpc_chip_15xx/Debug/liblpc_chip_15xx.a(i2cm_15xx.o)
 .text.Chip_I2CM_GetMasterState
                0x0000000000001150       0x20 /Users/vinhxu/Desktop/Workspace/lpc_chip_15xx/Debug/liblpc_chip_15xx.a(i2cm_15xx.o)
 .text.Chip_I2CM_SendStart
                0x0000000000001170       0x18 /Users/vinhxu/Desktop/Workspace/lpc_chip_15xx/Debug/liblpc_chip_15xx.a(i2cm_15xx.o)
 .text.Chip_I2CM_SendStop
                0x0000000000001188       0x18 /Users/vinhxu/Desktop/Workspace/lpc_chip_15xx/Debug/liblpc_chip_15xx.a(i2cm_15xx.o)
 .text.Chip_I2CM_MasterContinue
                0x00000000000011a0       0x18 /Users/vinhxu/Desktop/Workspace/lpc_chip_15xx/Debug/liblpc_chip_15xx.a(i2cm_15xx.o)
 .text.Chip_I2CM_WriteByte
                0x00000000000011b8       0x1c /Users/vinhxu/Desktop/Workspace/lpc_chip_15xx/Debug/liblpc_chip_15xx.a(i2cm_15xx.o)
 .text.Chip_I2CM_SetBusSpeed
                0x00000000000011d4       0x48 /Users/vinhxu/Desktop/Workspace/lpc_chip_15xx/Debug/liblpc_chip_15xx.a(i2cm_15xx.o)
                0x00000000000011d4                Chip_I2CM_SetBusSpeed
 .text.Chip_I2CM_XferHandler
                0x000000000000121c      0x160 /Users/vinhxu/Desktop/Workspace/lpc_chip_15xx/Debug/liblpc_chip_15xx.a(i2cm_15xx.o)
                0x000000000000121c                Chip_I2CM_XferHandler
 .text.Chip_I2CM_Xfer
                0x000000000000137c       0x4c /Users/vinhxu/Desktop/Workspace/lpc_chip_15xx/Debug/liblpc_chip_15xx.a(i2cm_15xx.o)
                0x000000000000137c                Chip_I2CM_Xfer
 .text.Chip_I2CM_XferBlocking
                0x00000000000013c8       0x48 /Users/vinhxu/Desktop/Workspace/lpc_chip_15xx/Debug/liblpc_chip_15xx.a(i2cm_15xx.o)
                0x00000000000013c8                Chip_I2CM_XferBlocking
 .text.Chip_IOCON_PinMuxSet
                0x0000000000001410       0x2c /Users/vinhxu/Desktop/Workspace/lpc_chip_15xx/Debug/liblpc_chip_15xx.a(iocon_15xx.o)
 .text.Chip_IOCON_SetPinMuxing
                0x000000000000143c       0x4c /Users/vinhxu/Desktop/Workspace/lpc_chip_15xx/Debug/liblpc_chip_15xx.a(iocon_15xx.o)
                0x000000000000143c                Chip_IOCON_SetPinMuxing
 .text.Chip_SWM_MovablePinAssign
                0x0000000000001488       0x5c /Users/vinhxu/Desktop/Workspace/lpc_chip_15xx/Debug/liblpc_chip_15xx.a(swm_15xx.o)
                0x0000000000001488                Chip_SWM_MovablePinAssign
 .text.Chip_SWM_EnableFixedPin
                0x00000000000014e4       0x48 /Users/vinhxu/Desktop/Workspace/lpc_chip_15xx/Debug/liblpc_chip_15xx.a(swm_15xx.o)
                0x00000000000014e4                Chip_SWM_EnableFixedPin
 .text.Chip_SYSCTL_AssertPeriphReset
                0x000000000000152c       0x48 /Users/vinhxu/Desktop/Workspace/lpc_chip_15xx/Debug/liblpc_chip_15xx.a(sysctl_15xx.o)
                0x000000000000152c                Chip_SYSCTL_AssertPeriphReset
 .text.Chip_SYSCTL_DeassertPeriphReset
                0x0000000000001574       0x4c /Users/vinhxu/Desktop/Workspace/lpc_chip_15xx/Debug/liblpc_chip_15xx.a(sysctl_15xx.o)
                0x0000000000001574                Chip_SYSCTL_DeassertPeriphReset
 .text.Chip_SYSCTL_PowerDown
                0x00000000000015c0       0x40 /Users/vinhxu/Desktop/Workspace/lpc_chip_15xx/Debug/liblpc_chip_15xx.a(sysctl_15xx.o)
                0x00000000000015c0                Chip_SYSCTL_PowerDown
 .text.Chip_SYSCTL_PowerUp
                0x0000000000001600       0x40 /Users/vinhxu/Desktop/Workspace/lpc_chip_15xx/Debug/liblpc_chip_15xx.a(sysctl_15xx.o)
                0x0000000000001600                Chip_SYSCTL_PowerUp
 .text.Chip_FMC_SetFLASHAccess
                0x0000000000001640       0x38 /Users/vinhxu/Desktop/Workspace/lpc_chip_15xx/Debug/liblpc_chip_15xx.a(sysinit_15xx.o)
 .text.Chip_Clock_SetSystemPLLSource
                0x0000000000001678       0x20 /Users/vinhxu/Desktop/Workspace/lpc_chip_15xx/Debug/liblpc_chip_15xx.a(sysinit_15xx.o)
 .text.Chip_Clock_SetupSystemPLL
                0x0000000000001698       0x34 /Users/vinhxu/Desktop/Workspace/lpc_chip_15xx/Debug/liblpc_chip_15xx.a(sysinit_15xx.o)
 .text.Chip_Clock_IsSystemPLLLocked
                0x00000000000016cc       0x28 /Users/vinhxu/Desktop/Workspace/lpc_chip_15xx/Debug/liblpc_chip_15xx.a(sysinit_15xx.o)
 .text.Chip_Clock_SetSysClockDiv
                0x00000000000016f4       0x20 /Users/vinhxu/Desktop/Workspace/lpc_chip_15xx/Debug/liblpc_chip_15xx.a(sysinit_15xx.o)
 .text.Chip_SetupXtalClocking
                0x0000000000001714       0x6c /Users/vinhxu/Desktop/Workspace/lpc_chip_15xx/Debug/liblpc_chip_15xx.a(sysinit_15xx.o)
                0x0000000000001714                Chip_SetupXtalClocking
 .text.Chip_SYSCTL_PeriphReset
                0x0000000000001780       0x20 /Users/vinhxu/Desktop/Workspace/lpc_chip_15xx/Debug/liblpc_chip_15xx.a(uart_15xx.o)
 .text.getUARTClockID
                0x00000000000017a0       0x38 /Users/vinhxu/Desktop/Workspace/lpc_chip_15xx/Debug/liblpc_chip_15xx.a(uart_15xx.o)
 .text.Chip_UART_Init
                0x00000000000017d8       0x4c /Users/vinhxu/Desktop/Workspace/lpc_chip_15xx/Debug/liblpc_chip_15xx.a(uart_15xx.o)
                0x00000000000017d8                Chip_UART_Init
 .text.Chip_UART_SetBaud
                0x0000000000001824       0x28 /Users/vinhxu/Desktop/Workspace/lpc_chip_15xx/Debug/liblpc_chip_15xx.a(uart_15xx.o)
                0x0000000000001824                Chip_UART_SetBaud
 .text          0x000000000000184c      0x370 /Applications/lpcxpresso_8.0.0_526/lpcxpresso/tools/bin/../lib/gcc/arm-none-eabi/4.9.3/armv7-m/libgcc.a(_arm_addsubdf3.o)
                0x000000000000184c                __aeabi_drsub
                0x0000000000001854                __subdf3
                0x0000000000001854                __aeabi_dsub
                0x0000000000001858                __aeabi_dadd
                0x0000000000001858                __adddf3
                0x0000000000001ad0                __aeabi_ui2d
                0x0000000000001ad0                __floatunsidf
                0x0000000000001af0                __floatsidf
                0x0000000000001af0                __aeabi_i2d
                0x0000000000001b14                __extendsfdf2
                0x0000000000001b14                __aeabi_f2d
                0x0000000000001b50                __aeabi_ul2d
                0x0000000000001b50                __floatundidf
                0x0000000000001b60                __aeabi_l2d
                0x0000000000001b60                __floatdidf
 .text          0x0000000000001bbc      0x424 /Applications/lpcxpresso_8.0.0_526/lpcxpresso/tools/bin/../lib/gcc/arm-none-eabi/4.9.3/armv7-m/libgcc.a(_arm_muldivdf3.o)
                0x0000000000001bbc                __aeabi_dmul
                0x0000000000001bbc                __muldf3
                0x0000000000001e10                __aeabi_ddiv
                0x0000000000001e10                __divdf3
 .text          0x0000000000001fe0       0x30 /Applications/lpcxpresso_8.0.0_526/lpcxpresso/tools/bin/../lib/gcc/arm-none-eabi/4.9.3/armv7-m/libgcc.a(_aeabi_uldivmod.o)
                0x0000000000001fe0                __aeabi_uldivmod
 .text          0x0000000000002010       0x60 /Applications/lpcxpresso_8.0.0_526/lpcxpresso/tools/bin/../lib/gcc/arm-none-eabi/4.9.3/armv7-m/libgcc.a(bpabi.o)
                0x0000000000002010                __gnu_ldivmod_helper
                0x0000000000002040                __gnu_uldivmod_helper
 .text          0x0000000000002070        0x4 /Applications/lpcxpresso_8.0.0_526/lpcxpresso/tools/bin/../lib/gcc/arm-none-eabi/4.9.3/armv7-m/libgcc.a(_dvmd_tls.o)
                0x0000000000002070                __aeabi_ldiv0
                0x0000000000002070                __aeabi_idiv0
 .text          0x0000000000002074      0x2ac /Applications/lpcxpresso_8.0.0_526/lpcxpresso/tools/bin/../lib/gcc/arm-none-eabi/4.9.3/armv7-m/libgcc.a(_divdi3.o)
                0x0000000000002074                __divdi3
 .text          0x0000000000002320      0x270 /Applications/lpcxpresso_8.0.0_526/lpcxpresso/tools/bin/../lib/gcc/arm-none-eabi/4.9.3/armv7-m/libgcc.a(_udivdi3.o)
                0x0000000000002320                __udivdi3
 .text.__libc_init_array
                0x0000000000002590       0x50 /Applications/lpcxpresso_8.0.0_526/lpcxpresso/tools/bin/../lib/gcc/arm-none-eabi/4.9.3/../../../../arm-none-eabi/lib/armv7-m/libc.a(lib_a-init.o)
                0x0000000000002590                __libc_init_array
 .text.free     0x00000000000025e0       0x10 /Applications/lpcxpresso_8.0.0_526/lpcxpresso/tools/bin/../lib/gcc/arm-none-eabi/4.9.3/../../../../arm-none-eabi/lib/armv7-m/libc.a(lib_a-malloc.o)
                0x00000000000025e0                free
 .text._malloc_r
                0x00000000000025f0      0x50c /Applications/lpcxpresso_8.0.0_526/lpcxpresso/tools/bin/../lib/gcc/arm-none-eabi/4.9.3/../../../../arm-none-eabi/lib/armv7-m/libc.a(lib_a-mallocr.o)
                0x00000000000025f0                _malloc_r
 .text          0x0000000000002afc       0xec /Applications/lpcxpresso_8.0.0_526/lpcxpresso/tools/bin/../lib/gcc/arm-none-eabi/4.9.3/../../../../arm-none-eabi/lib/armv7-m/libc.a(lib_a-memcpy.o)
                0x0000000000002afc                memcpy
 .text.__malloc_lock
                0x0000000000002be8        0x4 /Applications/lpcxpresso_8.0.0_526/lpcxpresso/tools/bin/../lib/gcc/arm-none-eabi/4.9.3/../../../../arm-none-eabi/lib/armv7-m/libc.a(lib_a-mlock.o)
                0x0000000000002be8                __malloc_lock
 .text.__malloc_unlock
                0x0000000000002bec        0x4 /Applications/lpcxpresso_8.0.0_526/lpcxpresso/tools/bin/../lib/gcc/arm-none-eabi/4.9.3/../../../../arm-none-eabi/lib/armv7-m/libc.a(lib_a-mlock.o)
                0x0000000000002bec                __malloc_unlock
 .text.printf   0x0000000000002bf0       0x28 /Applications/lpcxpresso_8.0.0_526/lpcxpresso/tools/bin/../lib/gcc/arm-none-eabi/4.9.3/../../../../arm-none-eabi/lib/armv7-m/libc.a(lib_a-printf.o)
                0x0000000000002bf0                printf
 .text._sbrk_r  0x0000000000002c18       0x24 /Applications/lpcxpresso_8.0.0_526/lpcxpresso/tools/bin/../lib/gcc/arm-none-eabi/4.9.3/../../../../arm-none-eabi/lib/armv7-m/libc.a(lib_a-sbrkr.o)
                0x0000000000002c18                _sbrk_r
 .text._vfprintf_r
                0x0000000000002c3c     0x1448 /Applications/lpcxpresso_8.0.0_526/lpcxpresso/tools/bin/../lib/gcc/arm-none-eabi/4.9.3/../../../../arm-none-eabi/lib/armv7-m/libc.a(lib_a-vfprintf.o)
                0x0000000000002c3c                _vfprintf_r
 .text.__sbprintf
                0x0000000000004084       0x7c /Applications/lpcxpresso_8.0.0_526/lpcxpresso/tools/bin/../lib/gcc/arm-none-eabi/4.9.3/../../../../arm-none-eabi/lib/armv7-m/libc.a(lib_a-vfprintf.o)
 .text.__swsetup_r
                0x0000000000004100       0xc4 /Applications/lpcxpresso_8.0.0_526/lpcxpresso/tools/bin/../lib/gcc/arm-none-eabi/4.9.3/../../../../arm-none-eabi/lib/armv7-m/libc.a(lib_a-wsetup.o)
                0x0000000000004100                __swsetup_r
 .text.quorem   0x00000000000041c4      0x130 /Applications/lpcxpresso_8.0.0_526/lpcxpresso/tools/bin/../lib/gcc/arm-none-eabi/4.9.3/../../../../arm-none-eabi/lib/armv7-m/libc.a(lib_a-dtoa.o)
 *fill*         0x00000000000042f4        0x4 
 .text._dtoa_r  0x00000000000042f8      0xea4 /Applications/lpcxpresso_8.0.0_526/lpcxpresso/tools/bin/../lib/gcc/arm-none-eabi/4.9.3/../../../../arm-none-eabi/lib/armv7-m/libc.a(lib_a-dtoa.o)
                0x00000000000042f8                _dtoa_r
 .text.__sflush_r
                0x000000000000519c      0x148 /Applications/lpcxpresso_8.0.0_526/lpcxpresso/tools/bin/../lib/gcc/arm-none-eabi/4.9.3/../../../../arm-none-eabi/lib/armv7-m/libc.a(lib_a-fflush.o)
                0x000000000000519c                __sflush_r
 .text._fflush_r
                0x00000000000052e4       0x2c /Applications/lpcxpresso_8.0.0_526/lpcxpresso/tools/bin/../lib/gcc/arm-none-eabi/4.9.3/../../../../arm-none-eabi/lib/armv7-m/libc.a(lib_a-fflush.o)
                0x00000000000052e4                _fflush_r
 .text._cleanup_r
                0x0000000000005310        0xc /Applications/lpcxpresso_8.0.0_526/lpcxpresso/tools/bin/../lib/gcc/arm-none-eabi/4.9.3/../../../../arm-none-eabi/lib/armv7-m/libc.a(lib_a-findfp.o)
                0x0000000000005310                _cleanup_r
 .text.__sinit.part.1
                0x000000000000531c       0xf0 /Applications/lpcxpresso_8.0.0_526/lpcxpresso/tools/bin/../lib/gcc/arm-none-eabi/4.9.3/../../../../arm-none-eabi/lib/armv7-m/libc.a(lib_a-findfp.o)
 .text.__sinit  0x000000000000540c        0xc /Applications/lpcxpresso_8.0.0_526/lpcxpresso/tools/bin/../lib/gcc/arm-none-eabi/4.9.3/../../../../arm-none-eabi/lib/armv7-m/libc.a(lib_a-findfp.o)
                0x000000000000540c                __sinit
 .text.__sfp_lock_acquire
                0x0000000000005418        0x4 /Applications/lpcxpresso_8.0.0_526/lpcxpresso/tools/bin/../lib/gcc/arm-none-eabi/4.9.3/../../../../arm-none-eabi/lib/armv7-m/libc.a(lib_a-findfp.o)
                0x0000000000005418                __sfp_lock_acquire
 .text.__sfp_lock_release
                0x000000000000541c        0x4 /Applications/lpcxpresso_8.0.0_526/lpcxpresso/tools/bin/../lib/gcc/arm-none-eabi/4.9.3/../../../../arm-none-eabi/lib/armv7-m/libc.a(lib_a-findfp.o)
                0x000000000000541c                __sfp_lock_release
 .text._malloc_trim_r
                0x0000000000005420       0x9c /Applications/lpcxpresso_8.0.0_526/lpcxpresso/tools/bin/../lib/gcc/arm-none-eabi/4.9.3/../../../../arm-none-eabi/lib/armv7-m/libc.a(lib_a-freer.o)
                0x0000000000005420                _malloc_trim_r
 .text._free_r  0x00000000000054bc      0x1b0 /Applications/lpcxpresso_8.0.0_526/lpcxpresso/tools/bin/../lib/gcc/arm-none-eabi/4.9.3/../../../../arm-none-eabi/lib/armv7-m/libc.a(lib_a-freer.o)
                0x00000000000054bc                _free_r
 .text._fwalk_reent
                0x000000000000566c       0x50 /Applications/lpcxpresso_8.0.0_526/lpcxpresso/tools/bin/../lib/gcc/arm-none-eabi/4.9.3/../../../../arm-none-eabi/lib/armv7-m/libc.a(lib_a-fwalk.o)
                0x000000000000566c                _fwalk_reent
 .text.__locale_charset
                0x00000000000056bc        0x8 /Applications/lpcxpresso_8.0.0_526/lpcxpresso/tools/bin/../lib/gcc/arm-none-eabi/4.9.3/../../../../arm-none-eabi/lib/armv7-m/libc.a(lib_a-locale.o)
                0x00000000000056bc                __locale_charset
 .text.__locale_mb_cur_max
                0x00000000000056c4        0xc /Applications/lpcxpresso_8.0.0_526/lpcxpresso/tools/bin/../lib/gcc/arm-none-eabi/4.9.3/../../../../arm-none-eabi/lib/armv7-m/libc.a(lib_a-locale.o)
                0x00000000000056c4                __locale_mb_cur_max
 .text._localeconv_r
                0x00000000000056d0        0x8 /Applications/lpcxpresso_8.0.0_526/lpcxpresso/tools/bin/../lib/gcc/arm-none-eabi/4.9.3/../../../../arm-none-eabi/lib/armv7-m/libc.a(lib_a-locale.o)
                0x00000000000056d0                _localeconv_r
 .text.__smakebuf_r
                0x00000000000056d8       0xe0 /Applications/lpcxpresso_8.0.0_526/lpcxpresso/tools/bin/../lib/gcc/arm-none-eabi/4.9.3/../../../../arm-none-eabi/lib/armv7-m/libc.a(lib_a-makebuf.o)
                0x00000000000056d8                __smakebuf_r
 .text.memchr   0x00000000000057b8       0x94 /Applications/lpcxpresso_8.0.0_526/lpcxpresso/tools/bin/../lib/gcc/arm-none-eabi/4.9.3/../../../../arm-none-eabi/lib/armv7-m/libc.a(lib_a-memchr.o)
                0x00000000000057b8                memchr
 .text.memset   0x000000000000584c       0x9c /Applications/lpcxpresso_8.0.0_526/lpcxpresso/tools/bin/../lib/gcc/arm-none-eabi/4.9.3/../../../../arm-none-eabi/lib/armv7-m/libc.a(lib_a-memset.o)
                0x000000000000584c                memset
 .text._Balloc  0x00000000000058e8       0x50 /Applications/lpcxpresso_8.0.0_526/lpcxpresso/tools/bin/../lib/gcc/arm-none-eabi/4.9.3/../../../../arm-none-eabi/lib/armv7-m/libc.a(lib_a-mprec.o)
                0x00000000000058e8                _Balloc
 .text._Bfree   0x0000000000005938       0x14 /Applications/lpcxpresso_8.0.0_526/lpcxpresso/tools/bin/../lib/gcc/arm-none-eabi/4.9.3/../../../../arm-none-eabi/lib/armv7-m/libc.a(lib_a-mprec.o)
                0x0000000000005938                _Bfree
 .text.__multadd
                0x000000000000594c       0x84 /Applications/lpcxpresso_8.0.0_526/lpcxpresso/tools/bin/../lib/gcc/arm-none-eabi/4.9.3/../../../../arm-none-eabi/lib/armv7-m/libc.a(lib_a-mprec.o)
                0x000000000000594c                __multadd
 .text.__hi0bits
                0x00000000000059d0       0x40 /Applications/lpcxpresso_8.0.0_526/lpcxpresso/tools/bin/../lib/gcc/arm-none-eabi/4.9.3/../../../../arm-none-eabi/lib/armv7-m/libc.a(lib_a-mprec.o)
                0x00000000000059d0                __hi0bits
 .text.__lo0bits
                0x0000000000005a10       0x5c /Applications/lpcxpresso_8.0.0_526/lpcxpresso/tools/bin/../lib/gcc/arm-none-eabi/4.9.3/../../../../arm-none-eabi/lib/armv7-m/libc.a(lib_a-mprec.o)
                0x0000000000005a10                __lo0bits
 .text.__i2b    0x0000000000005a6c       0x14 /Applications/lpcxpresso_8.0.0_526/lpcxpresso/tools/bin/../lib/gcc/arm-none-eabi/4.9.3/../../../../arm-none-eabi/lib/armv7-m/libc.a(lib_a-mprec.o)
                0x0000000000005a6c                __i2b
 .text.__multiply
                0x0000000000005a80      0x140 /Applications/lpcxpresso_8.0.0_526/lpcxpresso/tools/bin/../lib/gcc/arm-none-eabi/4.9.3/../../../../arm-none-eabi/lib/armv7-m/libc.a(lib_a-mprec.o)
                0x0000000000005a80                __multiply
 .text.__pow5mult
                0x0000000000005bc0       0xa0 /Applications/lpcxpresso_8.0.0_526/lpcxpresso/tools/bin/../lib/gcc/arm-none-eabi/4.9.3/../../../../arm-none-eabi/lib/armv7-m/libc.a(lib_a-mprec.o)
                0x0000000000005bc0                __pow5mult
 .text.__lshift
                0x0000000000005c60       0xb0 /Applications/lpcxpresso_8.0.0_526/lpcxpresso/tools/bin/../lib/gcc/arm-none-eabi/4.9.3/../../../../arm-none-eabi/lib/armv7-m/libc.a(lib_a-mprec.o)
                0x0000000000005c60                __lshift
 .text.__mcmp   0x0000000000005d10       0x48 /Applications/lpcxpresso_8.0.0_526/lpcxpresso/tools/bin/../lib/gcc/arm-none-eabi/4.9.3/../../../../arm-none-eabi/lib/armv7-m/libc.a(lib_a-mprec.o)
                0x0000000000005d10                __mcmp
 .text.__mdiff  0x0000000000005d58       0xe4 /Applications/lpcxpresso_8.0.0_526/lpcxpresso/tools/bin/../lib/gcc/arm-none-eabi/4.9.3/../../../../arm-none-eabi/lib/armv7-m/libc.a(lib_a-mprec.o)
                0x0000000000005d58                __mdiff
 .text.__d2b    0x0000000000005e3c       0xa8 /Applications/lpcxpresso_8.0.0_526/lpcxpresso/tools/bin/../lib/gcc/arm-none-eabi/4.9.3/../../../../arm-none-eabi/lib/armv7-m/libc.a(lib_a-mprec.o)
                0x0000000000005e3c                __d2b
 .text.__fpclassifyd
                0x0000000000005ee4       0x58 /Applications/lpcxpresso_8.0.0_526/lpcxpresso/tools/bin/../lib/gcc/arm-none-eabi/4.9.3/../../../../arm-none-eabi/lib/armv7-m/libc.a(lib_a-s_fpclassify.o)
                0x0000000000005ee4                __fpclassifyd
 .text.__sread  0x0000000000005f3c       0x24 /Applications/lpcxpresso_8.0.0_526/lpcxpresso/tools/bin/../lib/gcc/arm-none-eabi/4.9.3/../../../../arm-none-eabi/lib/armv7-m/libc.a(lib_a-stdio.o)
                0x0000000000005f3c                __sread
 .text.__swrite
                0x0000000000005f60       0x38 /Applications/lpcxpresso_8.0.0_526/lpcxpresso/tools/bin/../lib/gcc/arm-none-eabi/4.9.3/../../../../arm-none-eabi/lib/armv7-m/libc.a(lib_a-stdio.o)
                0x0000000000005f60                __swrite
 .text.__sseek  0x0000000000005f98       0x20 /Applications/lpcxpresso_8.0.0_526/lpcxpresso/tools/bin/../lib/gcc/arm-none-eabi/4.9.3/../../../../arm-none-eabi/lib/armv7-m/libc.a(lib_a-stdio.o)
                0x0000000000005f98                __sseek
 .text.__sclose
                0x0000000000005fb8        0x8 /Applications/lpcxpresso_8.0.0_526/lpcxpresso/tools/bin/../lib/gcc/arm-none-eabi/4.9.3/../../../../arm-none-eabi/lib/armv7-m/libc.a(lib_a-stdio.o)
                0x0000000000005fb8                __sclose
 .text.strlen   0x0000000000005fc0       0x5c /Applications/lpcxpresso_8.0.0_526/lpcxpresso/tools/bin/../lib/gcc/arm-none-eabi/4.9.3/../../../../arm-none-eabi/lib/armv7-m/libc.a(lib_a-strlen.o)
                0x0000000000005fc0                strlen
 .text.__sprint_r.part.0
                0x000000000000601c       0x78 /Applications/lpcxpresso_8.0.0_526/lpcxpresso/tools/bin/../lib/gcc/arm-none-eabi/4.9.3/../../../../arm-none-eabi/lib/armv7-m/libc.a(lib_a-vfiprintf.o)
 .text.__sprint_r
                0x0000000000006094       0x18 /Applications/lpcxpresso_8.0.0_526/lpcxpresso/tools/bin/../lib/gcc/arm-none-eabi/4.9.3/../../../../arm-none-eabi/lib/armv7-m/libc.a(lib_a-vfiprintf.o)
                0x0000000000006094                __sprint_r
 .text._write_r
                0x00000000000060ac       0x28 /Applications/lpcxpresso_8.0.0_526/lpcxpresso/tools/bin/../lib/gcc/arm-none-eabi/4.9.3/../../../../arm-none-eabi/lib/armv7-m/libc.a(lib_a-writer.o)
                0x00000000000060ac                _write_r
 .text._calloc_r
                0x00000000000060d4       0x60 /Applications/lpcxpresso_8.0.0_526/lpcxpresso/tools/bin/../lib/gcc/arm-none-eabi/4.9.3/../../../../arm-none-eabi/lib/armv7-m/libc.a(lib_a-callocr.o)
                0x00000000000060d4                _calloc_r
 .text._close_r
                0x0000000000006134       0x24 /Applications/lpcxpresso_8.0.0_526/lpcxpresso/tools/bin/../lib/gcc/arm-none-eabi/4.9.3/../../../../arm-none-eabi/lib/armv7-m/libc.a(lib_a-closer.o)
                0x0000000000006134                _close_r
 .text._fclose_r
                0x0000000000006158       0x84 /Applications/lpcxpresso_8.0.0_526/lpcxpresso/tools/bin/../lib/gcc/arm-none-eabi/4.9.3/../../../../arm-none-eabi/lib/armv7-m/libc.a(lib_a-fclose.o)
                0x0000000000006158                _fclose_r
 .text.__fputwc
                0x00000000000061dc       0xb0 /Applications/lpcxpresso_8.0.0_526/lpcxpresso/tools/bin/../lib/gcc/arm-none-eabi/4.9.3/../../../../arm-none-eabi/lib/armv7-m/libc.a(lib_a-fputwc.o)
                0x00000000000061dc                __fputwc
 .text._fputwc_r
                0x000000000000628c       0x24 /Applications/lpcxpresso_8.0.0_526/lpcxpresso/tools/bin/../lib/gcc/arm-none-eabi/4.9.3/../../../../arm-none-eabi/lib/armv7-m/libc.a(lib_a-fputwc.o)
                0x000000000000628c                _fputwc_r
 .text._fstat_r
                0x00000000000062b0       0x28 /Applications/lpcxpresso_8.0.0_526/lpcxpresso/tools/bin/../lib/gcc/arm-none-eabi/4.9.3/../../../../arm-none-eabi/lib/armv7-m/libc.a(lib_a-fstatr.o)
                0x00000000000062b0                _fstat_r
 .text.__sfvwrite_r
                0x00000000000062d8      0x320 /Applications/lpcxpresso_8.0.0_526/lpcxpresso/tools/bin/../lib/gcc/arm-none-eabi/4.9.3/../../../../arm-none-eabi/lib/armv7-m/libc.a(lib_a-fvwrite.o)
                0x00000000000062d8                __sfvwrite_r
 .text._isatty_r
                0x00000000000065f8       0x24 /Applications/lpcxpresso_8.0.0_526/lpcxpresso/tools/bin/../lib/gcc/arm-none-eabi/4.9.3/../../../../arm-none-eabi/lib/armv7-m/libc.a(lib_a-isattyr.o)
                0x00000000000065f8                _isatty_r
 .text._lseek_r
                0x000000000000661c       0x28 /Applications/lpcxpresso_8.0.0_526/lpcxpresso/tools/bin/../lib/gcc/arm-none-eabi/4.9.3/../../../../arm-none-eabi/lib/armv7-m/libc.a(lib_a-lseekr.o)
                0x000000000000661c                _lseek_r
 .text.memmove  0x0000000000006644       0xc8 /Applications/lpcxpresso_8.0.0_526/lpcxpresso/tools/bin/../lib/gcc/arm-none-eabi/4.9.3/../../../../arm-none-eabi/lib/armv7-m/libc.a(lib_a-memmove.o)
                0x0000000000006644                memmove
 .text._read_r  0x000000000000670c       0x28 /Applications/lpcxpresso_8.0.0_526/lpcxpresso/tools/bin/../lib/gcc/arm-none-eabi/4.9.3/../../../../arm-none-eabi/lib/armv7-m/libc.a(lib_a-readr.o)
                0x000000000000670c                _read_r
 .text._realloc_r
                0x0000000000006734      0x3e0 /Applications/lpcxpresso_8.0.0_526/lpcxpresso/tools/bin/../lib/gcc/arm-none-eabi/4.9.3/../../../../arm-none-eabi/lib/armv7-m/libc.a(lib_a-reallocr.o)
                0x0000000000006734                _realloc_r
 .text.__swbuf_r
                0x0000000000006b14       0xa8 /Applications/lpcxpresso_8.0.0_526/lpcxpresso/tools/bin/../lib/gcc/arm-none-eabi/4.9.3/../../../../arm-none-eabi/lib/armv7-m/libc.a(lib_a-wbuf.o)
                0x0000000000006b14                __swbuf_r
 .text._wcrtomb_r
                0x0000000000006bbc       0x54 /Applications/lpcxpresso_8.0.0_526/lpcxpresso/tools/bin/../lib/gcc/arm-none-eabi/4.9.3/../../../../arm-none-eabi/lib/armv7-m/libc.a(lib_a-wcrtomb.o)
                0x0000000000006bbc                _wcrtomb_r
 .text.__ascii_wctomb
                0x0000000000006c10       0x1c /Applications/lpcxpresso_8.0.0_526/lpcxpresso/tools/bin/../lib/gcc/arm-none-eabi/4.9.3/../../../../arm-none-eabi/lib/armv7-m/libc.a(lib_a-wctomb_r.o)
                0x0000000000006c10                __ascii_wctomb
 .text._sbrk    0x0000000000006c2c       0x3c /Applications/lpcxpresso_8.0.0_526/lpcxpresso/tools/bin/../lib/gcc/arm-none-eabi/4.9.3/../../../../arm-none-eabi/lib/armv7-m/libcr_newlib_nohost.a(_cr_sbrk.o)
                0x0000000000006c2c                _sbrk
 .text._close   0x0000000000006c68       0x10 /Applications/lpcxpresso_8.0.0_526/lpcxpresso/tools/bin/../lib/gcc/arm-none-eabi/4.9.3/../../../../arm-none-eabi/lib/armv7-m/libcr_newlib_nohost.a(close.o)
                0x0000000000006c68                _close
 .text._fstat   0x0000000000006c78       0x10 /Applications/lpcxpresso_8.0.0_526/lpcxpresso/tools/bin/../lib/gcc/arm-none-eabi/4.9.3/../../../../arm-none-eabi/lib/armv7-m/libcr_newlib_nohost.a(fstat.o)
                0x0000000000006c78                _fstat
 .text._isatty  0x0000000000006c88       0x10 /Applications/lpcxpresso_8.0.0_526/lpcxpresso/tools/bin/../lib/gcc/arm-none-eabi/4.9.3/../../../../arm-none-eabi/lib/armv7-m/libcr_newlib_nohost.a(isatty.o)
                0x0000000000006c88                _isatty
 .text._lseek   0x0000000000006c98       0x10 /Applications/lpcxpresso_8.0.0_526/lpcxpresso/tools/bin/../lib/gcc/arm-none-eabi/4.9.3/../../../../arm-none-eabi/lib/armv7-m/libcr_newlib_nohost.a(lseek.o)
                0x0000000000006c98                _lseek
 .text.__check_heap_overflow
                0x0000000000006ca8       0x18 /Applications/lpcxpresso_8.0.0_526/lpcxpresso/tools/bin/../lib/gcc/arm-none-eabi/4.9.3/../../../../arm-none-eabi/lib/armv7-m/libcr_newlib_nohost.a(_cr_check_heap.o)
                0x0000000000006ca8                __check_heap_overflow
 .text          0x0000000000006cc0       0x5c /Applications/lpcxpresso_8.0.0_526/lpcxpresso/tools/bin/../lib/gcc/arm-none-eabi/4.9.3/armv7-m/crtbegin.o
 .text          0x0000000000006d1c      0x110 /Applications/lpcxpresso_8.0.0_526/lpcxpresso/tools/bin/../lib/gcc/arm-none-eabi/4.9.3/armv7-m/libgcc.a(_arm_cmpdf2.o)
                0x0000000000006d1c                __gtdf2
                0x0000000000006d1c                __gedf2
                0x0000000000006d24                __ltdf2
                0x0000000000006d24                __ledf2
                0x0000000000006d2c                __eqdf2
                0x0000000000006d2c                __nedf2
                0x0000000000006d2c                __cmpdf2
                0x0000000000006da8                __aeabi_cdrcmple
                0x0000000000006db8                __aeabi_cdcmple
                0x0000000000006db8                __aeabi_cdcmpeq
                0x0000000000006dc8                __aeabi_dcmpeq
                0x0000000000006ddc                __aeabi_dcmplt
                0x0000000000006df0                __aeabi_dcmple
                0x0000000000006e04                __aeabi_dcmpge
                0x0000000000006e18                __aeabi_dcmpgt
 .text          0x0000000000006e2c       0x50 /Applications/lpcxpresso_8.0.0_526/lpcxpresso/tools/bin/../lib/gcc/arm-none-eabi/4.9.3/armv7-m/libgcc.a(_arm_fixdfsi.o)
                0x0000000000006e2c                __fixdfsi
                0x0000000000006e2c                __aeabi_d2iz
 .text.__errno  0x0000000000006e7c        0xc /Applications/lpcxpresso_8.0.0_526/lpcxpresso/tools/bin/../lib/gcc/arm-none-eabi/4.9.3/../../../../arm-none-eabi/lib/armv7-m/libc.a(lib_a-errno.o)
                0x0000000000006e7c                __errno
 *(.rodata .rodata.* .constdata .constdata.*)
 .rodata._ZTV3I2C
                0x0000000000006e88       0x10 ./src/I2C.o
                0x0000000000006e88                vtable for I2C
 .rodata        0x0000000000006e98       0x49 ./src/sensor_Pressure.o
 *fill*         0x0000000000006ee1        0x3 
 .rodata.OscRateIn
                0x0000000000006ee4        0x4 /Users/vinhxu/Desktop/Workspace/lpc_board_nxp_lpcxpresso_1549/Debug/liblpc_board_nxp_lpcxpresso_1549.a(board.o)
                0x0000000000006ee4                OscRateIn
 .rodata.RTCOscRateIn
                0x0000000000006ee8        0x4 /Users/vinhxu/Desktop/Workspace/lpc_board_nxp_lpcxpresso_1549/Debug/liblpc_board_nxp_lpcxpresso_1549.a(board.o)
                0x0000000000006ee8                RTCOscRateIn
 .rodata.ledpins
                0x0000000000006eec        0x3 /Users/vinhxu/Desktop/Workspace/lpc_board_nxp_lpcxpresso_1549/Debug/liblpc_board_nxp_lpcxpresso_1549.a(board.o)
 *fill*         0x0000000000006eef        0x1 
 .rodata.ledports
                0x0000000000006ef0        0x3 /Users/vinhxu/Desktop/Workspace/lpc_board_nxp_lpcxpresso_1549/Debug/liblpc_board_nxp_lpcxpresso_1549.a(board.o)
 *fill*         0x0000000000006ef3        0x1 
 .rodata.ioconSetup
                0x0000000000006ef4       0x74 /Users/vinhxu/Desktop/Workspace/lpc_board_nxp_lpcxpresso_1549/Debug/liblpc_board_nxp_lpcxpresso_1549.a(board_sysinit.o)
 .rodata.swmSetup
                0x0000000000006f68        0x6 /Users/vinhxu/Desktop/Workspace/lpc_board_nxp_lpcxpresso_1549/Debug/liblpc_board_nxp_lpcxpresso_1549.a(board_sysinit.o)
 *fill*         0x0000000000006f6e        0x2 
 .rodata.zeroes.6926
                0x0000000000006f70       0x10 /Applications/lpcxpresso_8.0.0_526/lpcxpresso/tools/bin/../lib/gcc/arm-none-eabi/4.9.3/../../../../arm-none-eabi/lib/armv7-m/libc.a(lib_a-vfprintf.o)
 .rodata.str1.4
                0x0000000000006f80       0x42 /Applications/lpcxpresso_8.0.0_526/lpcxpresso/tools/bin/../lib/gcc/arm-none-eabi/4.9.3/../../../../arm-none-eabi/lib/armv7-m/libc.a(lib_a-vfprintf.o)
 *fill*         0x0000000000006fc2        0x2 
 .rodata.blanks.6925
                0x0000000000006fc4       0x10 /Applications/lpcxpresso_8.0.0_526/lpcxpresso/tools/bin/../lib/gcc/arm-none-eabi/4.9.3/../../../../arm-none-eabi/lib/armv7-m/libc.a(lib_a-vfprintf.o)
 .rodata.str1.4
                0x0000000000006fd4       0x10 /Applications/lpcxpresso_8.0.0_526/lpcxpresso/tools/bin/../lib/gcc/arm-none-eabi/4.9.3/../../../../arm-none-eabi/lib/armv7-m/libc.a(lib_a-dtoa.o)
                                         0x12 (size before relaxing)
 .rodata.str1.4
                0x0000000000006fe4        0x2 /Applications/lpcxpresso_8.0.0_526/lpcxpresso/tools/bin/../lib/gcc/arm-none-eabi/4.9.3/../../../../arm-none-eabi/lib/armv7-m/libc.a(lib_a-impure.o)
 *fill*         0x0000000000006fe6        0x2 
 .rodata.str1.4
                0x0000000000006fe8        0xc /Applications/lpcxpresso_8.0.0_526/lpcxpresso/tools/bin/../lib/gcc/arm-none-eabi/4.9.3/../../../../arm-none-eabi/lib/armv7-m/libc.a(lib_a-locale.o)
                                         0x12 (size before relaxing)
 *fill*         0x0000000000006ff4        0x4 
 .rodata.__mprec_tens
                0x0000000000006ff8       0xc8 /Applications/lpcxpresso_8.0.0_526/lpcxpresso/tools/bin/../lib/gcc/arm-none-eabi/4.9.3/../../../../arm-none-eabi/lib/armv7-m/libc.a(lib_a-mprec.o)
                0x0000000000006ff8                __mprec_tens
 .rodata.p05.5302
                0x00000000000070c0        0xc /Applications/lpcxpresso_8.0.0_526/lpcxpresso/tools/bin/../lib/gcc/arm-none-eabi/4.9.3/../../../../arm-none-eabi/lib/armv7-m/libc.a(lib_a-mprec.o)
 *fill*         0x00000000000070cc        0x4 
 .rodata.__mprec_bigtens
                0x00000000000070d0       0x28 /Applications/lpcxpresso_8.0.0_526/lpcxpresso/tools/bin/../lib/gcc/arm-none-eabi/4.9.3/../../../../arm-none-eabi/lib/armv7-m/libc.a(lib_a-mprec.o)
                0x00000000000070d0                __mprec_bigtens
                0x00000000000070f8                . = ALIGN (0x4)
                0x00000000000070f8                . = ALIGN (0x4)
 *(.init)
 .init          0x00000000000070f8        0x4 /Applications/lpcxpresso_8.0.0_526/lpcxpresso/tools/bin/../lib/gcc/arm-none-eabi/4.9.3/armv7-m/crti.o
                0x00000000000070f8                _init
 .init          0x00000000000070fc        0x8 /Applications/lpcxpresso_8.0.0_526/lpcxpresso/tools/bin/../lib/gcc/arm-none-eabi/4.9.3/armv7-m/crtn.o
                0x0000000000007104                . = ALIGN (0x4)
                0x0000000000007104                __preinit_array_start = .
 *(.preinit_array)
                0x0000000000007104                __preinit_array_end = .
                0x0000000000007104                . = ALIGN (0x4)
                0x0000000000007104                __init_array_start = .
 *(SORT(.init_array.*))
 *(.init_array)
 .init_array    0x0000000000007104        0x4 /Applications/lpcxpresso_8.0.0_526/lpcxpresso/tools/bin/../lib/gcc/arm-none-eabi/4.9.3/armv7-m/crtbegin.o
                0x0000000000007108                __init_array_end = .
 *(.fini)
 .fini          0x0000000000007108        0x4 /Applications/lpcxpresso_8.0.0_526/lpcxpresso/tools/bin/../lib/gcc/arm-none-eabi/4.9.3/armv7-m/crti.o
                0x0000000000007108                _fini
 .fini          0x000000000000710c        0x8 /Applications/lpcxpresso_8.0.0_526/lpcxpresso/tools/bin/../lib/gcc/arm-none-eabi/4.9.3/armv7-m/crtn.o
                0x0000000000007114                . = ALIGN (0x4)
 *crtbegin.o(.ctors)
 *(EXCLUDE_FILE(*crtend.o) .ctors)
 *(SORT(.ctors.*))
 *crtend.o(.ctors)
                0x0000000000007114                . = ALIGN (0x4)
 *crtbegin.o(.dtors)
 *(EXCLUDE_FILE(*crtend.o) .dtors)
 *(SORT(.dtors.*))
 *crtend.o(.dtors)
                0x0000000000007114                . = ALIGN (0x4)

.glue_7         0x0000000000007114        0x0
 .glue_7        0x0000000000000000        0x0 linker stubs

.glue_7t        0x0000000000007114        0x0
 .glue_7t       0x0000000000000000        0x0 linker stubs

.vfp11_veneer   0x0000000000007114        0x0
 .vfp11_veneer  0x0000000000000000        0x0 linker stubs

.v4_bx          0x0000000000007114        0x0
 .v4_bx         0x0000000000000000        0x0 linker stubs

.iplt           0x0000000000007114        0x0
 .iplt          0x0000000000000000        0x0 ./src/I2C.o

.ARM.extab
 *(.ARM.extab* .gnu.linkonce.armextab.*)
                0x0000000000007114                __exidx_start = .

.ARM.exidx      0x0000000000007114        0x8
 *(.ARM.exidx* .gnu.linkonce.armexidx.*)
 .ARM.exidx     0x0000000000007114        0x8 /Applications/lpcxpresso_8.0.0_526/lpcxpresso/tools/bin/../lib/gcc/arm-none-eabi/4.9.3/armv7-m/libgcc.a(_divdi3.o)
 .ARM.exidx     0x000000000000711c        0x0 /Applications/lpcxpresso_8.0.0_526/lpcxpresso/tools/bin/../lib/gcc/arm-none-eabi/4.9.3/armv7-m/libgcc.a(_udivdi3.o)
                                          0x8 (size before relaxing)
                0x000000000000711c                __exidx_end = .
                0x000000000000711c                _etext = .

.rel.dyn        0x000000000000711c        0x0
 .rel.iplt      0x0000000000000000        0x0 ./src/I2C.o

.eh_frame       0x000000000000711c        0x0
 .eh_frame      0x000000000000711c        0x0 /Applications/lpcxpresso_8.0.0_526/lpcxpresso/tools/bin/../lib/gcc/arm-none-eabi/4.9.3/armv7-m/crtbegin.o

.data_RAM2      0x0000000002004000        0x0 load address 0x000000000000711c
 FILL mask 0xff
                0x0000000002004000                PROVIDE (__start_data_RAM2, .)
 *(.ramfunc.$RAM2)
 *(.ramfunc.$Ram1_16)
 *(.data.$RAM2*)
 *(.data.$Ram1_16*)
                0x0000000002004000                . = ALIGN (0x4)
                0x0000000002004000                PROVIDE (__end_data_RAM2, .)

.data_RAM3      0x0000000002008000        0x0 load address 0x000000000000711c
 FILL mask 0xff
                0x0000000002008000                PROVIDE (__start_data_RAM3, .)
 *(.ramfunc.$RAM3)
 *(.ramfunc.$Ram2_4)
 *(.data.$RAM3*)
 *(.data.$Ram2_4*)
                0x0000000002008000                . = ALIGN (0x4)
                0x0000000002008000                PROVIDE (__end_data_RAM3, .)

.uninit_RESERVED
                0x0000000002000000        0x0
 *(.bss.$RESERVED*)
                0x0000000002000000                . = ALIGN (0x4)
                0x0000000002000000                _end_uninit_RESERVED = .

.data           0x0000000002000000      0x8a4 load address 0x000000000000711c
 FILL mask 0xff
                0x0000000002000000                _data = .
 *(vtable)
 *(.ramfunc*)
 *(.data*)
 .data.ITM_RxBuffer
                0x0000000002000000        0x4 ./src/retarget_itm.o
                0x0000000002000000                ITM_RxBuffer
 .data.__malloc_av_
                0x0000000002000004      0x408 /Applications/lpcxpresso_8.0.0_526/lpcxpresso/tools/bin/../lib/gcc/arm-none-eabi/4.9.3/../../../../arm-none-eabi/lib/armv7-m/libc.a(lib_a-mallocr.o)
                0x0000000002000004                __malloc_av_
 .data.__malloc_trim_threshold
                0x000000000200040c        0x4 /Applications/lpcxpresso_8.0.0_526/lpcxpresso/tools/bin/../lib/gcc/arm-none-eabi/4.9.3/../../../../arm-none-eabi/lib/armv7-m/libc.a(lib_a-mallocr.o)
                0x000000000200040c                __malloc_trim_threshold
 .data.__malloc_sbrk_base
                0x0000000002000410        0x4 /Applications/lpcxpresso_8.0.0_526/lpcxpresso/tools/bin/../lib/gcc/arm-none-eabi/4.9.3/../../../../arm-none-eabi/lib/armv7-m/libc.a(lib_a-mallocr.o)
                0x0000000002000410                __malloc_sbrk_base
 *fill*         0x0000000002000414        0x4 
 .data.impure_data
                0x0000000002000418      0x428 /Applications/lpcxpresso_8.0.0_526/lpcxpresso/tools/bin/../lib/gcc/arm-none-eabi/4.9.3/../../../../arm-none-eabi/lib/armv7-m/libc.a(lib_a-impure.o)
 .data._impure_ptr
                0x0000000002000840        0x4 /Applications/lpcxpresso_8.0.0_526/lpcxpresso/tools/bin/../lib/gcc/arm-none-eabi/4.9.3/../../../../arm-none-eabi/lib/armv7-m/libc.a(lib_a-impure.o)
                0x0000000002000840                _impure_ptr
 .data.lconv    0x0000000002000844       0x38 /Applications/lpcxpresso_8.0.0_526/lpcxpresso/tools/bin/../lib/gcc/arm-none-eabi/4.9.3/../../../../arm-none-eabi/lib/armv7-m/libc.a(lib_a-locale.o)
 .data.lc_ctype_charset
                0x000000000200087c       0x20 /Applications/lpcxpresso_8.0.0_526/lpcxpresso/tools/bin/../lib/gcc/arm-none-eabi/4.9.3/../../../../arm-none-eabi/lib/armv7-m/libc.a(lib_a-locale.o)
 .data.__mb_cur_max
                0x000000000200089c        0x4 /Applications/lpcxpresso_8.0.0_526/lpcxpresso/tools/bin/../lib/gcc/arm-none-eabi/4.9.3/../../../../arm-none-eabi/lib/armv7-m/libc.a(lib_a-locale.o)
                0x000000000200089c                __mb_cur_max
 .data.__wctomb
                0x00000000020008a0        0x4 /Applications/lpcxpresso_8.0.0_526/lpcxpresso/tools/bin/../lib/gcc/arm-none-eabi/4.9.3/../../../../arm-none-eabi/lib/armv7-m/libc.a(lib_a-wctomb_r.o)
                0x00000000020008a0                __wctomb
                0x00000000020008a4                . = ALIGN (0x4)
                0x00000000020008a4                _edata = .

.igot.plt       0x00000000020008a4        0x0 load address 0x00000000000079c0
 .igot.plt      0x0000000000000000        0x0 ./src/I2C.o

.jcr            0x00000000020008a4        0x0 load address 0x00000000000079c0
 .jcr           0x00000000020008a4        0x0 /Applications/lpcxpresso_8.0.0_526/lpcxpresso/tools/bin/../lib/gcc/arm-none-eabi/4.9.3/armv7-m/crtbegin.o

.bss_RAM2       0x0000000002004000        0x0
                0x0000000002004000                PROVIDE (__start_bss_RAM2, .)
 *(.bss.$RAM2*)
 *(.bss.$Ram1_16*)
                0x0000000002004000                . = ALIGN ((. != 0x0)?0x4:0x1)
                0x0000000002004000                PROVIDE (__end_bss_RAM2, .)

.bss_RAM3       0x0000000002008000        0x0
                0x0000000002008000                PROVIDE (__start_bss_RAM3, .)
 *(.bss.$RAM3*)
 *(.bss.$Ram2_4*)
                0x0000000002008000                . = ALIGN ((. != 0x0)?0x4:0x1)
                0x0000000002008000                PROVIDE (__end_bss_RAM3, .)

.bss            0x00000000020008a4       0x60
                0x00000000020008a4                _bss = .
 *(.bss*)
 .bss._ZL7counter
                0x00000000020008a4        0x4 ./src/sensor_Pressure.o
 .bss.__malloc_max_total_mem
                0x00000000020008a8        0x4 /Applications/lpcxpresso_8.0.0_526/lpcxpresso/tools/bin/../lib/gcc/arm-none-eabi/4.9.3/../../../../arm-none-eabi/lib/armv7-m/libc.a(lib_a-mallocr.o)
                0x00000000020008a8                __malloc_max_total_mem
 .bss.__malloc_max_sbrked_mem
                0x00000000020008ac        0x4 /Applications/lpcxpresso_8.0.0_526/lpcxpresso/tools/bin/../lib/gcc/arm-none-eabi/4.9.3/../../../../arm-none-eabi/lib/armv7-m/libc.a(lib_a-mallocr.o)
                0x00000000020008ac                __malloc_max_sbrked_mem
 .bss.__malloc_top_pad
                0x00000000020008b0        0x4 /Applications/lpcxpresso_8.0.0_526/lpcxpresso/tools/bin/../lib/gcc/arm-none-eabi/4.9.3/../../../../arm-none-eabi/lib/armv7-m/libc.a(lib_a-mallocr.o)
                0x00000000020008b0                __malloc_top_pad
 .bss.__malloc_current_mallinfo
                0x00000000020008b4       0x28 /Applications/lpcxpresso_8.0.0_526/lpcxpresso/tools/bin/../lib/gcc/arm-none-eabi/4.9.3/../../../../arm-none-eabi/lib/armv7-m/libc.a(lib_a-mallocr.o)
                0x00000000020008b4                __malloc_current_mallinfo
 .bss           0x00000000020008dc       0x1c /Applications/lpcxpresso_8.0.0_526/lpcxpresso/tools/bin/../lib/gcc/arm-none-eabi/4.9.3/armv7-m/crtbegin.o
 *(COMMON)
 COMMON         0x00000000020008f8        0x4 /Users/vinhxu/Desktop/Workspace/lpc_chip_15xx/Debug/liblpc_chip_15xx.a(chip_15xx.o)
                0x00000000020008f8                SystemCoreClock
 COMMON         0x00000000020008fc        0x4 /Applications/lpcxpresso_8.0.0_526/lpcxpresso/tools/bin/../lib/gcc/arm-none-eabi/4.9.3/../../../../arm-none-eabi/lib/armv7-m/libc.a(lib_a-reent.o)
                0x00000000020008fc                errno
 COMMON         0x0000000002000900        0x4 /Applications/lpcxpresso_8.0.0_526/lpcxpresso/tools/bin/../lib/gcc/arm-none-eabi/4.9.3/../../../../arm-none-eabi/lib/armv7-m/libcr_newlib_nohost.a(_cr_sbrk.o)
                0x0000000002000900                __end_of_heap
                0x0000000002000904                . = ALIGN (0x4)
                0x0000000002000904                _ebss = .
                0x0000000002000904                PROVIDE (end, .)

.noinit_RAM2    0x0000000002004000        0x0
 *(.noinit.$RAM2*)
 *(.noinit.$Ram1_16*)
                0x0000000002004000                . = ALIGN (0x4)

.noinit_RAM3    0x0000000002008000        0x0
 *(.noinit.$RAM3*)
 *(.noinit.$Ram2_4*)
                0x0000000002008000                . = ALIGN (0x4)

.noinit         0x0000000002000904        0x0
                0x0000000002000904                _noinit = .
 *(.noinit*)
                0x0000000002000904                . = ALIGN (0x4)
                0x0000000002000904                _end_noinit = .
                0x0000000002000904                PROVIDE (_pvHeapStart, DEFINED (__user_heap_base)?__user_heap_base:.)
                0x0000000002004000                PROVIDE (_vStackTop, DEFINED (__user_stack_top)?__user_stack_top:(__top_Ram0_16 - 0x0))
                0xfffffffffdffb2b6                PROVIDE (__valid_user_code_checksum, (0x0 - ((((((_vStackTop + (ResetISR + 0x1)) + (NMI_Handler + 0x1)) + (HardFault_Handler + 0x1)) + (DEFINED (MemManage_Handler)?MemManage_Handler:0x0 + 0x1)) + (DEFINED (BusFault_Handler)?BusFault_Handler:0x0 + 0x1)) + (DEFINED (UsageFault_Handler)?UsageFault_Handler:0x0 + 0x1))))
OUTPUT(sensor_Pressure.axf elf32-littlearm)

.debug_info     0x0000000000000000     0x875f
 .debug_info    0x0000000000000000      0x775 ./src/I2C.o
 .debug_info    0x0000000000000775      0x1aa ./src/cr_cpp_config.o
 .debug_info    0x000000000000091f      0x29a ./src/cr_startup_lpc15xx.o
 .debug_info    0x0000000000000bb9      0x18f ./src/retarget_itm.o
 .debug_info    0x0000000000000d48     0x16db ./src/sensor_Pressure.o
 .debug_info    0x0000000000002423       0xe7 ./src/sysinit.o
 .debug_info    0x000000000000250a      0xabd /Users/vinhxu/Desktop/Workspace/lpc_board_nxp_lpcxpresso_1549/Debug/liblpc_board_nxp_lpcxpresso_1549.a(board.o)
 .debug_info    0x0000000000002fc7      0xc94 /Users/vinhxu/Desktop/Workspace/lpc_board_nxp_lpcxpresso_1549/Debug/liblpc_board_nxp_lpcxpresso_1549.a(board_sysinit.o)
 .debug_info    0x0000000000003c5b      0x965 /Users/vinhxu/Desktop/Workspace/lpc_chip_15xx/Debug/liblpc_chip_15xx.a(chip_15xx.o)
 .debug_info    0x00000000000045c0      0xd12 /Users/vinhxu/Desktop/Workspace/lpc_chip_15xx/Debug/liblpc_chip_15xx.a(clock_15xx.o)
 .debug_info    0x00000000000052d2      0x612 /Users/vinhxu/Desktop/Workspace/lpc_chip_15xx/Debug/liblpc_chip_15xx.a(gpio_15xx.o)
 .debug_info    0x00000000000058e4      0x419 /Users/vinhxu/Desktop/Workspace/lpc_chip_15xx/Debug/liblpc_chip_15xx.a(i2c_common_15xx.o)
 .debug_info    0x0000000000005cfd      0x53f /Users/vinhxu/Desktop/Workspace/lpc_chip_15xx/Debug/liblpc_chip_15xx.a(i2cm_15xx.o)
 .debug_info    0x000000000000623c      0x1f4 /Users/vinhxu/Desktop/Workspace/lpc_chip_15xx/Debug/liblpc_chip_15xx.a(iocon_15xx.o)
 .debug_info    0x0000000000006430      0x626 /Users/vinhxu/Desktop/Workspace/lpc_chip_15xx/Debug/liblpc_chip_15xx.a(swm_15xx.o)
 .debug_info    0x0000000000006a56      0x738 /Users/vinhxu/Desktop/Workspace/lpc_chip_15xx/Debug/liblpc_chip_15xx.a(sysctl_15xx.o)
 .debug_info    0x000000000000718e      0x71c /Users/vinhxu/Desktop/Workspace/lpc_chip_15xx/Debug/liblpc_chip_15xx.a(sysinit_15xx.o)
 .debug_info    0x00000000000078aa      0x8cb /Users/vinhxu/Desktop/Workspace/lpc_chip_15xx/Debug/liblpc_chip_15xx.a(uart_15xx.o)
 .debug_info    0x0000000000008175      0x12d /Applications/lpcxpresso_8.0.0_526/lpcxpresso/tools/bin/../lib/gcc/arm-none-eabi/4.9.3/../../../../arm-none-eabi/lib/armv7-m/libcr_newlib_nohost.a(_cr_sbrk.o)
 .debug_info    0x00000000000082a2       0xae /Applications/lpcxpresso_8.0.0_526/lpcxpresso/tools/bin/../lib/gcc/arm-none-eabi/4.9.3/../../../../arm-none-eabi/lib/armv7-m/libcr_newlib_nohost.a(close.o)
 .debug_info    0x0000000000008350      0x22d /Applications/lpcxpresso_8.0.0_526/lpcxpresso/tools/bin/../lib/gcc/arm-none-eabi/4.9.3/../../../../arm-none-eabi/lib/armv7-m/libcr_newlib_nohost.a(fstat.o)
 .debug_info    0x000000000000857d       0xae /Applications/lpcxpresso_8.0.0_526/lpcxpresso/tools/bin/../lib/gcc/arm-none-eabi/4.9.3/../../../../arm-none-eabi/lib/armv7-m/libcr_newlib_nohost.a(isatty.o)
 .debug_info    0x000000000000862b       0xca /Applications/lpcxpresso_8.0.0_526/lpcxpresso/tools/bin/../lib/gcc/arm-none-eabi/4.9.3/../../../../arm-none-eabi/lib/armv7-m/libcr_newlib_nohost.a(lseek.o)
 .debug_info    0x00000000000086f5       0x6a /Applications/lpcxpresso_8.0.0_526/lpcxpresso/tools/bin/../lib/gcc/arm-none-eabi/4.9.3/../../../../arm-none-eabi/lib/armv7-m/libcr_newlib_nohost.a(_cr_check_heap.o)

.debug_abbrev   0x0000000000000000     0x1f4a
 .debug_abbrev  0x0000000000000000      0x254 ./src/I2C.o
 .debug_abbrev  0x0000000000000254       0xf4 ./src/cr_cpp_config.o
 .debug_abbrev  0x0000000000000348       0xf0 ./src/cr_startup_lpc15xx.o
 .debug_abbrev  0x0000000000000438       0xad ./src/retarget_itm.o
 .debug_abbrev  0x00000000000004e5      0x381 ./src/sensor_Pressure.o
 .debug_abbrev  0x0000000000000866       0x82 ./src/sysinit.o
 .debug_abbrev  0x00000000000008e8      0x20a /Users/vinhxu/Desktop/Workspace/lpc_board_nxp_lpcxpresso_1549/Debug/liblpc_board_nxp_lpcxpresso_1549.a(board.o)
 .debug_abbrev  0x0000000000000af2      0x202 /Users/vinhxu/Desktop/Workspace/lpc_board_nxp_lpcxpresso_1549/Debug/liblpc_board_nxp_lpcxpresso_1549.a(board_sysinit.o)
 .debug_abbrev  0x0000000000000cf4      0x1ad /Users/vinhxu/Desktop/Workspace/lpc_chip_15xx/Debug/liblpc_chip_15xx.a(chip_15xx.o)
 .debug_abbrev  0x0000000000000ea1      0x281 /Users/vinhxu/Desktop/Workspace/lpc_chip_15xx/Debug/liblpc_chip_15xx.a(clock_15xx.o)
 .debug_abbrev  0x0000000000001122      0x166 /Users/vinhxu/Desktop/Workspace/lpc_chip_15xx/Debug/liblpc_chip_15xx.a(gpio_15xx.o)
 .debug_abbrev  0x0000000000001288      0x116 /Users/vinhxu/Desktop/Workspace/lpc_chip_15xx/Debug/liblpc_chip_15xx.a(i2c_common_15xx.o)
 .debug_abbrev  0x000000000000139e      0x145 /Users/vinhxu/Desktop/Workspace/lpc_chip_15xx/Debug/liblpc_chip_15xx.a(i2cm_15xx.o)
 .debug_abbrev  0x00000000000014e3      0x137 /Users/vinhxu/Desktop/Workspace/lpc_chip_15xx/Debug/liblpc_chip_15xx.a(iocon_15xx.o)
 .debug_abbrev  0x000000000000161a      0x13c /Users/vinhxu/Desktop/Workspace/lpc_chip_15xx/Debug/liblpc_chip_15xx.a(swm_15xx.o)
 .debug_abbrev  0x0000000000001756      0x129 /Users/vinhxu/Desktop/Workspace/lpc_chip_15xx/Debug/liblpc_chip_15xx.a(sysctl_15xx.o)
 .debug_abbrev  0x000000000000187f      0x186 /Users/vinhxu/Desktop/Workspace/lpc_chip_15xx/Debug/liblpc_chip_15xx.a(sysinit_15xx.o)
 .debug_abbrev  0x0000000000001a05      0x1e2 /Users/vinhxu/Desktop/Workspace/lpc_chip_15xx/Debug/liblpc_chip_15xx.a(uart_15xx.o)
 .debug_abbrev  0x0000000000001be7       0xf6 /Applications/lpcxpresso_8.0.0_526/lpcxpresso/tools/bin/../lib/gcc/arm-none-eabi/4.9.3/../../../../arm-none-eabi/lib/armv7-m/libcr_newlib_nohost.a(_cr_sbrk.o)
 .debug_abbrev  0x0000000000001cdd       0x66 /Applications/lpcxpresso_8.0.0_526/lpcxpresso/tools/bin/../lib/gcc/arm-none-eabi/4.9.3/../../../../arm-none-eabi/lib/armv7-m/libcr_newlib_nohost.a(close.o)
 .debug_abbrev  0x0000000000001d43       0xbb /Applications/lpcxpresso_8.0.0_526/lpcxpresso/tools/bin/../lib/gcc/arm-none-eabi/4.9.3/../../../../arm-none-eabi/lib/armv7-m/libcr_newlib_nohost.a(fstat.o)
 .debug_abbrev  0x0000000000001dfe       0x66 /Applications/lpcxpresso_8.0.0_526/lpcxpresso/tools/bin/../lib/gcc/arm-none-eabi/4.9.3/../../../../arm-none-eabi/lib/armv7-m/libcr_newlib_nohost.a(isatty.o)
 .debug_abbrev  0x0000000000001e64       0x84 /Applications/lpcxpresso_8.0.0_526/lpcxpresso/tools/bin/../lib/gcc/arm-none-eabi/4.9.3/../../../../arm-none-eabi/lib/armv7-m/libcr_newlib_nohost.a(lseek.o)
 .debug_abbrev  0x0000000000001ee8       0x62 /Applications/lpcxpresso_8.0.0_526/lpcxpresso/tools/bin/../lib/gcc/arm-none-eabi/4.9.3/../../../../arm-none-eabi/lib/armv7-m/libcr_newlib_nohost.a(_cr_check_heap.o)

.debug_aranges  0x0000000000000000      0x818
 .debug_aranges
                0x0000000000000000       0x50 ./src/I2C.o
 .debug_aranges
                0x0000000000000050       0x48 ./src/cr_cpp_config.o
 .debug_aranges
                0x0000000000000098       0x80 ./src/cr_startup_lpc15xx.o
 .debug_aranges
                0x0000000000000118       0x28 ./src/retarget_itm.o
 .debug_aranges
                0x0000000000000140       0x50 ./src/sensor_Pressure.o
 .debug_aranges
                0x0000000000000190       0x20 ./src/sysinit.o
 .debug_aranges
                0x00000000000001b0       0xd0 /Users/vinhxu/Desktop/Workspace/lpc_board_nxp_lpcxpresso_1549/Debug/liblpc_board_nxp_lpcxpresso_1549.a(board.o)
 .debug_aranges
                0x0000000000000280       0x60 /Users/vinhxu/Desktop/Workspace/lpc_board_nxp_lpcxpresso_1549/Debug/liblpc_board_nxp_lpcxpresso_1549.a(board_sysinit.o)
 .debug_aranges
                0x00000000000002e0       0x50 /Users/vinhxu/Desktop/Workspace/lpc_chip_15xx/Debug/liblpc_chip_15xx.a(chip_15xx.o)
 .debug_aranges
                0x0000000000000330      0x128 /Users/vinhxu/Desktop/Workspace/lpc_chip_15xx/Debug/liblpc_chip_15xx.a(clock_15xx.o)
 .debug_aranges
                0x0000000000000458       0x70 /Users/vinhxu/Desktop/Workspace/lpc_chip_15xx/Debug/liblpc_chip_15xx.a(gpio_15xx.o)
 .debug_aranges
                0x00000000000004c8       0x30 /Users/vinhxu/Desktop/Workspace/lpc_chip_15xx/Debug/liblpc_chip_15xx.a(i2c_common_15xx.o)
 .debug_aranges
                0x00000000000004f8       0x88 /Users/vinhxu/Desktop/Workspace/lpc_chip_15xx/Debug/liblpc_chip_15xx.a(i2cm_15xx.o)
 .debug_aranges
                0x0000000000000580       0x28 /Users/vinhxu/Desktop/Workspace/lpc_chip_15xx/Debug/liblpc_chip_15xx.a(iocon_15xx.o)
 .debug_aranges
                0x00000000000005a8       0x40 /Users/vinhxu/Desktop/Workspace/lpc_chip_15xx/Debug/liblpc_chip_15xx.a(swm_15xx.o)
 .debug_aranges
                0x00000000000005e8       0x50 /Users/vinhxu/Desktop/Workspace/lpc_chip_15xx/Debug/liblpc_chip_15xx.a(sysctl_15xx.o)
 .debug_aranges
                0x0000000000000638       0x58 /Users/vinhxu/Desktop/Workspace/lpc_chip_15xx/Debug/liblpc_chip_15xx.a(sysinit_15xx.o)
 .debug_aranges
                0x0000000000000690       0xc8 /Users/vinhxu/Desktop/Workspace/lpc_chip_15xx/Debug/liblpc_chip_15xx.a(uart_15xx.o)
 .debug_aranges
                0x0000000000000758       0x20 /Applications/lpcxpresso_8.0.0_526/lpcxpresso/tools/bin/../lib/gcc/arm-none-eabi/4.9.3/../../../../arm-none-eabi/lib/armv7-m/libcr_newlib_nohost.a(_cr_sbrk.o)
 .debug_aranges
                0x0000000000000778       0x20 /Applications/lpcxpresso_8.0.0_526/lpcxpresso/tools/bin/../lib/gcc/arm-none-eabi/4.9.3/../../../../arm-none-eabi/lib/armv7-m/libcr_newlib_nohost.a(close.o)
 .debug_aranges
                0x0000000000000798       0x20 /Applications/lpcxpresso_8.0.0_526/lpcxpresso/tools/bin/../lib/gcc/arm-none-eabi/4.9.3/../../../../arm-none-eabi/lib/armv7-m/libcr_newlib_nohost.a(fstat.o)
 .debug_aranges
                0x00000000000007b8       0x20 /Applications/lpcxpresso_8.0.0_526/lpcxpresso/tools/bin/../lib/gcc/arm-none-eabi/4.9.3/../../../../arm-none-eabi/lib/armv7-m/libcr_newlib_nohost.a(isatty.o)
 .debug_aranges
                0x00000000000007d8       0x20 /Applications/lpcxpresso_8.0.0_526/lpcxpresso/tools/bin/../lib/gcc/arm-none-eabi/4.9.3/../../../../arm-none-eabi/lib/armv7-m/libcr_newlib_nohost.a(lseek.o)
 .debug_aranges
                0x00000000000007f8       0x20 /Applications/lpcxpresso_8.0.0_526/lpcxpresso/tools/bin/../lib/gcc/arm-none-eabi/4.9.3/../../../../arm-none-eabi/lib/armv7-m/libcr_newlib_nohost.a(_cr_check_heap.o)

.debug_ranges   0x0000000000000000      0x698
 .debug_ranges  0x0000000000000000       0x40 ./src/I2C.o
 .debug_ranges  0x0000000000000040       0x38 ./src/cr_cpp_config.o
 .debug_ranges  0x0000000000000078       0x70 ./src/cr_startup_lpc15xx.o
 .debug_ranges  0x00000000000000e8       0x18 ./src/retarget_itm.o
 .debug_ranges  0x0000000000000100       0x40 ./src/sensor_Pressure.o
 .debug_ranges  0x0000000000000140       0x10 ./src/sysinit.o
 .debug_ranges  0x0000000000000150       0xc0 /Users/vinhxu/Desktop/Workspace/lpc_board_nxp_lpcxpresso_1549/Debug/liblpc_board_nxp_lpcxpresso_1549.a(board.o)
 .debug_ranges  0x0000000000000210       0x50 /Users/vinhxu/Desktop/Workspace/lpc_board_nxp_lpcxpresso_1549/Debug/liblpc_board_nxp_lpcxpresso_1549.a(board_sysinit.o)
 .debug_ranges  0x0000000000000260       0x40 /Users/vinhxu/Desktop/Workspace/lpc_chip_15xx/Debug/liblpc_chip_15xx.a(chip_15xx.o)
 .debug_ranges  0x00000000000002a0      0x118 /Users/vinhxu/Desktop/Workspace/lpc_chip_15xx/Debug/liblpc_chip_15xx.a(clock_15xx.o)
 .debug_ranges  0x00000000000003b8       0x60 /Users/vinhxu/Desktop/Workspace/lpc_chip_15xx/Debug/liblpc_chip_15xx.a(gpio_15xx.o)
 .debug_ranges  0x0000000000000418       0x20 /Users/vinhxu/Desktop/Workspace/lpc_chip_15xx/Debug/liblpc_chip_15xx.a(i2c_common_15xx.o)
 .debug_ranges  0x0000000000000438       0x78 /Users/vinhxu/Desktop/Workspace/lpc_chip_15xx/Debug/liblpc_chip_15xx.a(i2cm_15xx.o)
 .debug_ranges  0x00000000000004b0       0x18 /Users/vinhxu/Desktop/Workspace/lpc_chip_15xx/Debug/liblpc_chip_15xx.a(iocon_15xx.o)
 .debug_ranges  0x00000000000004c8       0x30 /Users/vinhxu/Desktop/Workspace/lpc_chip_15xx/Debug/liblpc_chip_15xx.a(swm_15xx.o)
 .debug_ranges  0x00000000000004f8       0x40 /Users/vinhxu/Desktop/Workspace/lpc_chip_15xx/Debug/liblpc_chip_15xx.a(sysctl_15xx.o)
 .debug_ranges  0x0000000000000538       0x48 /Users/vinhxu/Desktop/Workspace/lpc_chip_15xx/Debug/liblpc_chip_15xx.a(sysinit_15xx.o)
 .debug_ranges  0x0000000000000580       0xb8 /Users/vinhxu/Desktop/Workspace/lpc_chip_15xx/Debug/liblpc_chip_15xx.a(uart_15xx.o)
 .debug_ranges  0x0000000000000638       0x10 /Applications/lpcxpresso_8.0.0_526/lpcxpresso/tools/bin/../lib/gcc/arm-none-eabi/4.9.3/../../../../arm-none-eabi/lib/armv7-m/libcr_newlib_nohost.a(_cr_sbrk.o)
 .debug_ranges  0x0000000000000648       0x10 /Applications/lpcxpresso_8.0.0_526/lpcxpresso/tools/bin/../lib/gcc/arm-none-eabi/4.9.3/../../../../arm-none-eabi/lib/armv7-m/libcr_newlib_nohost.a(close.o)
 .debug_ranges  0x0000000000000658       0x10 /Applications/lpcxpresso_8.0.0_526/lpcxpresso/tools/bin/../lib/gcc/arm-none-eabi/4.9.3/../../../../arm-none-eabi/lib/armv7-m/libcr_newlib_nohost.a(fstat.o)
 .debug_ranges  0x0000000000000668       0x10 /Applications/lpcxpresso_8.0.0_526/lpcxpresso/tools/bin/../lib/gcc/arm-none-eabi/4.9.3/../../../../arm-none-eabi/lib/armv7-m/libcr_newlib_nohost.a(isatty.o)
 .debug_ranges  0x0000000000000678       0x10 /Applications/lpcxpresso_8.0.0_526/lpcxpresso/tools/bin/../lib/gcc/arm-none-eabi/4.9.3/../../../../arm-none-eabi/lib/armv7-m/libcr_newlib_nohost.a(lseek.o)
 .debug_ranges  0x0000000000000688       0x10 /Applications/lpcxpresso_8.0.0_526/lpcxpresso/tools/bin/../lib/gcc/arm-none-eabi/4.9.3/../../../../arm-none-eabi/lib/armv7-m/libcr_newlib_nohost.a(_cr_check_heap.o)

.debug_macro    0x0000000000000000     0x870b
 .debug_macro   0x0000000000000000      0x25b ./src/I2C.o
 .debug_macro   0x000000000000025b      0x8a4 ./src/I2C.o
 .debug_macro   0x0000000000000aff       0x22 ./src/I2C.o
 .debug_macro   0x0000000000000b21       0x44 ./src/I2C.o
 .debug_macro   0x0000000000000b65       0xe3 ./src/I2C.o
 .debug_macro   0x0000000000000c48       0x22 ./src/I2C.o
 .debug_macro   0x0000000000000c6a      0x1df ./src/I2C.o
 .debug_macro   0x0000000000000e49       0x28 ./src/I2C.o
 .debug_macro   0x0000000000000e71       0x7b ./src/I2C.o
 .debug_macro   0x0000000000000eec       0x10 ./src/I2C.o
 .debug_macro   0x0000000000000efc       0x2d ./src/I2C.o
 .debug_macro   0x0000000000000f29       0x3a ./src/I2C.o
 .debug_macro   0x0000000000000f63       0x2d ./src/I2C.o
 .debug_macro   0x0000000000000f90      0xa7d ./src/I2C.o
 .debug_macro   0x0000000000001a0d      0x1b4 ./src/I2C.o
 .debug_macro   0x0000000000001bc1       0xca ./src/I2C.o
 .debug_macro   0x0000000000001c8b       0x18 ./src/I2C.o
 .debug_macro   0x0000000000001ca3       0xb2 ./src/I2C.o
 .debug_macro   0x0000000000001d55       0x70 ./src/I2C.o
 .debug_macro   0x0000000000001dc5       0x46 ./src/I2C.o
 .debug_macro   0x0000000000001e0b       0xd0 ./src/I2C.o
 .debug_macro   0x0000000000001edb       0x40 ./src/I2C.o
 .debug_macro   0x0000000000001f1b      0x233 ./src/I2C.o
 .debug_macro   0x000000000000214e       0x16 ./src/I2C.o
 .debug_macro   0x0000000000002164       0x88 ./src/I2C.o
 .debug_macro   0x00000000000021ec       0x34 ./src/I2C.o
 .debug_macro   0x0000000000002220       0x6a ./src/I2C.o
 .debug_macro   0x000000000000228a       0x40 ./src/I2C.o
 .debug_macro   0x00000000000022ca       0x1c ./src/I2C.o
 .debug_macro   0x00000000000022e6       0x16 ./src/I2C.o
 .debug_macro   0x00000000000022fc      0x10c ./src/I2C.o
 .debug_macro   0x0000000000002408      0x2a9 ./src/I2C.o
 .debug_macro   0x00000000000026b1       0x76 ./src/I2C.o
 .debug_macro   0x0000000000002727       0x22 ./src/I2C.o
 .debug_macro   0x0000000000002749      0x152 ./src/I2C.o
 .debug_macro   0x000000000000289b       0x82 ./src/I2C.o
 .debug_macro   0x000000000000291d       0xe6 ./src/I2C.o
 .debug_macro   0x0000000000002a03       0x3a ./src/I2C.o
 .debug_macro   0x0000000000002a3d       0x34 ./src/I2C.o
 .debug_macro   0x0000000000002a71       0x10 ./src/I2C.o
 .debug_macro   0x0000000000002a81       0x76 ./src/I2C.o
 .debug_macro   0x0000000000002af7       0x58 ./src/I2C.o
 .debug_macro   0x0000000000002b4f      0x2ca ./src/I2C.o
 .debug_macro   0x0000000000002e19      0x22b ./src/I2C.o
 .debug_macro   0x0000000000003044       0x2e ./src/I2C.o
 .debug_macro   0x0000000000003072       0xe2 ./src/cr_cpp_config.o
 .debug_macro   0x0000000000003154       0x58 ./src/cr_cpp_config.o
 .debug_macro   0x00000000000031ac       0x35 ./src/cr_cpp_config.o
 .debug_macro   0x00000000000031e1       0x9c ./src/cr_cpp_config.o
 .debug_macro   0x000000000000327d       0x16 ./src/cr_cpp_config.o
 .debug_macro   0x0000000000003293      0x10e ./src/cr_cpp_config.o
 .debug_macro   0x00000000000033a1       0x7f ./src/cr_cpp_config.o
 .debug_macro   0x0000000000003420       0x4a ./src/cr_cpp_config.o
 .debug_macro   0x000000000000346a       0x52 ./src/cr_cpp_config.o
 .debug_macro   0x00000000000034bc       0x16 ./src/cr_cpp_config.o
 .debug_macro   0x00000000000034d2       0x43 ./src/cr_cpp_config.o
 .debug_macro   0x0000000000003515      0x180 ./src/cr_cpp_config.o
 .debug_macro   0x0000000000003695      0x2b2 ./src/cr_cpp_config.o
 .debug_macro   0x0000000000003947       0x16 ./src/cr_cpp_config.o
 .debug_macro   0x000000000000395d       0x29 ./src/cr_cpp_config.o
 .debug_macro   0x0000000000003986       0x23 ./src/cr_startup_lpc15xx.o
 .debug_macro   0x00000000000039a9       0x90 ./src/retarget_itm.o
 .debug_macro   0x0000000000003a39      0x3c8 ./src/sensor_Pressure.o
 .debug_macro   0x0000000000003e01       0x34 ./src/sensor_Pressure.o
 .debug_macro   0x0000000000003e35       0x16 ./src/sensor_Pressure.o
 .debug_macro   0x0000000000003e4b       0x97 ./src/sensor_Pressure.o
 .debug_macro   0x0000000000003ee2       0xef ./src/sensor_Pressure.o
 .debug_macro   0x0000000000003fd1       0x10 ./src/sensor_Pressure.o
 .debug_macro   0x0000000000003fe1       0x10 ./src/sensor_Pressure.o
 .debug_macro   0x0000000000003ff1       0x22 ./src/sensor_Pressure.o
 .debug_macro   0x0000000000004013       0xbe ./src/sensor_Pressure.o
 .debug_macro   0x00000000000040d1       0x16 ./src/sensor_Pressure.o
 .debug_macro   0x00000000000040e7      0x197 ./src/sensor_Pressure.o
 .debug_macro   0x000000000000427e       0x20 ./src/sensor_Pressure.o
 .debug_macro   0x000000000000429e       0x82 ./src/sensor_Pressure.o
 .debug_macro   0x0000000000004320       0x35 ./src/sensor_Pressure.o
 .debug_macro   0x0000000000004355       0xef ./src/sensor_Pressure.o
 .debug_macro   0x0000000000004444      0x337 ./src/sensor_Pressure.o
 .debug_macro   0x000000000000477b      0x100 ./src/sensor_Pressure.o
 .debug_macro   0x000000000000487b      0x354 ./src/sysinit.o
 .debug_macro   0x0000000000004bcf       0x22 ./src/sysinit.o
 .debug_macro   0x0000000000004bf1      0xa7d ./src/sysinit.o
 .debug_macro   0x000000000000566e       0x9c ./src/sysinit.o
 .debug_macro   0x000000000000570a       0x97 ./src/sysinit.o
 .debug_macro   0x00000000000057a1      0x29d ./src/sysinit.o
 .debug_macro   0x0000000000005a3e       0xef ./src/sysinit.o
 .debug_macro   0x0000000000005b2d       0x43 ./src/sysinit.o
 .debug_macro   0x0000000000005b70      0x284 /Users/vinhxu/Desktop/Workspace/lpc_board_nxp_lpcxpresso_1549/Debug/liblpc_board_nxp_lpcxpresso_1549.a(board.o)
 .debug_macro   0x0000000000005df4      0x874 /Users/vinhxu/Desktop/Workspace/lpc_board_nxp_lpcxpresso_1549/Debug/liblpc_board_nxp_lpcxpresso_1549.a(board.o)
 .debug_macro   0x0000000000006668       0x10 /Users/vinhxu/Desktop/Workspace/lpc_board_nxp_lpcxpresso_1549/Debug/liblpc_board_nxp_lpcxpresso_1549.a(board.o)
 .debug_macro   0x0000000000006678      0x12d /Users/vinhxu/Desktop/Workspace/lpc_board_nxp_lpcxpresso_1549/Debug/liblpc_board_nxp_lpcxpresso_1549.a(board.o)
 .debug_macro   0x00000000000067a5      0x5b2 /Users/vinhxu/Desktop/Workspace/lpc_board_nxp_lpcxpresso_1549/Debug/liblpc_board_nxp_lpcxpresso_1549.a(board.o)
 .debug_macro   0x0000000000006d57       0x22 /Users/vinhxu/Desktop/Workspace/lpc_board_nxp_lpcxpresso_1549/Debug/liblpc_board_nxp_lpcxpresso_1549.a(board.o)
 .debug_macro   0x0000000000006d79       0x9a /Users/vinhxu/Desktop/Workspace/lpc_board_nxp_lpcxpresso_1549/Debug/liblpc_board_nxp_lpcxpresso_1549.a(board.o)
 .debug_macro   0x0000000000006e13       0x12 /Users/vinhxu/Desktop/Workspace/lpc_board_nxp_lpcxpresso_1549/Debug/liblpc_board_nxp_lpcxpresso_1549.a(board.o)
 .debug_macro   0x0000000000006e25      0x288 /Users/vinhxu/Desktop/Workspace/lpc_board_nxp_lpcxpresso_1549/Debug/liblpc_board_nxp_lpcxpresso_1549.a(board_sysinit.o)
 .debug_macro   0x00000000000070ad      0x239 /Users/vinhxu/Desktop/Workspace/lpc_chip_15xx/Debug/liblpc_chip_15xx.a(chip_15xx.o)
 .debug_macro   0x00000000000072e6      0x239 /Users/vinhxu/Desktop/Workspace/lpc_chip_15xx/Debug/liblpc_chip_15xx.a(clock_15xx.o)
 .debug_macro   0x000000000000751f      0x239 /Users/vinhxu/Desktop/Workspace/lpc_chip_15xx/Debug/liblpc_chip_15xx.a(gpio_15xx.o)
 .debug_macro   0x0000000000007758      0x239 /Users/vinhxu/Desktop/Workspace/lpc_chip_15xx/Debug/liblpc_chip_15xx.a(i2c_common_15xx.o)
 .debug_macro   0x0000000000007991      0x239 /Users/vinhxu/Desktop/Workspace/lpc_chip_15xx/Debug/liblpc_chip_15xx.a(i2cm_15xx.o)
 .debug_macro   0x0000000000007bca      0x239 /Users/vinhxu/Desktop/Workspace/lpc_chip_15xx/Debug/liblpc_chip_15xx.a(iocon_15xx.o)
 .debug_macro   0x0000000000007e03      0x245 /Users/vinhxu/Desktop/Workspace/lpc_chip_15xx/Debug/liblpc_chip_15xx.a(swm_15xx.o)
 .debug_macro   0x0000000000008048      0x251 /Users/vinhxu/Desktop/Workspace/lpc_chip_15xx/Debug/liblpc_chip_15xx.a(sysctl_15xx.o)
 .debug_macro   0x0000000000008299      0x239 /Users/vinhxu/Desktop/Workspace/lpc_chip_15xx/Debug/liblpc_chip_15xx.a(sysinit_15xx.o)
 .debug_macro   0x00000000000084d2      0x239 /Users/vinhxu/Desktop/Workspace/lpc_chip_15xx/Debug/liblpc_chip_15xx.a(uart_15xx.o)

.debug_line     0x0000000000000000     0x5b11
 .debug_line    0x0000000000000000      0x599 ./src/I2C.o
 .debug_line    0x0000000000000599      0x29e ./src/cr_cpp_config.o
 .debug_line    0x0000000000000837       0xd5 ./src/cr_startup_lpc15xx.o
 .debug_line    0x000000000000090c      0x237 ./src/retarget_itm.o
 .debug_line    0x0000000000000b43      0x7f6 ./src/sensor_Pressure.o
 .debug_line    0x0000000000001339      0x5f7 ./src/sysinit.o
 .debug_line    0x0000000000001930      0x6b8 /Users/vinhxu/Desktop/Workspace/lpc_board_nxp_lpcxpresso_1549/Debug/liblpc_board_nxp_lpcxpresso_1549.a(board.o)
 .debug_line    0x0000000000001fe8      0x57a /Users/vinhxu/Desktop/Workspace/lpc_board_nxp_lpcxpresso_1549/Debug/liblpc_board_nxp_lpcxpresso_1549.a(board_sysinit.o)
 .debug_line    0x0000000000002562      0x4af /Users/vinhxu/Desktop/Workspace/lpc_chip_15xx/Debug/liblpc_chip_15xx.a(chip_15xx.o)
 .debug_line    0x0000000000002a11      0x700 /Users/vinhxu/Desktop/Workspace/lpc_chip_15xx/Debug/liblpc_chip_15xx.a(clock_15xx.o)
 .debug_line    0x0000000000003111      0x503 /Users/vinhxu/Desktop/Workspace/lpc_chip_15xx/Debug/liblpc_chip_15xx.a(gpio_15xx.o)
 .debug_line    0x0000000000003614      0x457 /Users/vinhxu/Desktop/Workspace/lpc_chip_15xx/Debug/liblpc_chip_15xx.a(i2c_common_15xx.o)
 .debug_line    0x0000000000003a6b      0x571 /Users/vinhxu/Desktop/Workspace/lpc_chip_15xx/Debug/liblpc_chip_15xx.a(i2cm_15xx.o)
 .debug_line    0x0000000000003fdc      0x44f /Users/vinhxu/Desktop/Workspace/lpc_chip_15xx/Debug/liblpc_chip_15xx.a(iocon_15xx.o)
 .debug_line    0x000000000000442b      0x479 /Users/vinhxu/Desktop/Workspace/lpc_chip_15xx/Debug/liblpc_chip_15xx.a(swm_15xx.o)
 .debug_line    0x00000000000048a4      0x4af /Users/vinhxu/Desktop/Workspace/lpc_chip_15xx/Debug/liblpc_chip_15xx.a(sysctl_15xx.o)
 .debug_line    0x0000000000004d53      0x4e4 /Users/vinhxu/Desktop/Workspace/lpc_chip_15xx/Debug/liblpc_chip_15xx.a(sysinit_15xx.o)
 .debug_line    0x0000000000005237      0x623 /Users/vinhxu/Desktop/Workspace/lpc_chip_15xx/Debug/liblpc_chip_15xx.a(uart_15xx.o)
 .debug_line    0x000000000000585a      0x101 /Applications/lpcxpresso_8.0.0_526/lpcxpresso/tools/bin/../lib/gcc/arm-none-eabi/4.9.3/../../../../arm-none-eabi/lib/armv7-m/libcr_newlib_nohost.a(_cr_sbrk.o)
 .debug_line    0x000000000000595b       0x40 /Applications/lpcxpresso_8.0.0_526/lpcxpresso/tools/bin/../lib/gcc/arm-none-eabi/4.9.3/../../../../arm-none-eabi/lib/armv7-m/libcr_newlib_nohost.a(close.o)
 .debug_line    0x000000000000599b       0xa8 /Applications/lpcxpresso_8.0.0_526/lpcxpresso/tools/bin/../lib/gcc/arm-none-eabi/4.9.3/../../../../arm-none-eabi/lib/armv7-m/libcr_newlib_nohost.a(fstat.o)
 .debug_line    0x0000000000005a43       0x41 /Applications/lpcxpresso_8.0.0_526/lpcxpresso/tools/bin/../lib/gcc/arm-none-eabi/4.9.3/../../../../arm-none-eabi/lib/armv7-m/libcr_newlib_nohost.a(isatty.o)
 .debug_line    0x0000000000005a84       0x40 /Applications/lpcxpresso_8.0.0_526/lpcxpresso/tools/bin/../lib/gcc/arm-none-eabi/4.9.3/../../../../arm-none-eabi/lib/armv7-m/libcr_newlib_nohost.a(lseek.o)
 .debug_line    0x0000000000005ac4       0x4d /Applications/lpcxpresso_8.0.0_526/lpcxpresso/tools/bin/../lib/gcc/arm-none-eabi/4.9.3/../../../../arm-none-eabi/lib/armv7-m/libcr_newlib_nohost.a(_cr_check_heap.o)

.debug_str      0x0000000000000000    0x183e8
 .debug_str     0x0000000000000000     0xec08 ./src/I2C.o
                                       0xede9 (size before relaxing)
 .debug_str     0x000000000000ec08     0x265a ./src/cr_cpp_config.o
                                       0x4e26 (size before relaxing)
 .debug_str     0x0000000000011262      0x209 ./src/cr_startup_lpc15xx.o
                                       0x270f (size before relaxing)
 .debug_str     0x000000000001146b      0x353 ./src/retarget_itm.o
                                       0x3318 (size before relaxing)
 .debug_str     0x00000000000117be     0x302a ./src/sensor_Pressure.o
                                      0x13ece (size before relaxing)
 .debug_str     0x00000000000147e8       0xf9 ./src/sysinit.o
                                      0x118aa (size before relaxing)
 .debug_str     0x00000000000148e1     0x1d4c /Users/vinhxu/Desktop/Workspace/lpc_board_nxp_lpcxpresso_1549/Debug/liblpc_board_nxp_lpcxpresso_1549.a(board.o)
                                       0xff06 (size before relaxing)
 .debug_str     0x000000000001662d      0x85d /Users/vinhxu/Desktop/Workspace/lpc_board_nxp_lpcxpresso_1549/Debug/liblpc_board_nxp_lpcxpresso_1549.a(board_sysinit.o)
                                      0x104f8 (size before relaxing)
 .debug_str     0x0000000000016e8a      0x130 /Users/vinhxu/Desktop/Workspace/lpc_chip_15xx/Debug/liblpc_chip_15xx.a(chip_15xx.o)
                                       0xfc4c (size before relaxing)
 .debug_str     0x0000000000016fba      0x89d /Users/vinhxu/Desktop/Workspace/lpc_chip_15xx/Debug/liblpc_chip_15xx.a(clock_15xx.o)
                                      0x1004c (size before relaxing)
 .debug_str     0x0000000000017857       0xdf /Users/vinhxu/Desktop/Workspace/lpc_chip_15xx/Debug/liblpc_chip_15xx.a(gpio_15xx.o)
                                       0xf6f9 (size before relaxing)
 .debug_str     0x0000000000017936       0x37 /Users/vinhxu/Desktop/Workspace/lpc_chip_15xx/Debug/liblpc_chip_15xx.a(i2c_common_15xx.o)
                                       0xf680 (size before relaxing)
 .debug_str     0x000000000001796d      0x164 /Users/vinhxu/Desktop/Workspace/lpc_chip_15xx/Debug/liblpc_chip_15xx.a(i2cm_15xx.o)
                                       0xf3d7 (size before relaxing)
 .debug_str     0x0000000000017ad1       0x41 /Users/vinhxu/Desktop/Workspace/lpc_chip_15xx/Debug/liblpc_chip_15xx.a(iocon_15xx.o)
                                       0xf216 (size before relaxing)
 .debug_str     0x0000000000017b12      0x145 /Users/vinhxu/Desktop/Workspace/lpc_chip_15xx/Debug/liblpc_chip_15xx.a(swm_15xx.o)
                                       0xfc1e (size before relaxing)
 .debug_str     0x0000000000017c57      0x183 /Users/vinhxu/Desktop/Workspace/lpc_chip_15xx/Debug/liblpc_chip_15xx.a(sysctl_15xx.o)
                                       0xf703 (size before relaxing)