Archive member included because of file (symbol)

/Users/vinhxu/Desktop/Workspace/lpc_board_nxp_lpcxpresso_1549/Debug/liblpc_board_nxp_lpcxpresso_1549.a(board.o)
                              ./src/uart_test.o (Board_LED_Set)
/Users/vinhxu/Desktop/Workspace/lpc_board_nxp_lpcxpresso_1549/Debug/liblpc_board_nxp_lpcxpresso_1549.a(board_sysinit.o)
                              ./src/sysinit.o (Board_SystemInit)
/Users/vinhxu/Desktop/Workspace/lpc_chip_15xx/Debug/liblpc_chip_15xx.a(chip_15xx.o)
                              ./src/uart_test.o (SystemCoreClock)
/Users/vinhxu/Desktop/Workspace/lpc_chip_15xx/Debug/liblpc_chip_15xx.a(clock_15xx.o)
                              ./src/SerialPort.o (Chip_Clock_GetMainClockRate)
/Users/vinhxu/Desktop/Workspace/lpc_chip_15xx/Debug/liblpc_chip_15xx.a(gpio_15xx.o)
                              /Users/vinhxu/Desktop/Workspace/lpc_board_nxp_lpcxpresso_1549/Debug/liblpc_board_nxp_lpcxpresso_1549.a(board.o) (Chip_GPIO_Init)
/Users/vinhxu/Desktop/Workspace/lpc_chip_15xx/Debug/liblpc_chip_15xx.a(iocon_15xx.o)
                              /Users/vinhxu/Desktop/Workspace/lpc_board_nxp_lpcxpresso_1549/Debug/liblpc_board_nxp_lpcxpresso_1549.a(board_sysinit.o) (Chip_IOCON_SetPinMuxing)
/Users/vinhxu/Desktop/Workspace/lpc_chip_15xx/Debug/liblpc_chip_15xx.a(ring_buffer.o)
                              ./src/SerialPort.o (RingBuffer_Init)
/Users/vinhxu/Desktop/Workspace/lpc_chip_15xx/Debug/liblpc_chip_15xx.a(swm_15xx.o)
                              ./src/SerialPort.o (Chip_SWM_MovablePinAssign)
/Users/vinhxu/Desktop/Workspace/lpc_chip_15xx/Debug/liblpc_chip_15xx.a(sysctl_15xx.o)
                              /Users/vinhxu/Desktop/Workspace/lpc_board_nxp_lpcxpresso_1549/Debug/liblpc_board_nxp_lpcxpresso_1549.a(board_sysinit.o) (Chip_SYSCTL_AssertPeriphReset)
/Users/vinhxu/Desktop/Workspace/lpc_chip_15xx/Debug/liblpc_chip_15xx.a(sysinit_15xx.o)
                              /Users/vinhxu/Desktop/Workspace/lpc_board_nxp_lpcxpresso_1549/Debug/liblpc_board_nxp_lpcxpresso_1549.a(board_sysinit.o) (Chip_SetupXtalClocking)
/Users/vinhxu/Desktop/Workspace/lpc_chip_15xx/Debug/liblpc_chip_15xx.a(uart_15xx.o)
                              ./src/SerialPort.o (Chip_UART_Init)
/Applications/lpcxpresso_8.0.0_526/lpcxpresso/tools/bin/../lib/gcc/arm-none-eabi/4.9.3/armv7-m/libgcc.a(_aeabi_uldivmod.o)
                              /Users/vinhxu/Desktop/Workspace/lpc_chip_15xx/Debug/liblpc_chip_15xx.a(clock_15xx.o) (__aeabi_uldivmod)
/Applications/lpcxpresso_8.0.0_526/lpcxpresso/tools/bin/../lib/gcc/arm-none-eabi/4.9.3/armv7-m/libgcc.a(bpabi.o)
                              /Applications/lpcxpresso_8.0.0_526/lpcxpresso/tools/bin/../lib/gcc/arm-none-eabi/4.9.3/armv7-m/libgcc.a(_aeabi_uldivmod.o) (__gnu_uldivmod_helper)
/Applications/lpcxpresso_8.0.0_526/lpcxpresso/tools/bin/../lib/gcc/arm-none-eabi/4.9.3/armv7-m/libgcc.a(_dvmd_tls.o)
                              /Applications/lpcxpresso_8.0.0_526/lpcxpresso/tools/bin/../lib/gcc/arm-none-eabi/4.9.3/armv7-m/libgcc.a(_aeabi_uldivmod.o) (__aeabi_ldiv0)
/Applications/lpcxpresso_8.0.0_526/lpcxpresso/tools/bin/../lib/gcc/arm-none-eabi/4.9.3/armv7-m/libgcc.a(_divdi3.o)
                              /Applications/lpcxpresso_8.0.0_526/lpcxpresso/tools/bin/../lib/gcc/arm-none-eabi/4.9.3/armv7-m/libgcc.a(bpabi.o) (__divdi3)
/Applications/lpcxpresso_8.0.0_526/lpcxpresso/tools/bin/../lib/gcc/arm-none-eabi/4.9.3/armv7-m/libgcc.a(_udivdi3.o)
                              /Applications/lpcxpresso_8.0.0_526/lpcxpresso/tools/bin/../lib/gcc/arm-none-eabi/4.9.3/armv7-m/libgcc.a(bpabi.o) (__udivdi3)
/Applications/lpcxpresso_8.0.0_526/lpcxpresso/tools/bin/../lib/gcc/arm-none-eabi/4.9.3/../../../../arm-none-eabi/lib/armv7-m/libc.a(lib_a-init.o)
                              ./src/cr_startup_lpc15xx.o (__libc_init_array)
/Applications/lpcxpresso_8.0.0_526/lpcxpresso/tools/bin/../lib/gcc/arm-none-eabi/4.9.3/../../../../arm-none-eabi/lib/armv7-m/libc.a(lib_a-malloc.o)
                              ./src/cr_cpp_config.o (malloc)
/Applications/lpcxpresso_8.0.0_526/lpcxpresso/tools/bin/../lib/gcc/arm-none-eabi/4.9.3/../../../../arm-none-eabi/lib/armv7-m/libc.a(lib_a-mallocr.o)
                              /Applications/lpcxpresso_8.0.0_526/lpcxpresso/tools/bin/../lib/gcc/arm-none-eabi/4.9.3/../../../../arm-none-eabi/lib/armv7-m/libc.a(lib_a-malloc.o) (_malloc_r)
/Applications/lpcxpresso_8.0.0_526/lpcxpresso/tools/bin/../lib/gcc/arm-none-eabi/4.9.3/../../../../arm-none-eabi/lib/armv7-m/libc.a(lib_a-memcpy.o)
                              /Users/vinhxu/Desktop/Workspace/lpc_chip_15xx/Debug/liblpc_chip_15xx.a(ring_buffer.o) (memcpy)
/Applications/lpcxpresso_8.0.0_526/lpcxpresso/tools/bin/../lib/gcc/arm-none-eabi/4.9.3/../../../../arm-none-eabi/lib/armv7-m/libc.a(lib_a-mlock.o)
                              /Applications/lpcxpresso_8.0.0_526/lpcxpresso/tools/bin/../lib/gcc/arm-none-eabi/4.9.3/../../../../arm-none-eabi/lib/armv7-m/libc.a(lib_a-mallocr.o) (__malloc_lock)
[...]
Memory Configuration

Name             Origin             Length             Attributes
MFlash256        0x0000000000000000 0x0000000000040000 xr
Ram0_16          0x0000000002000000 0x0000000000004000 xrw
Ram1_16          0x0000000002004000 0x0000000000004000 xrw
Ram2_4           0x0000000002008000 0x0000000000001000 xrw
*default*        0x0000000000000000 0xffffffffffffffff

Linker script and memory map

LOAD ./src/ModbusMaster.o
LOAD ./src/SerialPort.o
LOAD ./src/cr_cpp_config.o
LOAD ./src/cr_startup_lpc15xx.o
LOAD ./src/crp.o
LOAD ./src/retarget_itm.o
LOAD ./src/sysinit.o
LOAD ./src/uart_test.o
LOAD /Users/vinhxu/Desktop/Workspace/lpc_board_nxp_lpcxpresso_1549/Debug/liblpc_board_nxp_lpcxpresso_1549.a
LOAD /Users/vinhxu/Desktop/Workspace/lpc_chip_15xx/Debug/liblpc_chip_15xx.a
START GROUP
LOAD /Applications/lpcxpresso_8.0.0_526/lpcxpresso/tools/bin/../lib/gcc/arm-none-eabi/4.9.3/armv7-m/libgcc.a
LOAD /Applications/lpcxpresso_8.0.0_526/lpcxpresso/tools/bin/../lib/gcc/arm-none-eabi/4.9.3/../../../../arm-none-eabi/lib/armv7-m/libc.a
LOAD /Applications/lpcxpresso_8.0.0_526/lpcxpresso/tools/bin/../lib/gcc/arm-none-eabi/4.9.3/../../../../arm-none-eabi/lib/armv7-m/libstdc++.a
LOAD /Applications/lpcxpresso_8.0.0_526/lpcxpresso/tools/bin/../lib/gcc/arm-none-eabi/4.9.3/../../../../arm-none-eabi/lib/armv7-m/libm.a
LOAD /Applications/lpcxpresso_8.0.0_526/lpcxpresso/tools/bin/../lib/gcc/arm-none-eabi/4.9.3/../../../../arm-none-eabi/lib/armv7-m/libcr_newlib_nohost.a
LOAD /Applications/lpcxpresso_8.0.0_526/lpcxpresso/tools/bin/../lib/gcc/arm-none-eabi/4.9.3/armv7-m/crti.o
LOAD /Applications/lpcxpresso_8.0.0_526/lpcxpresso/tools/bin/../lib/gcc/arm-none-eabi/4.9.3/armv7-m/crtn.o
LOAD /Applications/lpcxpresso_8.0.0_526/lpcxpresso/tools/bin/../lib/gcc/arm-none-eabi/4.9.3/armv7-m/crtbegin.o
LOAD /Applications/lpcxpresso_8.0.0_526/lpcxpresso/tools/bin/../lib/gcc/arm-none-eabi/4.9.3/armv7-m/crtend.o
END GROUP
                0x0000000000000000                __base_MFlash256 = 0x0
                0x0000000000000000                __base_Flash = 0x0
                0x0000000000040000                __top_MFlash256 = 0x40000
                0x0000000000040000                __top_Flash = 0x40000
                0x0000000002000000                __base_Ram0_16 = 0x2000000
                0x0000000002000000                __base_RAM = 0x2000000
                0x0000000002004000                __top_Ram0_16 = 0x2004000
                0x0000000002004000                __top_RAM = 0x2004000
                0x0000000002004000                __base_Ram1_16 = 0x2004000
                0x0000000002004000                __base_RAM2 = 0x2004000
                0x0000000002008000                __top_Ram1_16 = 0x2008000
                0x0000000002008000                __top_RAM2 = 0x2008000
                0x0000000002008000                __base_Ram2_4 = 0x2008000
                0x0000000002008000                __base_RAM3 = 0x2008000
                0x0000000002009000                __top_Ram2_4 = 0x2009000
                0x0000000002009000                __top_RAM3 = 0x2009000

.text           0x0000000000000000     0x8374
 FILL mask 0xff
                0x0000000000000000                __vectors_start__ = ABSOLUTE (.)
 *(.isr_vector)
 .isr_vector    0x0000000000000000       0xfc ./src/cr_startup_lpc15xx.o
                0x0000000000000000                g_pfnVectors
                0x00000000000000fc                . = ALIGN (0x4)
                0x00000000000000fc                __section_table_start = .
                0x00000000000000fc                __data_section_table = .
                0x00000000000000fc        0x4 LONG 0x837c LOADADDR (.data)
                0x0000000000000100        0x4 LONG 0x2000000 ADDR (.data)
                0x0000000000000104        0x4 LONG 0x8a4 SIZEOF (.data)
                0x0000000000000108        0x4 LONG 0x837c LOADADDR (.data_RAM2)
                0x000000000000010c        0x4 LONG 0x2004000 ADDR (.data_RAM2)
                0x0000000000000110        0x4 LONG 0x0 SIZEOF (.data_RAM2)
                0x0000000000000114        0x4 LONG 0x837c LOADADDR (.data_RAM3)
                0x0000000000000118        0x4 LONG 0x2008000 ADDR (.data_RAM3)
                0x000000000000011c        0x4 LONG 0x0 SIZEOF (.data_RAM3)
                0x0000000000000120                __data_section_table_end = .
                0x0000000000000120                __bss_section_table = .
                0x0000000000000120        0x4 LONG 0x20008a4 ADDR (.bss)
                0x0000000000000124        0x4 LONG 0x6c SIZEOF (.bss)
                0x0000000000000128        0x4 LONG 0x2004000 ADDR (.bss_RAM2)
                0x000000000000012c        0x4 LONG 0x0 SIZEOF (.bss_RAM2)
                0x0000000000000130        0x4 LONG 0x2008000 ADDR (.bss_RAM3)
                0x0000000000000134        0x4 LONG 0x0 SIZEOF (.bss_RAM3)
                0x0000000000000138                __bss_section_table_end = .
                0x0000000000000138                __section_table_end = .
 *(.after_vectors*)
 .after_vectors
                0x0000000000000138      0x158 ./src/cr_startup_lpc15xx.o
                0x0000000000000138                data_init(unsigned int, unsigned int, unsigned int)
                0x000000000000017c                bss_init(unsigned int, unsigned int)
                0x00000000000001b4                ResetISR
                0x0000000000000240                NMI_Handler
                0x0000000000000248                HardFault_Handler
                0x0000000000000250                MemManage_Handler
                0x0000000000000258                BusFault_Handler
                0x0000000000000260                UsageFault_Handler
                0x0000000000000268                SVC_Handler
                0x0000000000000270                DebugMon_Handler
                0x0000000000000278                PendSV_Handler
                0x0000000000000288                IntDefaultHandler
                0x0000000000000288                PIN_INT4_IRQHandler
                0x0000000000000288                CAN_IRQHandler
                0x0000000000000288                RTC_ALARM_IRQHandler
                0x0000000000000288                ADC1B_IRQHandler
                0x0000000000000288                ADC1_OVR_IRQHandler
                0x0000000000000288                USBWakeup_IRQHandler
                0x0000000000000288                UART2_IRQHandler
                0x0000000000000288                PIN_INT5_IRQHandler
                0x0000000000000288                SCT1_IRQHandler
                0x0000000000000288                PIN_INT2_IRQHandler
                0x0000000000000288                USB_FIQHandler
                0x0000000000000288                SCT3_IRQHandler
                0x0000000000000288                PIN_INT7_IRQHandler
                0x0000000000000288                PIN_INT1_IRQHandler
                0x0000000000000288                USB_IRQHandler
                0x0000000000000288                BOD_IRQHandler
                0x0000000000000288                ADC0B_IRQHandler
                0x0000000000000288                ACMP0_IRQHandler
                0x0000000000000288                WDT_IRQHandler
                0x0000000000000288                PIN_INT0_IRQHandler
                0x0000000000000288                QEI_IRQHandler
                0x0000000000000288                ACMP3_IRQHandler
                0x0000000000000288                GINT0_IRQHandler
                0x0000000000000288                DAC_IRQHandler
                0x0000000000000288                SPI0_IRQHandler
                0x0000000000000288                EEPROM_IRQHandler
                0x0000000000000288                ACMP2_IRQHandler
                0x0000000000000288                ADC1A_IRQHandler
                0x0000000000000288                DMA_IRQHandler
                0x0000000000000288                PIN_INT3_IRQHandler
                0x0000000000000288                ACMP1_IRQHandler
                0x0000000000000288                ADC0A_IRQHandler
                0x0000000000000288                FMC_IRQHandler
                0x0000000000000288                GINT1_IRQHandler
                0x0000000000000288                SCT0_IRQHandler
                0x0000000000000288                ADC0_THCMP_IRQHandler
                0x0000000000000288                RIT_IRQHandler
                0x0000000000000288                I2C0_IRQHandler
                0x0000000000000288                ADC0_OVR_IRQHandler
                0x0000000000000288                ADC1_THCMP_IRQHandler
                0x0000000000000288                SCT2_IRQHandler
                0x0000000000000288                MRT_IRQHandler
                0x0000000000000288                RTC_WAKE_IRQHandler
                0x0000000000000288                UART0_IRQHandler
                0x0000000000000288                SPI1_IRQHandler
                0x0000000000000288                PIN_INT6_IRQHandler
 *(.text*)
 .text._ZL4wordhh
                0x0000000000000290       0x2c ./src/ModbusMaster.o
 .text._ZL8highBytet
                0x00000000000002bc       0x20 ./src/ModbusMaster.o
 .text._ZL7lowBytet
                0x00000000000002dc       0x1c ./src/ModbusMaster.o
 .text._ZL7bitReadhh
                0x00000000000002f8       0x2c ./src/ModbusMaster.o
 .text._ZL12crc16_updateth
                0x0000000000000324       0x60 ./src/ModbusMaster.o
 .text._ZN12ModbusMasterC2Eh
                0x0000000000000384       0x30 ./src/ModbusMaster.o
                0x0000000000000384                ModbusMaster::ModbusMaster(unsigned char)
                0x0000000000000384                ModbusMaster::ModbusMaster(unsigned char)
 .text._ZN12ModbusMaster5beginEt
                0x00000000000003b4       0x5c ./src/ModbusMaster.o
                0x00000000000003b4                ModbusMaster::begin(unsigned short)
 .text._ZN12ModbusMaster17getResponseBufferEh
                0x0000000000000410       0x30 ./src/ModbusMaster.o
                0x0000000000000410                ModbusMaster::getResponseBuffer(unsigned char)
 .text._ZN12ModbusMaster20readHoldingRegistersEtt
                0x0000000000000440       0x30 ./src/ModbusMaster.o
                0x0000000000000440                ModbusMaster::readHoldingRegisters(unsigned short, unsigned short)
 .text._ZN12ModbusMaster19writeSingleRegisterEtt
                0x0000000000000470       0x3c ./src/ModbusMaster.o
                0x0000000000000470                ModbusMaster::writeSingleRegister(unsigned short, unsigned short)
 .text._ZN12ModbusMaster23ModbusMasterTransactionEh
                0x00000000000004ac      0xa44 ./src/ModbusMaster.o
                0x00000000000004ac                ModbusMaster::ModbusMasterTransaction(unsigned char)
 .text.NVIC_EnableIRQ
                0x0000000000000ef0       0x30 ./src/SerialPort.o
 .text.NVIC_DisableIRQ
                0x0000000000000f20       0x34 ./src/SerialPort.o
 .text.Chip_IOCON_PinMuxSet
                0x0000000000000f54       0x2c ./src/SerialPort.o
 .text.Chip_SWM_MovablePortPinAssign
                0x0000000000000f80       0x30 ./src/SerialPort.o
 .text.RingBuffer_GetCount
                0x0000000000000fb0       0x24 ./src/SerialPort.o
 .text.Chip_UART_Enable
                0x0000000000000fd4       0x20 ./src/SerialPort.o
 .text.Chip_UART_TXEnable
                0x0000000000000ff4       0x20 ./src/SerialPort.o
 .text.Chip_UART_IntEnable
                0x0000000000001014       0x1c ./src/SerialPort.o
 .text.Chip_UART_IntDisable
                0x0000000000001030       0x1c ./src/SerialPort.o
 .text.Chip_UART_ConfigData
                0x000000000000104c       0x28 ./src/SerialPort.o
 .text.UART1_IRQHandler
                0x0000000000001074       0x24 ./src/SerialPort.o
                0x0000000000001074                UART1_IRQHandler
 .text._ZN10SerialPortC2Ev
                0x0000000000001098      0x108 ./src/SerialPort.o
                0x0000000000001098                SerialPort::SerialPort()
                0x0000000000001098                SerialPort::SerialPort()
 .text._ZN10SerialPortD2Ev
                0x00000000000011a0       0x38 ./src/SerialPort.o
                0x00000000000011a0                SerialPort::~SerialPort()
                0x00000000000011a0                SerialPort::~SerialPort()
 .text._ZN10SerialPortD0Ev
                0x00000000000011d8       0x20 ./src/SerialPort.o
                0x00000000000011d8                SerialPort::~SerialPort()
 .text._ZN10SerialPort9availableEv
                0x00000000000011f8       0x1c ./src/SerialPort.o
                0x00000000000011f8                SerialPort::available()
 .text._ZN10SerialPort5beginEi
                0x0000000000001214       0x20 ./src/SerialPort.o
                0x0000000000001214                SerialPort::begin(int)
 .text._ZN10SerialPort4readEv
                0x0000000000001234       0x3c ./src/SerialPort.o
                0x0000000000001234                SerialPort::read()
 .text._ZN10SerialPort5printEii
                0x0000000000001270       0x34 ./src/SerialPort.o
                0x0000000000001270                SerialPort::print(int, int)
 .text._ZN10SerialPort5flushEv
                0x00000000000012a4       0x14 ./src/SerialPort.o
                0x00000000000012a4                SerialPort::flush()
 .text._Znwj    0x00000000000012b8       0x18 ./src/cr_cpp_config.o
                0x00000000000012b8                operator new(unsigned int)
 .text._ZdlPv   0x00000000000012d0       0x14 ./src/cr_cpp_config.o
                0x00000000000012d0                operator delete(void*)
 .text._write   0x00000000000012e4       0x7c ./src/retarget_itm.o
                0x00000000000012e4                _write
 .text._read    0x0000000000001360       0xb4 ./src/retarget_itm.o
                0x0000000000001360                _read
 .text.SystemInit
                0x0000000000001414        0xc ./src/sysinit.o
                0x0000000000001414                SystemInit
 .text.NVIC_SetPriority
                0x0000000000001420       0x54 ./src/uart_test.o
 .text.SysTick_Config
                0x0000000000001474       0x44 ./src/uart_test.o
 .text.Chip_SWM_MovablePortPinAssign
                0x00000000000014b8       0x30 ./src/uart_test.o
 .text.SysTick_Handler
                0x00000000000014e8       0x3c ./src/uart_test.o
                0x00000000000014e8                SysTick_Handler
 .text._Z5Sleepi
                0x0000000000001524       0x34 ./src/uart_test.o
                0x0000000000001524                Sleep(int)
 .text._Z6millisv
                0x0000000000001558       0x18 ./src/uart_test.o
                0x0000000000001558                millis()
 .text._Z13printRegisterR12ModbusMastert
                0x0000000000001570       0x24 ./src/uart_test.o
                0x0000000000001570                printRegister(ModbusMaster&, unsigned short)
 .text._Z12setFrequencyR12ModbusMastert
                0x0000000000001594       0x20 ./src/uart_test.o
                0x0000000000001594                setFrequency(ModbusMaster&, unsigned short)
 .text._Z13abbModbusTestv
                0x00000000000015b4      0x17c ./src/uart_test.o
                0x00000000000015b4                abbModbusTest()
 .text.main     0x0000000000001730       0x5c ./src/uart_test.o
                0x0000000000001730                main
 .text.Chip_IOCON_PinMuxSet
                0x000000000000178c       0x2c /Users/vinhxu/Desktop/Workspace/lpc_board_nxp_lpcxpresso_1549/Debug/liblpc_board_nxp_lpcxpresso_1549.a(board.o)
 .text.Chip_SWM_MovablePortPinAssign
                0x00000000000017b8       0x30 /Users/vinhxu/Desktop/Workspace/lpc_board_nxp_lpcxpresso_1549/Debug/liblpc_board_nxp_lpcxpresso_1549.a(board.o)
 .text.Chip_GPIO_SetPinState
                0x00000000000017e8       0x38 /Users/vinhxu/Desktop/Workspace/lpc_board_nxp_lpcxpresso_1549/Debug/liblpc_board_nxp_lpcxpresso_1549.a(board.o)
 .text.Chip_GPIO_SetPinDIROutput
                0x0000000000001820       0x3c /Users/vinhxu/Desktop/Workspace/lpc_board_nxp_lpcxpresso_1549/Debug/liblpc_board_nxp_lpcxpresso_1549.a(board.o)
 .text.Chip_UART_Enable
                0x000000000000185c       0x20 /Users/vinhxu/Desktop/Workspace/lpc_board_nxp_lpcxpresso_1549/Debug/liblpc_board_nxp_lpcxpresso_1549.a(board.o)
 .text.Chip_UART_TXEnable
                0x000000000000187c       0x20 /Users/vinhxu/Desktop/Workspace/lpc_board_nxp_lpcxpresso_1549/Debug/liblpc_board_nxp_lpcxpresso_1549.a(board.o)
 .text.Chip_UART_ConfigData
                0x000000000000189c       0x28 /Users/vinhxu/Desktop/Workspace/lpc_board_nxp_lpcxpresso_1549/Debug/liblpc_board_nxp_lpcxpresso_1549.a(board.o)
 .text.Board_Debug_Init
                0x00000000000018c4       0x6c /Users/vinhxu/Desktop/Workspace/lpc_board_nxp_lpcxpresso_1549/Debug/liblpc_board_nxp_lpcxpresso_1549.a(board.o)
                0x00000000000018c4                Board_Debug_Init
 .text.Board_LED_Init
                0x0000000000001930       0x5c /Users/vinhxu/Desktop/Workspace/lpc_board_nxp_lpcxpresso_1549/Debug/liblpc_board_nxp_lpcxpresso_1549.a(board.o)
 .text.Board_LED_Set
                0x000000000000198c       0x50 /Users/vinhxu/Desktop/Workspace/lpc_board_nxp_lpcxpresso_1549/Debug/liblpc_board_nxp_lpcxpresso_1549.a(board.o)
                0x000000000000198c                Board_LED_Set
 .text.Board_Init
                0x00000000000019dc       0x18 /Users/vinhxu/Desktop/Workspace/lpc_board_nxp_lpcxpresso_1549/Debug/liblpc_board_nxp_lpcxpresso_1549.a(board.o)
                0x00000000000019dc                Board_Init
 .text.Chip_SYSCTL_PeriphReset
                0x00000000000019f4       0x20 /Users/vinhxu/Desktop/Workspace/lpc_board_nxp_lpcxpresso_1549/Debug/liblpc_board_nxp_lpcxpresso_1549.a(board_sysinit.o)
 .text.Chip_Clock_SetUSBPLLSource
                0x0000000000001a14       0x20 /Users/vinhxu/Desktop/Workspace/lpc_board_nxp_lpcxpresso_1549/Debug/liblpc_board_nxp_lpcxpresso_1549.a(board_sysinit.o)
 .text.Chip_Clock_SetupUSBPLL
                0x0000000000001a34       0x34 /Users/vinhxu/Desktop/Workspace/lpc_board_nxp_lpcxpresso_1549/Debug/liblpc_board_nxp_lpcxpresso_1549.a(board_sysinit.o)
 .text.Chip_Clock_IsUSBPLLLocked
                0x0000000000001a68       0x28 /Users/vinhxu/Desktop/Workspace/lpc_board_nxp_lpcxpresso_1549/Debug/liblpc_board_nxp_lpcxpresso_1549.a(board_sysinit.o)
 .text.Chip_Clock_SetSysTickClockDiv
                0x0000000000001a90       0x20 /Users/vinhxu/Desktop/Workspace/lpc_board_nxp_lpcxpresso_1549/Debug/liblpc_board_nxp_lpcxpresso_1549.a(board_sysinit.o)
 .text.Chip_SWM_MovablePortPinAssign
                0x0000000000001ab0       0x30 /Users/vinhxu/Desktop/Workspace/lpc_board_nxp_lpcxpresso_1549/Debug/liblpc_board_nxp_lpcxpresso_1549.a(board_sysinit.o)
 .text.Board_SetupMuxing
                0x0000000000001ae0       0x84 /Users/vinhxu/Desktop/Workspace/lpc_board_nxp_lpcxpresso_1549/Debug/liblpc_board_nxp_lpcxpresso_1549.a(board_sysinit.o)
                0x0000000000001ae0                Board_SetupMuxing
 .text.Board_SetupClocking
                0x0000000000001b64       0x38 /Users/vinhxu/Desktop/Workspace/lpc_board_nxp_lpcxpresso_1549/Debug/liblpc_board_nxp_lpcxpresso_1549.a(board_sysinit.o)
                0x0000000000001b64                Board_SetupClocking
 .text.Board_SystemInit
                0x0000000000001b9c       0x1c /Users/vinhxu/Desktop/Workspace/lpc_board_nxp_lpcxpresso_1549/Debug/liblpc_board_nxp_lpcxpresso_1549.a(board_sysinit.o)
                0x0000000000001b9c                Board_SystemInit
 .text.SystemCoreClockUpdate
                0x0000000000001bb8       0x14 /Users/vinhxu/Desktop/Workspace/lpc_chip_15xx/Debug/liblpc_chip_15xx.a(chip_15xx.o)
                0x0000000000001bb8                SystemCoreClockUpdate
 .text.Chip_Clock_SetMain_A_ClockSource
                0x0000000000001bcc       0x20 /Users/vinhxu/Desktop/Workspace/lpc_chip_15xx/Debug/liblpc_chip_15xx.a(clock_15xx.o)
 .text.Chip_Clock_GetMain_A_ClockSource
                0x0000000000001bec       0x1c /Users/vinhxu/Desktop/Workspace/lpc_chip_15xx/Debug/liblpc_chip_15xx.a(clock_15xx.o)
 .text.Chip_Clock_SetMain_B_ClockSource
                0x0000000000001c08       0x20 /Users/vinhxu/Desktop/Workspace/lpc_chip_15xx/Debug/liblpc_chip_15xx.a(clock_15xx.o)
 .text.Chip_Clock_GetMain_B_ClockSource
                0x0000000000001c28       0x1c /Users/vinhxu/Desktop/Workspace/lpc_chip_15xx/Debug/liblpc_chip_15xx.a(clock_15xx.o)
 .text.Chip_Clock_SetUARTFRGDivider
                0x0000000000001c44       0x20 /Users/vinhxu/Desktop/Workspace/lpc_chip_15xx/Debug/liblpc_chip_15xx.a(clock_15xx.o)
 .text.Chip_Clock_GetUARTFRGDivider
                0x0000000000001c64       0x18 /Users/vinhxu/Desktop/Workspace/lpc_chip_15xx/Debug/liblpc_chip_15xx.a(clock_15xx.o)
 .text.Chip_Clock_GetMainOscRate
                0x0000000000001c7c       0x18 /Users/vinhxu/Desktop/Workspace/lpc_chip_15xx/Debug/liblpc_chip_15xx.a(clock_15xx.o)
 .text.Chip_Clock_GetIntOscRate
                0x0000000000001c94       0x14 /Users/vinhxu/Desktop/Workspace/lpc_chip_15xx/Debug/liblpc_chip_15xx.a(clock_15xx.o)
 .text.Chip_Clock_GetRTCOscRate
                0x0000000000001ca8       0x18 /Users/vinhxu/Desktop/Workspace/lpc_chip_15xx/Debug/liblpc_chip_15xx.a(clock_15xx.o)
 .text.Chip_Clock_GetWDTOSCRate
                0x0000000000001cc0       0x14 /Users/vinhxu/Desktop/Workspace/lpc_chip_15xx/Debug/liblpc_chip_15xx.a(clock_15xx.o)
 .text.Chip_Clock_GetPLLFreq
                0x0000000000001cd4       0x28 /Users/vinhxu/Desktop/Workspace/lpc_chip_15xx/Debug/liblpc_chip_15xx.a(clock_15xx.o)
 .text.Chip_Clock_GetPLLInClockRate
                0x0000000000001cfc       0x38 /Users/vinhxu/Desktop/Workspace/lpc_chip_15xx/Debug/liblpc_chip_15xx.a(clock_15xx.o)
 .text.Chip_Clock_GetSystemPLLInClockRate
                0x0000000000001d34       0x1c /Users/vinhxu/Desktop/Workspace/lpc_chip_15xx/Debug/liblpc_chip_15xx.a(clock_15xx.o)
                0x0000000000001d34                Chip_Clock_GetSystemPLLInClockRate
 .text.Chip_Clock_GetSystemPLLOutClockRate
                0x0000000000001d50       0x24 /Users/vinhxu/Desktop/Workspace/lpc_chip_15xx/Debug/liblpc_chip_15xx.a(clock_15xx.o)
                0x0000000000001d50                Chip_Clock_GetSystemPLLOutClockRate
 .text.Chip_Clock_GetMain_A_ClockRate
                0x0000000000001d74       0x44 /Users/vinhxu/Desktop/Workspace/lpc_chip_15xx/Debug/liblpc_chip_15xx.a(clock_15xx.o)
                0x0000000000001d74                Chip_Clock_GetMain_A_ClockRate
 .text.Chip_Clock_GetMain_B_ClockRate
                0x0000000000001db8       0x58 /Users/vinhxu/Desktop/Workspace/lpc_chip_15xx/Debug/liblpc_chip_15xx.a(clock_15xx.o)
                0x0000000000001db8                Chip_Clock_GetMain_B_ClockRate
 .text.Chip_Clock_SetMainClockSource
                0x0000000000001e10       0x3c /Users/vinhxu/Desktop/Workspace/lpc_chip_15xx/Debug/liblpc_chip_15xx.a(clock_15xx.o)
                0x0000000000001e10                Chip_Clock_SetMainClockSource
 .text.Chip_Clock_GetMainClockRate
                0x0000000000001e4c       0x28 /Users/vinhxu/Desktop/Workspace/lpc_chip_15xx/Debug/liblpc_chip_15xx.a(clock_15xx.o)
                0x0000000000001e4c                Chip_Clock_GetMainClockRate
 .text.Chip_Clock_EnablePeriphClock
                0x0000000000001e74       0x54 /Users/vinhxu/Desktop/Workspace/lpc_chip_15xx/Debug/liblpc_chip_15xx.a(clock_15xx.o)
                0x0000000000001e74                Chip_Clock_EnablePeriphClock
 .text.Chip_Clock_DisablePeriphClock
                0x0000000000001ec8       0x58 /Users/vinhxu/Desktop/Workspace/lpc_chip_15xx/Debug/liblpc_chip_15xx.a(clock_15xx.o)
                0x0000000000001ec8                Chip_Clock_DisablePeriphClock
 .text.Chip_Clock_GetUARTBaseClockRate
                0x0000000000001f20       0x88 /Users/vinhxu/Desktop/Workspace/lpc_chip_15xx/Debug/liblpc_chip_15xx.a(clock_15xx.o)
                0x0000000000001f20                Chip_Clock_GetUARTBaseClockRate
 .text.Chip_Clock_SetUARTBaseClockRate
                0x0000000000001fa8       0xa0 /Users/vinhxu/Desktop/Workspace/lpc_chip_15xx/Debug/liblpc_chip_15xx.a(clock_15xx.o)
                0x0000000000001fa8                Chip_Clock_SetUARTBaseClockRate
 .text.Chip_Clock_GetSystemClockRate
                0x0000000000002048       0x1c /Users/vinhxu/Desktop/Workspace/lpc_chip_15xx/Debug/liblpc_chip_15xx.a(clock_15xx.o)
                0x0000000000002048                Chip_Clock_GetSystemClockRate
 .text.Chip_SYSCTL_PeriphReset
                0x0000000000002064       0x20 /Users/vinhxu/Desktop/Workspace/lpc_chip_15xx/Debug/liblpc_chip_15xx.a(gpio_15xx.o)
 .text.Chip_GPIO_Init
                0x0000000000002084       0x2c /Users/vinhxu/Desktop/Workspace/lpc_chip_15xx/Debug/liblpc_chip_15xx.a(gpio_15xx.o)
                0x0000000000002084                Chip_GPIO_Init
 .text.Chip_IOCON_PinMuxSet
                0x00000000000020b0       0x2c /Users/vinhxu/Desktop/Workspace/lpc_chip_15xx/Debug/liblpc_chip_15xx.a(iocon_15xx.o)
 .text.Chip_IOCON_SetPinMuxing
                0x00000000000020dc       0x4c /Users/vinhxu/Desktop/Workspace/lpc_chip_15xx/Debug/liblpc_chip_15xx.a(iocon_15xx.o)
                0x00000000000020dc                Chip_IOCON_SetPinMuxing
 .text.RingBuffer_GetCount
                0x0000000000002128       0x24 /Users/vinhxu/Desktop/Workspace/lpc_chip_15xx/Debug/liblpc_chip_15xx.a(ring_buffer.o)
 .text.RingBuffer_GetFree
                0x000000000000214c       0x20 /Users/vinhxu/Desktop/Workspace/lpc_chip_15xx/Debug/liblpc_chip_15xx.a(ring_buffer.o)
 .text.RingBuffer_IsFull
                0x000000000000216c       0x28 /Users/vinhxu/Desktop/Workspace/lpc_chip_15xx/Debug/liblpc_chip_15xx.a(ring_buffer.o)
 .text.RingBuffer_IsEmpty
                0x0000000000002194       0x2c /Users/vinhxu/Desktop/Workspace/lpc_chip_15xx/Debug/liblpc_chip_15xx.a(ring_buffer.o)
 .text.RingBuffer_Init
                0x00000000000021c0       0x3c /Users/vinhxu/Desktop/Workspace/lpc_chip_15xx/Debug/liblpc_chip_15xx.a(ring_buffer.o)
                0x00000000000021c0                RingBuffer_Init
 .text.RingBuffer_Insert
                0x00000000000021fc       0x5c /Users/vinhxu/Desktop/Workspace/lpc_chip_15xx/Debug/liblpc_chip_15xx.a(ring_buffer.o)
                0x00000000000021fc                RingBuffer_Insert
 .text.RingBuffer_InsertMult
                0x0000000000002258      0x124 /Users/vinhxu/Desktop/Workspace/lpc_chip_15xx/Debug/liblpc_chip_15xx.a(ring_buffer.o)
                0x0000000000002258                RingBuffer_InsertMult
 .text.RingBuffer_Pop
                0x000000000000237c       0x5c /Users/vinhxu/Desktop/Workspace/lpc_chip_15xx/Debug/liblpc_chip_15xx.a(ring_buffer.o)
                0x000000000000237c                RingBuffer_Pop
 .text.RingBuffer_PopMult
                0x00000000000023d8      0x124 /Users/vinhxu/Desktop/Workspace/lpc_chip_15xx/Debug/liblpc_chip_15xx.a(ring_buffer.o)
                0x00000000000023d8                RingBuffer_PopMult
 .text.Chip_SWM_MovablePinAssign
                0x00000000000024fc       0x5c /Users/vinhxu/Desktop/Workspace/lpc_chip_15xx/Debug/liblpc_chip_15xx.a(swm_15xx.o)
                0x00000000000024fc                Chip_SWM_MovablePinAssign
 .text.Chip_SYSCTL_AssertPeriphReset
                0x0000000000002558       0x48 /Users/vinhxu/Desktop/Workspace/lpc_chip_15xx/Debug/liblpc_chip_15xx.a(sysctl_15xx.o)
                0x0000000000002558                Chip_SYSCTL_AssertPeriphReset
 .text.Chip_SYSCTL_DeassertPeriphReset
                0x00000000000025a0       0x4c /Users/vinhxu/Desktop/Workspace/lpc_chip_15xx/Debug/liblpc_chip_15xx.a(sysctl_15xx.o)
                0x00000000000025a0                Chip_SYSCTL_DeassertPeriphReset
 .text.Chip_SYSCTL_PowerDown
                0x00000000000025ec       0x40 /Users/vinhxu/Desktop/Workspace/lpc_chip_15xx/Debug/liblpc_chip_15xx.a(sysctl_15xx.o)
                0x00000000000025ec                Chip_SYSCTL_PowerDown
 .text.Chip_SYSCTL_PowerUp
                0x000000000000262c       0x40 /Users/vinhxu/Desktop/Workspace/lpc_chip_15xx/Debug/liblpc_chip_15xx.a(sysctl_15xx.o)
                0x000000000000262c                Chip_SYSCTL_PowerUp
 .text.Chip_FMC_SetFLASHAccess
                0x000000000000266c       0x38 /Users/vinhxu/Desktop/Workspace/lpc_chip_15xx/Debug/liblpc_chip_15xx.a(sysinit_15xx.o)
 .text.Chip_Clock_SetSystemPLLSource
                0x00000000000026a4       0x20 /Users/vinhxu/Desktop/Workspace/lpc_chip_15xx/Debug/liblpc_chip_15xx.a(sysinit_15xx.o)
 .text.Chip_Clock_SetupSystemPLL
                0x00000000000026c4       0x34 /Users/vinhxu/Desktop/Workspace/lpc_chip_15xx/Debug/liblpc_chip_15xx.a(sysinit_15xx.o)
 .text.Chip_Clock_IsSystemPLLLocked
                0x00000000000026f8       0x28 /Users/vinhxu/Desktop/Workspace/lpc_chip_15xx/Debug/liblpc_chip_15xx.a(sysinit_15xx.o)
 .text.Chip_Clock_SetSysClockDiv
                0x0000000000002720       0x20 /Users/vinhxu/Desktop/Workspace/lpc_chip_15xx/Debug/liblpc_chip_15xx.a(sysinit_15xx.o)
 .text.Chip_SetupXtalClocking
                0x0000000000002740       0x6c /Users/vinhxu/Desktop/Workspace/lpc_chip_15xx/Debug/liblpc_chip_15xx.a(sysinit_15xx.o)
                0x0000000000002740                Chip_SetupXtalClocking
 .text.Chip_SYSCTL_PeriphReset
                0x00000000000027ac       0x20 /Users/vinhxu/Desktop/Workspace/lpc_chip_15xx/Debug/liblpc_chip_15xx.a(uart_15xx.o)
 .text.RingBuffer_IsEmpty
                0x00000000000027cc       0x2c /Users/vinhxu/Desktop/Workspace/lpc_chip_15xx/Debug/liblpc_chip_15xx.a(uart_15xx.o)
 .text.Chip_UART_SendByte
                0x00000000000027f8       0x1c /Users/vinhxu/Desktop/Workspace/lpc_chip_15xx/Debug/liblpc_chip_15xx.a(uart_15xx.o)
 .text.Chip_UART_ReadByte
                0x0000000000002814       0x1c /Users/vinhxu/Desktop/Workspace/lpc_chip_15xx/Debug/liblpc_chip_15xx.a(uart_15xx.o)
 .text.Chip_UART_IntEnable
                0x0000000000002830       0x1c /Users/vinhxu/Desktop/Workspace/lpc_chip_15xx/Debug/liblpc_chip_15xx.a(uart_15xx.o)
 .text.Chip_UART_IntDisable
                0x000000000000284c       0x1c /Users/vinhxu/Desktop/Workspace/lpc_chip_15xx/Debug/liblpc_chip_15xx.a(uart_15xx.o)
 .text.Chip_UART_GetStatus
                0x0000000000002868       0x18 /Users/vinhxu/Desktop/Workspace/lpc_chip_15xx/Debug/liblpc_chip_15xx.a(uart_15xx.o)
 .text.getUARTClockID
                0x0000000000002880       0x38 /Users/vinhxu/Desktop/Workspace/lpc_chip_15xx/Debug/liblpc_chip_15xx.a(uart_15xx.o)
 .text.Chip_UART_Init
                0x00000000000028b8       0x4c /Users/vinhxu/Desktop/Workspace/lpc_chip_15xx/Debug/liblpc_chip_15xx.a(uart_15xx.o)
                0x00000000000028b8                Chip_UART_Init
 .text.Chip_UART_DeInit
                0x0000000000002904       0x1c /Users/vinhxu/Desktop/Workspace/lpc_chip_15xx/Debug/liblpc_chip_15xx.a(uart_15xx.o)
                0x0000000000002904                Chip_UART_DeInit
 .text.Chip_UART_SetBaud
                0x0000000000002920       0x28 /Users/vinhxu/Desktop/Workspace/lpc_chip_15xx/Debug/liblpc_chip_15xx.a(uart_15xx.o)
                0x0000000000002920                Chip_UART_SetBaud
 .text.Chip_UART_RXIntHandlerRB
                0x0000000000002948       0x3c /Users/vinhxu/Desktop/Workspace/lpc_chip_15xx/Debug/liblpc_chip_15xx.a(uart_15xx.o)
                0x0000000000002948                Chip_UART_RXIntHandlerRB
 .text.Chip_UART_TXIntHandlerRB
                0x0000000000002984       0x40 /Users/vinhxu/Desktop/Workspace/lpc_chip_15xx/Debug/liblpc_chip_15xx.a(uart_15xx.o)
                0x0000000000002984                Chip_UART_TXIntHandlerRB
 .text.Chip_UART_SendRB
                0x00000000000029c4       0x60 /Users/vinhxu/Desktop/Workspace/lpc_chip_15xx/Debug/liblpc_chip_15xx.a(uart_15xx.o)
                0x00000000000029c4                Chip_UART_SendRB
 .text.Chip_UART_ReadRB
                0x0000000000002a24       0x24 /Users/vinhxu/Desktop/Workspace/lpc_chip_15xx/Debug/liblpc_chip_15xx.a(uart_15xx.o)
                0x0000000000002a24                Chip_UART_ReadRB
 .text.Chip_UART_IRQRBHandler
                0x0000000000002a48       0x48 /Users/vinhxu/Desktop/Workspace/lpc_chip_15xx/Debug/liblpc_chip_15xx.a(uart_15xx.o)
                0x0000000000002a48                Chip_UART_IRQRBHandler
 .text          0x0000000000002a90       0x30 /Applications/lpcxpresso_8.0.0_526/lpcxpresso/tools/bin/../lib/gcc/arm-none-eabi/4.9.3/armv7-m/libgcc.a(_aeabi_uldivmod.o)
                0x0000000000002a90                __aeabi_uldivmod
 .text          0x0000000000002ac0       0x60 /Applications/lpcxpresso_8.0.0_526/lpcxpresso/tools/bin/../lib/gcc/arm-none-eabi/4.9.3/armv7-m/libgcc.a(bpabi.o)
                0x0000000000002ac0                __gnu_ldivmod_helper
                0x0000000000002af0                __gnu_uldivmod_helper
 .text          0x0000000000002b20        0x4 /Applications/lpcxpresso_8.0.0_526/lpcxpresso/tools/bin/../lib/gcc/arm-none-eabi/4.9.3/armv7-m/libgcc.a(_dvmd_tls.o)
                0x0000000000002b20                __aeabi_ldiv0
                0x0000000000002b20                __aeabi_idiv0
 .text          0x0000000000002b24      0x2ac /Applications/lpcxpresso_8.0.0_526/lpcxpresso/tools/bin/../lib/gcc/arm-none-eabi/4.9.3/armv7-m/libgcc.a(_divdi3.o)
                0x0000000000002b24                __divdi3
 .text          0x0000000000002dd0      0x270 /Applications/lpcxpresso_8.0.0_526/lpcxpresso/tools/bin/../lib/gcc/arm-none-eabi/4.9.3/armv7-m/libgcc.a(_udivdi3.o)
                0x0000000000002dd0                __udivdi3
 .text.__libc_init_array
                0x0000000000003040       0x50 /Applications/lpcxpresso_8.0.0_526/lpcxpresso/tools/bin/../lib/gcc/arm-none-eabi/4.9.3/../../../../arm-none-eabi/lib/armv7-m/libc.a(lib_a-init.o)
                0x0000000000003040                __libc_init_array
 .text.malloc   0x0000000000003090       0x10 /Applications/lpcxpresso_8.0.0_526/lpcxpresso/tools/bin/../lib/gcc/arm-none-eabi/4.9.3/../../../../arm-none-eabi/lib/armv7-m/libc.a(lib_a-malloc.o)
                0x0000000000003090                malloc
 .text.free     0x00000000000030a0       0x10 /Applications/lpcxpresso_8.0.0_526/lpcxpresso/tools/bin/../lib/gcc/arm-none-eabi/4.9.3/../../../../arm-none-eabi/lib/armv7-m/libc.a(lib_a-malloc.o)
                0x00000000000030a0                free
 .text._malloc_r
                0x00000000000030b0      0x50c /Applications/lpcxpresso_8.0.0_526/lpcxpresso/tools/bin/../lib/gcc/arm-none-eabi/4.9.3/../../../../arm-none-eabi/lib/armv7-m/libc.a(lib_a-mallocr.o)
                0x00000000000030b0                _malloc_r
 .text          0x00000000000035bc       0xec /Applications/lpcxpresso_8.0.0_526/lpcxpresso/tools/bin/../lib/gcc/arm-none-eabi/4.9.3/../../../../arm-none-eabi/lib/armv7-m/libc.a(lib_a-memcpy.o)
                0x00000000000035bc                memcpy
 .text.__malloc_lock
                0x00000000000036a8        0x4 /Applications/lpcxpresso_8.0.0_526/lpcxpresso/tools/bin/../lib/gcc/arm-none-eabi/4.9.3/../../../../arm-none-eabi/lib/armv7-m/libc.a(lib_a-mlock.o)
                0x00000000000036a8                __malloc_lock
 .text.__malloc_unlock
                0x00000000000036ac        0x4 /Applications/lpcxpresso_8.0.0_526/lpcxpresso/tools/bin/../lib/gcc/arm-none-eabi/4.9.3/../../../../arm-none-eabi/lib/armv7-m/libc.a(lib_a-mlock.o)
                0x00000000000036ac                __malloc_unlock
 .text.printf   0x00000000000036b0       0x28 /Applications/lpcxpresso_8.0.0_526/lpcxpresso/tools/bin/../lib/gcc/arm-none-eabi/4.9.3/../../../../arm-none-eabi/lib/armv7-m/libc.a(lib_a-printf.o)
                0x00000000000036b0                printf
 .text._sbrk_r  0x00000000000036d8       0x24 /Applications/lpcxpresso_8.0.0_526/lpcxpresso/tools/bin/../lib/gcc/arm-none-eabi/4.9.3/../../../../arm-none-eabi/lib/armv7-m/libc.a(lib_a-sbrkr.o)
                0x00000000000036d8                _sbrk_r
 .text._vfprintf_r
                0x00000000000036fc     0x1448 /Applications/lpcxpresso_8.0.0_526/lpcxpresso/tools/bin/../lib/gcc/arm-none-eabi/4.9.3/../../../../arm-none-eabi/lib/armv7-m/libc.a(lib_a-vfprintf.o)
                0x00000000000036fc                _vfprintf_r
 .text.__sbprintf
                0x0000000000004b44       0x7c /Applications/lpcxpresso_8.0.0_526/lpcxpresso/tools/bin/../lib/gcc/arm-none-eabi/4.9.3/../../../../arm-none-eabi/lib/armv7-m/libc.a(lib_a-vfprintf.o)
 .text.__swsetup_r
                0x0000000000004bc0       0xc4 /Applications/lpcxpresso_8.0.0_526/lpcxpresso/tools/bin/../lib/gcc/arm-none-eabi/4.9.3/../../../../arm-none-eabi/lib/armv7-m/libc.a(lib_a-wsetup.o)
                0x0000000000004bc0                __swsetup_r
 .text.quorem   0x0000000000004c84      0x130 /Applications/lpcxpresso_8.0.0_526/lpcxpresso/tools/bin/../lib/gcc/arm-none-eabi/4.9.3/../../../../arm-none-eabi/lib/armv7-m/libc.a(lib_a-dtoa.o)
 *fill*         0x0000000000004db4        0x4 
 .text._dtoa_r  0x0000000000004db8      0xea4 /Applications/lpcxpresso_8.0.0_526/lpcxpresso/tools/bin/../lib/gcc/arm-none-eabi/4.9.3/../../../../arm-none-eabi/lib/armv7-m/libc.a(lib_a-dtoa.o)
                0x0000000000004db8                _dtoa_r
 .text.__sflush_r
                0x0000000000005c5c      0x148 /Applications/lpcxpresso_8.0.0_526/lpcxpresso/tools/bin/../lib/gcc/arm-none-eabi/4.9.3/../../../../arm-none-eabi/lib/armv7-m/libc.a(lib_a-fflush.o)
                0x0000000000005c5c                __sflush_r
 .text._fflush_r
                0x0000000000005da4       0x2c /Applications/lpcxpresso_8.0.0_526/lpcxpresso/tools/bin/../lib/gcc/arm-none-eabi/4.9.3/../../../../arm-none-eabi/lib/armv7-m/libc.a(lib_a-fflush.o)
                0x0000000000005da4                _fflush_r
 .text._cleanup_r
                0x0000000000005dd0        0xc /Applications/lpcxpresso_8.0.0_526/lpcxpresso/tools/bin/../lib/gcc/arm-none-eabi/4.9.3/../../../../arm-none-eabi/lib/armv7-m/libc.a(lib_a-findfp.o)
                0x0000000000005dd0                _cleanup_r
 .text.__sinit.part.1
                0x0000000000005ddc       0xf0 /Applications/lpcxpresso_8.0.0_526/lpcxpresso/tools/bin/../lib/gcc/arm-none-eabi/4.9.3/../../../../arm-none-eabi/lib/armv7-m/libc.a(lib_a-findfp.o)
 .text.__sinit  0x0000000000005ecc        0xc /Applications/lpcxpresso_8.0.0_526/lpcxpresso/tools/bin/../lib/gcc/arm-none-eabi/4.9.3/../../../../arm-none-eabi/lib/armv7-m/libc.a(lib_a-findfp.o)
                0x0000000000005ecc                __sinit
 .text.__sfp_lock_acquire
                0x0000000000005ed8        0x4 /Applications/lpcxpresso_8.0.0_526/lpcxpresso/tools/bin/../lib/gcc/arm-none-eabi/4.9.3/../../../../arm-none-eabi/lib/armv7-m/libc.a(lib_a-findfp.o)
                0x0000000000005ed8                __sfp_lock_acquire
 .text.__sfp_lock_release
                0x0000000000005edc        0x4 /Applications/lpcxpresso_8.0.0_526/lpcxpresso/tools/bin/../lib/gcc/arm-none-eabi/4.9.3/../../../../arm-none-eabi/lib/armv7-m/libc.a(lib_a-findfp.o)
                0x0000000000005edc                __sfp_lock_release
 .text._malloc_trim_r
                0x0000000000005ee0       0x9c /Applications/lpcxpresso_8.0.0_526/lpcxpresso/tools/bin/../lib/gcc/arm-none-eabi/4.9.3/../../../../arm-none-eabi/lib/armv7-m/libc.a(lib_a-freer.o)
                0x0000000000005ee0                _malloc_trim_r
 .text._free_r  0x0000000000005f7c      0x1b0 /Applications/lpcxpresso_8.0.0_526/lpcxpresso/tools/bin/../lib/gcc/arm-none-eabi/4.9.3/../../../../arm-none-eabi/lib/armv7-m/libc.a(lib_a-freer.o)
                0x0000000000005f7c                _free_r
 .text._fwalk_reent
                0x000000000000612c       0x50 /Applications/lpcxpresso_8.0.0_526/lpcxpresso/tools/bin/../lib/gcc/arm-none-eabi/4.9.3/../../../../arm-none-eabi/lib/armv7-m/libc.a(lib_a-fwalk.o)
                0x000000000000612c                _fwalk_reent
 .text.__locale_charset
                0x000000000000617c        0x8 /Applications/lpcxpresso_8.0.0_526/lpcxpresso/tools/bin/../lib/gcc/arm-none-eabi/4.9.3/../../../../arm-none-eabi/lib/armv7-m/libc.a(lib_a-locale.o)
                0x000000000000617c                __locale_charset
 .text.__locale_mb_cur_max
                0x0000000000006184        0xc /Applications/lpcxpresso_8.0.0_526/lpcxpresso/tools/bin/../lib/gcc/arm-none-eabi/4.9.3/../../../../arm-none-eabi/lib/armv7-m/libc.a(lib_a-locale.o)
                0x0000000000006184                __locale_mb_cur_max
 .text._localeconv_r
                0x0000000000006190        0x8 /Applications/lpcxpresso_8.0.0_526/lpcxpresso/tools/bin/../lib/gcc/arm-none-eabi/4.9.3/../../../../arm-none-eabi/lib/armv7-m/libc.a(lib_a-locale.o)
                0x0000000000006190                _localeconv_r
 .text.__smakebuf_r
                0x0000000000006198       0xe0 /Applications/lpcxpresso_8.0.0_526/lpcxpresso/tools/bin/../lib/gcc/arm-none-eabi/4.9.3/../../../../arm-none-eabi/lib/armv7-m/libc.a(lib_a-makebuf.o)
                0x0000000000006198                __smakebuf_r
 .text.memchr   0x0000000000006278       0x94 /Applications/lpcxpresso_8.0.0_526/lpcxpresso/tools/bin/../lib/gcc/arm-none-eabi/4.9.3/../../../../arm-none-eabi/lib/armv7-m/libc.a(lib_a-memchr.o)
                0x0000000000006278                memchr
 .text.memset   0x000000000000630c       0x9c /Applications/lpcxpresso_8.0.0_526/lpcxpresso/tools/bin/../lib/gcc/arm-none-eabi/4.9.3/../../../../arm-none-eabi/lib/armv7-m/libc.a(lib_a-memset.o)
                0x000000000000630c                memset
 .text._Balloc  0x00000000000063a8       0x50 /Applications/lpcxpresso_8.0.0_526/lpcxpresso/tools/bin/../lib/gcc/arm-none-eabi/4.9.3/../../../../arm-none-eabi/lib/armv7-m/libc.a(lib_a-mprec.o)
                0x00000000000063a8                _Balloc
 .text._Bfree   0x00000000000063f8       0x14 /Applications/lpcxpresso_8.0.0_526/lpcxpresso/tools/bin/../lib/gcc/arm-none-eabi/4.9.3/../../../../arm-none-eabi/lib/armv7-m/libc.a(lib_a-mprec.o)
                0x00000000000063f8                _Bfree
 .text.__multadd
                0x000000000000640c       0x84 /Applications/lpcxpresso_8.0.0_526/lpcxpresso/tools/bin/../lib/gcc/arm-none-eabi/4.9.3/../../../../arm-none-eabi/lib/armv7-m/libc.a(lib_a-mprec.o)
                0x000000000000640c                __multadd
 .text.__hi0bits
                0x0000000000006490       0x40 /Applications/lpcxpresso_8.0.0_526/lpcxpresso/tools/bin/../lib/gcc/arm-none-eabi/4.9.3/../../../../arm-none-eabi/lib/armv7-m/libc.a(lib_a-mprec.o)
                0x0000000000006490                __hi0bits
 .text.__lo0bits
                0x00000000000064d0       0x5c /Applications/lpcxpresso_8.0.0_526/lpcxpresso/tools/bin/../lib/gcc/arm-none-eabi/4.9.3/../../../../arm-none-eabi/lib/armv7-m/libc.a(lib_a-mprec.o)
                0x00000000000064d0                __lo0bits
 .text.__i2b    0x000000000000652c       0x14 /Applications/lpcxpresso_8.0.0_526/lpcxpresso/tools/bin/../lib/gcc/arm-none-eabi/4.9.3/../../../../arm-none-eabi/lib/armv7-m/libc.a(lib_a-mprec.o)
                0x000000000000652c                __i2b
 .text.__multiply
                0x0000000000006540      0x140 /Applications/lpcxpresso_8.0.0_526/lpcxpresso/tools/bin/../lib/gcc/arm-none-eabi/4.9.3/../../../../arm-none-eabi/lib/armv7-m/libc.a(lib_a-mprec.o)
                0x0000000000006540                __multiply
 .text.__pow5mult
                0x0000000000006680       0xa0 /Applications/lpcxpresso_8.0.0_526/lpcxpresso/tools/bin/../lib/gcc/arm-none-eabi/4.9.3/../../../../arm-none-eabi/lib/armv7-m/libc.a(lib_a-mprec.o)
                0x0000000000006680                __pow5mult
 .text.__lshift
                0x0000000000006720       0xb0 /Applications/lpcxpresso_8.0.0_526/lpcxpresso/tools/bin/../lib/gcc/arm-none-eabi/4.9.3/../../../../arm-none-eabi/lib/armv7-m/libc.a(lib_a-mprec.o)
                0x0000000000006720                __lshift
 .text.__mcmp   0x00000000000067d0       0x48 /Applications/lpcxpresso_8.0.0_526/lpcxpresso/tools/bin/../lib/gcc/arm-none-eabi/4.9.3/../../../../arm-none-eabi/lib/armv7-m/libc.a(lib_a-mprec.o)
                0x00000000000067d0                __mcmp
 .text.__mdiff  0x0000000000006818       0xe4 /Applications/lpcxpresso_8.0.0_526/lpcxpresso/tools/bin/../lib/gcc/arm-none-eabi/4.9.3/../../../../arm-none-eabi/lib/armv7-m/libc.a(lib_a-mprec.o)
                0x0000000000006818                __mdiff
 .text.__d2b    0x00000000000068fc       0xa8 /Applications/lpcxpresso_8.0.0_526/lpcxpresso/tools/bin/../lib/gcc/arm-none-eabi/4.9.3/../../../../arm-none-eabi/lib/armv7-m/libc.a(lib_a-mprec.o)
                0x00000000000068fc                __d2b
 .text.__fpclassifyd
                0x00000000000069a4       0x58 /Applications/lpcxpresso_8.0.0_526/lpcxpresso/tools/bin/../lib/gcc/arm-none-eabi/4.9.3/../../../../arm-none-eabi/lib/armv7-m/libc.a(lib_a-s_fpclassify.o)
                0x00000000000069a4                __fpclassifyd
 .text.__sread  0x00000000000069fc       0x24 /Applications/lpcxpresso_8.0.0_526/lpcxpresso/tools/bin/../lib/gcc/arm-none-eabi/4.9.3/../../../../arm-none-eabi/lib/armv7-m/libc.a(lib_a-stdio.o)
                0x00000000000069fc                __sread
 .text.__swrite
                0x0000000000006a20       0x38 /Applications/lpcxpresso_8.0.0_526/lpcxpresso/tools/bin/../lib/gcc/arm-none-eabi/4.9.3/../../../../arm-none-eabi/lib/armv7-m/libc.a(lib_a-stdio.o)
                0x0000000000006a20                __swrite
 .text.__sseek  0x0000000000006a58       0x20 /Applications/lpcxpresso_8.0.0_526/lpcxpresso/tools/bin/../lib/gcc/arm-none-eabi/4.9.3/../../../../arm-none-eabi/lib/armv7-m/libc.a(lib_a-stdio.o)
                0x0000000000006a58                __sseek
 .text.__sclose
                0x0000000000006a78        0x8 /Applications/lpcxpresso_8.0.0_526/lpcxpresso/tools/bin/../lib/gcc/arm-none-eabi/4.9.3/../../../../arm-none-eabi/lib/armv7-m/libc.a(lib_a-stdio.o)
                0x0000000000006a78                __sclose
 .text.strlen   0x0000000000006a80       0x5c /Applications/lpcxpresso_8.0.0_526/lpcxpresso/tools/bin/../lib/gcc/arm-none-eabi/4.9.3/../../../../arm-none-eabi/lib/armv7-m/libc.a(lib_a-strlen.o)
                0x0000000000006a80                strlen
 .text.__sprint_r.part.0
                0x0000000000006adc       0x78 /Applications/lpcxpresso_8.0.0_526/lpcxpresso/tools/bin/../lib/gcc/arm-none-eabi/4.9.3/../../../../arm-none-eabi/lib/armv7-m/libc.a(lib_a-vfiprintf.o)
 .text.__sprint_r
                0x0000000000006b54       0x18 /Applications/lpcxpresso_8.0.0_526/lpcxpresso/tools/bin/../lib/gcc/arm-none-eabi/4.9.3/../../../../arm-none-eabi/lib/armv7-m/libc.a(lib_a-vfiprintf.o)
                0x0000000000006b54                __sprint_r
 .text._write_r
                0x0000000000006b6c       0x28 /Applications/lpcxpresso_8.0.0_526/lpcxpresso/tools/bin/../lib/gcc/arm-none-eabi/4.9.3/../../../../arm-none-eabi/lib/armv7-m/libc.a(lib_a-writer.o)
                0x0000000000006b6c                _write_r
 .text._calloc_r
                0x0000000000006b94       0x60 /Applications/lpcxpresso_8.0.0_526/lpcxpresso/tools/bin/../lib/gcc/arm-none-eabi/4.9.3/../../../../arm-none-eabi/lib/armv7-m/libc.a(lib_a-callocr.o)
                0x0000000000006b94                _calloc_r
 .text._close_r
                0x0000000000006bf4       0x24 /Applications/lpcxpresso_8.0.0_526/lpcxpresso/tools/bin/../lib/gcc/arm-none-eabi/4.9.3/../../../../arm-none-eabi/lib/armv7-m/libc.a(lib_a-closer.o)
                0x0000000000006bf4                _close_r
 .text._fclose_r
                0x0000000000006c18       0x84 /Applications/lpcxpresso_8.0.0_526/lpcxpresso/tools/bin/../lib/gcc/arm-none-eabi/4.9.3/../../../../arm-none-eabi/lib/armv7-m/libc.a(lib_a-fclose.o)
                0x0000000000006c18                _fclose_r
 .text.__fputwc
                0x0000000000006c9c       0xb0 /Applications/lpcxpresso_8.0.0_526/lpcxpresso/tools/bin/../lib/gcc/arm-none-eabi/4.9.3/../../../../arm-none-eabi/lib/armv7-m/libc.a(lib_a-fputwc.o)
                0x0000000000006c9c                __fputwc
 .text._fputwc_r
                0x0000000000006d4c       0x24 /Applications/lpcxpresso_8.0.0_526/lpcxpresso/tools/bin/../lib/gcc/arm-none-eabi/4.9.3/../../../../arm-none-eabi/lib/armv7-m/libc.a(lib_a-fputwc.o)
                0x0000000000006d4c                _fputwc_r
 .text._fstat_r
                0x0000000000006d70       0x28 /Applications/lpcxpresso_8.0.0_526/lpcxpresso/tools/bin/../lib/gcc/arm-none-eabi/4.9.3/../../../../arm-none-eabi/lib/armv7-m/libc.a(lib_a-fstatr.o)
                0x0000000000006d70                _fstat_r
 .text.__sfvwrite_r
                0x0000000000006d98      0x320 /Applications/lpcxpresso_8.0.0_526/lpcxpresso/tools/bin/../lib/gcc/arm-none-eabi/4.9.3/../../../../arm-none-eabi/lib/armv7-m/libc.a(lib_a-fvwrite.o)
                0x0000000000006d98                __sfvwrite_r
 .text._isatty_r
                0x00000000000070b8       0x24 /Applications/lpcxpresso_8.0.0_526/lpcxpresso/tools/bin/../lib/gcc/arm-none-eabi/4.9.3/../../../../arm-none-eabi/lib/armv7-m/libc.a(lib_a-isattyr.o)
                0x00000000000070b8                _isatty_r
 .text._lseek_r
                0x00000000000070dc       0x28 /Applications/lpcxpresso_8.0.0_526/lpcxpresso/tools/bin/../lib/gcc/arm-none-eabi/4.9.3/../../../../arm-none-eabi/lib/armv7-m/libc.a(lib_a-lseekr.o)
                0x00000000000070dc                _lseek_r
 .text.memmove  0x0000000000007104       0xc8 /Applications/lpcxpresso_8.0.0_526/lpcxpresso/tools/bin/../lib/gcc/arm-none-eabi/4.9.3/../../../../arm-none-eabi/lib/armv7-m/libc.a(lib_a-memmove.o)
                0x0000000000007104                memmove
 .text._read_r  0x00000000000071cc       0x28 /Applications/lpcxpresso_8.0.0_526/lpcxpresso/tools/bin/../lib/gcc/arm-none-eabi/4.9.3/../../../../arm-none-eabi/lib/armv7-m/libc.a(lib_a-readr.o)
                0x00000000000071cc                _read_r
 .text._realloc_r
                0x00000000000071f4      0x3e0 /Applications/lpcxpresso_8.0.0_526/lpcxpresso/tools/bin/../lib/gcc/arm-none-eabi/4.9.3/../../../../arm-none-eabi/lib/armv7-m/libc.a(lib_a-reallocr.o)
                0x00000000000071f4                _realloc_r
 .text.__swbuf_r
                0x00000000000075d4       0xa8 /Applications/lpcxpresso_8.0.0_526/lpcxpresso/tools/bin/../lib/gcc/arm-none-eabi/4.9.3/../../../../arm-none-eabi/lib/armv7-m/libc.a(lib_a-wbuf.o)
                0x00000000000075d4                __swbuf_r
 .text._wcrtomb_r
                0x000000000000767c       0x54 /Applications/lpcxpresso_8.0.0_526/lpcxpresso/tools/bin/../lib/gcc/arm-none-eabi/4.9.3/../../../../arm-none-eabi/lib/armv7-m/libc.a(lib_a-wcrtomb.o)
                0x000000000000767c                _wcrtomb_r
 .text.__ascii_wctomb
                0x00000000000076d0       0x1c /Applications/lpcxpresso_8.0.0_526/lpcxpresso/tools/bin/../lib/gcc/arm-none-eabi/4.9.3/../../../../arm-none-eabi/lib/armv7-m/libc.a(lib_a-wctomb_r.o)
                0x00000000000076d0                __ascii_wctomb
 .text._sbrk    0x00000000000076ec       0x3c /Applications/lpcxpresso_8.0.0_526/lpcxpresso/tools/bin/../lib/gcc/arm-none-eabi/4.9.3/../../../../arm-none-eabi/lib/armv7-m/libcr_newlib_nohost.a(_cr_sbrk.o)
                0x00000000000076ec                _sbrk
 .text._close   0x0000000000007728       0x10 /Applications/lpcxpresso_8.0.0_526/lpcxpresso/tools/bin/../lib/gcc/arm-none-eabi/4.9.3/../../../../arm-none-eabi/lib/armv7-m/libcr_newlib_nohost.a(close.o)
                0x0000000000007728                _close
 .text._fstat   0x0000000000007738       0x10 /Applications/lpcxpresso_8.0.0_526/lpcxpresso/tools/bin/../lib/gcc/arm-none-eabi/4.9.3/../../../../arm-none-eabi/lib/armv7-m/libcr_newlib_nohost.a(fstat.o)
                0x0000000000007738                _fstat
 .text._isatty  0x0000000000007748       0x10 /Applications/lpcxpresso_8.0.0_526/lpcxpresso/tools/bin/../lib/gcc/arm-none-eabi/4.9.3/../../../../arm-none-eabi/lib/armv7-m/libcr_newlib_nohost.a(isatty.o)
                0x0000000000007748                _isatty
 .text._lseek   0x0000000000007758       0x10 /Applications/lpcxpresso_8.0.0_526/lpcxpresso/tools/bin/../lib/gcc/arm-none-eabi/4.9.3/../../../../arm-none-eabi/lib/armv7-m/libcr_newlib_nohost.a(lseek.o)
                0x0000000000007758                _lseek
 .text.__check_heap_overflow
                0x0000000000007768       0x18 /Applications/lpcxpresso_8.0.0_526/lpcxpresso/tools/bin/../lib/gcc/arm-none-eabi/4.9.3/../../../../arm-none-eabi/lib/armv7-m/libcr_newlib_nohost.a(_cr_check_heap.o)
                0x0000000000007768                __check_heap_overflow
 .text          0x0000000000007780       0x5c /Applications/lpcxpresso_8.0.0_526/lpcxpresso/tools/bin/../lib/gcc/arm-none-eabi/4.9.3/armv7-m/crtbegin.o
 .text          0x00000000000077dc      0x370 /Applications/lpcxpresso_8.0.0_526/lpcxpresso/tools/bin/../lib/gcc/arm-none-eabi/4.9.3/armv7-m/libgcc.a(_arm_addsubdf3.o)
                0x00000000000077dc                __aeabi_drsub
                0x00000000000077e4                __subdf3
                0x00000000000077e4                __aeabi_dsub
                0x00000000000077e8                __aeabi_dadd
                0x00000000000077e8                __adddf3
                0x0000000000007a60                __aeabi_ui2d
                0x0000000000007a60                __floatunsidf
                0x0000000000007a80                __floatsidf
                0x0000000000007a80                __aeabi_i2d
                0x0000000000007aa4                __extendsfdf2
                0x0000000000007aa4                __aeabi_f2d
                0x0000000000007ae0                __aeabi_ul2d
                0x0000000000007ae0                __floatundidf
                0x0000000000007af0                __aeabi_l2d
                0x0000000000007af0                __floatdidf
 .text          0x0000000000007b4c      0x424 /Applications/lpcxpresso_8.0.0_526/lpcxpresso/tools/bin/../lib/gcc/arm-none-eabi/4.9.3/armv7-m/libgcc.a(_arm_muldivdf3.o)
                0x0000000000007b4c                __aeabi_dmul
                0x0000000000007b4c                __muldf3
                0x0000000000007da0                __aeabi_ddiv
                0x0000000000007da0                __divdf3
 .text          0x0000000000007f70      0x110 /Applications/lpcxpresso_8.0.0_526/lpcxpresso/tools/bin/../lib/gcc/arm-none-eabi/4.9.3/armv7-m/libgcc.a(_arm_cmpdf2.o)
                0x0000000000007f70                __gtdf2
                0x0000000000007f70                __gedf2
                0x0000000000007f78                __ltdf2
                0x0000000000007f78                __ledf2
                0x0000000000007f80                __eqdf2
                0x0000000000007f80                __nedf2
                0x0000000000007f80                __cmpdf2
                0x0000000000007ffc                __aeabi_cdrcmple
                0x000000000000800c                __aeabi_cdcmple
                0x000000000000800c                __aeabi_cdcmpeq
                0x000000000000801c                __aeabi_dcmpeq
                0x0000000000008030                __aeabi_dcmplt
                0x0000000000008044                __aeabi_dcmple
                0x0000000000008058                __aeabi_dcmpge
                0x000000000000806c                __aeabi_dcmpgt
 .text          0x0000000000008080       0x50 /Applications/lpcxpresso_8.0.0_526/lpcxpresso/tools/bin/../lib/gcc/arm-none-eabi/4.9.3/armv7-m/libgcc.a(_arm_fixdfsi.o)
                0x0000000000008080                __fixdfsi
                0x0000000000008080                __aeabi_d2iz
 .text.__errno  0x00000000000080d0        0xc /Applications/lpcxpresso_8.0.0_526/lpcxpresso/tools/bin/../lib/gcc/arm-none-eabi/4.9.3/../../../../arm-none-eabi/lib/armv7-m/libc.a(lib_a-errno.o)
                0x00000000000080d0                __errno
 *(.rodata .rodata.* .constdata .constdata.*)
 *fill*         0x00000000000080dc        0x4 
 .rodata._ZTV10SerialPort
                0x00000000000080e0       0x10 ./src/SerialPort.o
                0x00000000000080e0                vtable for SerialPort
 .rodata        0x00000000000080f0       0x51 ./src/uart_test.o
 *fill*         0x0000000000008141        0x3 
 .rodata.OscRateIn
                0x0000000000008144        0x4 /Users/vinhxu/Desktop/Workspace/lpc_board_nxp_lpcxpresso_1549/Debug/liblpc_board_nxp_lpcxpresso_1549.a(board.o)
                0x0000000000008144                OscRateIn
 .rodata.RTCOscRateIn
                0x0000000000008148        0x4 /Users/vinhxu/Desktop/Workspace/lpc_board_nxp_lpcxpresso_1549/Debug/liblpc_board_nxp_lpcxpresso_1549.a(board.o)
                0x0000000000008148                RTCOscRateIn
 .rodata.ledpins
                0x000000000000814c        0x3 /Users/vinhxu/Desktop/Workspace/lpc_board_nxp_lpcxpresso_1549/Debug/liblpc_board_nxp_lpcxpresso_1549.a(board.o)
 *fill*         0x000000000000814f        0x1 
 .rodata.ledports
                0x0000000000008150        0x3 /Users/vinhxu/Desktop/Workspace/lpc_board_nxp_lpcxpresso_1549/Debug/liblpc_board_nxp_lpcxpresso_1549.a(board.o)
 *fill*         0x0000000000008153        0x1 
 .rodata.ioconSetup
                0x0000000000008154       0x74 /Users/vinhxu/Desktop/Workspace/lpc_board_nxp_lpcxpresso_1549/Debug/liblpc_board_nxp_lpcxpresso_1549.a(board_sysinit.o)
 .rodata.swmSetup
                0x00000000000081c8        0x6 /Users/vinhxu/Desktop/Workspace/lpc_board_nxp_lpcxpresso_1549/Debug/liblpc_board_nxp_lpcxpresso_1549.a(board_sysinit.o)
 *fill*         0x00000000000081ce        0x2 
 .rodata.zeroes.6926
                0x00000000000081d0       0x10 /Applications/lpcxpresso_8.0.0_526/lpcxpresso/tools/bin/../lib/gcc/arm-none-eabi/4.9.3/../../../../arm-none-eabi/lib/armv7-m/libc.a(lib_a-vfprintf.o)
 .rodata.str1.4
                0x00000000000081e0       0x42 /Applications/lpcxpresso_8.0.0_526/lpcxpresso/tools/bin/../lib/gcc/arm-none-eabi/4.9.3/../../../../arm-none-eabi/lib/armv7-m/libc.a(lib_a-vfprintf.o)
 *fill*         0x0000000000008222        0x2 
 .rodata.blanks.6925
                0x0000000000008224       0x10 /Applications/lpcxpresso_8.0.0_526/lpcxpresso/tools/bin/../lib/gcc/arm-none-eabi/4.9.3/../../../../arm-none-eabi/lib/armv7-m/libc.a(lib_a-vfprintf.o)
 .rodata.str1.4
                0x0000000000008234       0x10 /Applications/lpcxpresso_8.0.0_526/lpcxpresso/tools/bin/../lib/gcc/arm-none-eabi/4.9.3/../../../../arm-none-eabi/lib/armv7-m/libc.a(lib_a-dtoa.o)
                                         0x12 (size before relaxing)
 .rodata.str1.4
                0x0000000000008244        0x2 /Applications/lpcxpresso_8.0.0_526/lpcxpresso/tools/bin/../lib/gcc/arm-none-eabi/4.9.3/../../../../arm-none-eabi/lib/armv7-m/libc.a(lib_a-impure.o)
 *fill*         0x0000000000008246        0x2 
 .rodata.str1.4
                0x0000000000008248        0xc /Applications/lpcxpresso_8.0.0_526/lpcxpresso/tools/bin/../lib/gcc/arm-none-eabi/4.9.3/../../../../arm-none-eabi/lib/armv7-m/libc.a(lib_a-locale.o)
                                         0x12 (size before relaxing)
 *fill*         0x0000000000008254        0x4 
 .rodata.__mprec_tens
                0x0000000000008258       0xc8 /Applications/lpcxpresso_8.0.0_526/lpcxpresso/tools/bin/../lib/gcc/arm-none-eabi/4.9.3/../../../../arm-none-eabi/lib/armv7-m/libc.a(lib_a-mprec.o)
                0x0000000000008258                __mprec_tens
 .rodata.p05.5302
                0x0000000000008320        0xc /Applications/lpcxpresso_8.0.0_526/lpcxpresso/tools/bin/../lib/gcc/arm-none-eabi/4.9.3/../../../../arm-none-eabi/lib/armv7-m/libc.a(lib_a-mprec.o)
 *fill*         0x000000000000832c        0x4 
 .rodata.__mprec_bigtens
                0x0000000000008330       0x28 /Applications/lpcxpresso_8.0.0_526/lpcxpresso/tools/bin/../lib/gcc/arm-none-eabi/4.9.3/../../../../arm-none-eabi/lib/armv7-m/libc.a(lib_a-mprec.o)
                0x0000000000008330                __mprec_bigtens
                0x0000000000008358                . = ALIGN (0x4)
                0x0000000000008358                . = ALIGN (0x4)
 *(.init)
 .init          0x0000000000008358        0x4 /Applications/lpcxpresso_8.0.0_526/lpcxpresso/tools/bin/../lib/gcc/arm-none-eabi/4.9.3/armv7-m/crti.o
                0x0000000000008358                _init
 .init          0x000000000000835c        0x8 /Applications/lpcxpresso_8.0.0_526/lpcxpresso/tools/bin/../lib/gcc/arm-none-eabi/4.9.3/armv7-m/crtn.o
                0x0000000000008364                . = ALIGN (0x4)
                0x0000000000008364                __preinit_array_start = .
 *(.preinit_array)
                0x0000000000008364                __preinit_array_end = .
                0x0000000000008364                . = ALIGN (0x4)
                0x0000000000008364                __init_array_start = .
 *(SORT(.init_array.*))
 *(.init_array)
 .init_array    0x0000000000008364        0x4 /Applications/lpcxpresso_8.0.0_526/lpcxpresso/tools/bin/../lib/gcc/arm-none-eabi/4.9.3/armv7-m/crtbegin.o
                0x0000000000008368                __init_array_end = .
 *(.fini)
 .fini          0x0000000000008368        0x4 /Applications/lpcxpresso_8.0.0_526/lpcxpresso/tools/bin/../lib/gcc/arm-none-eabi/4.9.3/armv7-m/crti.o
                0x0000000000008368                _fini
 .fini          0x000000000000836c        0x8 /Applications/lpcxpresso_8.0.0_526/lpcxpresso/tools/bin/../lib/gcc/arm-none-eabi/4.9.3/armv7-m/crtn.o
                0x0000000000008374                . = ALIGN (0x4)
 *crtbegin.o(.ctors)
 *(EXCLUDE_FILE(*crtend.o) .ctors)
 *(SORT(.ctors.*))
 *crtend.o(.ctors)
                0x0000000000008374                . = ALIGN (0x4)
 *crtbegin.o(.dtors)
 *(EXCLUDE_FILE(*crtend.o) .dtors)
 *(SORT(.dtors.*))
 *crtend.o(.dtors)
                0x0000000000008374                . = ALIGN (0x4)

.glue_7         0x0000000000008374        0x0
 .glue_7        0x0000000000000000        0x0 linker stubs

.glue_7t        0x0000000000008374        0x0
 .glue_7t       0x0000000000000000        0x0 linker stubs

.vfp11_veneer   0x0000000000008374        0x0
 .vfp11_veneer  0x0000000000000000        0x0 linker stubs

.v4_bx          0x0000000000008374        0x0
 .v4_bx         0x0000000000000000        0x0 linker stubs

.iplt           0x0000000000008374        0x0
 .iplt          0x0000000000000000        0x0 ./src/ModbusMaster.o

.ARM.extab
 *(.ARM.extab* .gnu.linkonce.armextab.*)
                0x0000000000008374                __exidx_start = .

.ARM.exidx      0x0000000000008374        0x8
 *(.ARM.exidx* .gnu.linkonce.armexidx.*)
 .ARM.exidx     0x0000000000008374        0x8 /Applications/lpcxpresso_8.0.0_526/lpcxpresso/tools/bin/../lib/gcc/arm-none-eabi/4.9.3/armv7-m/libgcc.a(_divdi3.o)
 .ARM.exidx     0x000000000000837c        0x0 /Applications/lpcxpresso_8.0.0_526/lpcxpresso/tools/bin/../lib/gcc/arm-none-eabi/4.9.3/armv7-m/libgcc.a(_udivdi3.o)
                                          0x8 (size before relaxing)
                0x000000000000837c                __exidx_end = .
                0x000000000000837c                _etext = .

.rel.dyn        0x000000000000837c        0x0
 .rel.iplt      0x0000000000000000        0x0 ./src/ModbusMaster.o

.eh_frame       0x000000000000837c        0x0
 .eh_frame      0x000000000000837c        0x0 /Applications/lpcxpresso_8.0.0_526/lpcxpresso/tools/bin/../lib/gcc/arm-none-eabi/4.9.3/armv7-m/crtbegin.o

.data_RAM2      0x0000000002004000        0x0 load address 0x000000000000837c
 FILL mask 0xff
                0x0000000002004000                PROVIDE (__start_data_RAM2, .)
 *(.ramfunc.$RAM2)
 *(.ramfunc.$Ram1_16)
 *(.data.$RAM2*)
 *(.data.$Ram1_16*)
                0x0000000002004000                . = ALIGN (0x4)
                0x0000000002004000                PROVIDE (__end_data_RAM2, .)

.data_RAM3      0x0000000002008000        0x0 load address 0x000000000000837c
 FILL mask 0xff
                0x0000000002008000                PROVIDE (__start_data_RAM3, .)
 *(.ramfunc.$RAM3)
 *(.ramfunc.$Ram2_4)
 *(.data.$RAM3*)
 *(.data.$Ram2_4*)
                0x0000000002008000                . = ALIGN (0x4)
                0x0000000002008000                PROVIDE (__end_data_RAM3, .)

.uninit_RESERVED
                0x0000000002000000        0x0
 *(.bss.$RESERVED*)
                0x0000000002000000                . = ALIGN (0x4)
                0x0000000002000000                _end_uninit_RESERVED = .

.data           0x0000000002000000      0x8a4 load address 0x000000000000837c
 FILL mask 0xff
                0x0000000002000000                _data = .
 *(vtable)
 *(.ramfunc*)
 *(.data*)
 .data.ITM_RxBuffer
                0x0000000002000000        0x4 ./src/retarget_itm.o
                0x0000000002000000                ITM_RxBuffer
 .data.__malloc_av_
                0x0000000002000004      0x408 /Applications/lpcxpresso_8.0.0_526/lpcxpresso/tools/bin/../lib/gcc/arm-none-eabi/4.9.3/../../../../arm-none-eabi/lib/armv7-m/libc.a(lib_a-mallocr.o)
                0x0000000002000004                __malloc_av_
 .data.__malloc_trim_threshold
                0x000000000200040c        0x4 /Applications/lpcxpresso_8.0.0_526/lpcxpresso/tools/bin/../lib/gcc/arm-none-eabi/4.9.3/../../../../arm-none-eabi/lib/armv7-m/libc.a(lib_a-mallocr.o)
                0x000000000200040c                __malloc_trim_threshold
 .data.__malloc_sbrk_base
                0x0000000002000410        0x4 /Applications/lpcxpresso_8.0.0_526/lpcxpresso/tools/bin/../lib/gcc/arm-none-eabi/4.9.3/../../../../arm-none-eabi/lib/armv7-m/libc.a(lib_a-mallocr.o)
                0x0000000002000410                __malloc_sbrk_base
 *fill*         0x0000000002000414        0x4 
 .data.impure_data
                0x0000000002000418      0x428 /Applications/lpcxpresso_8.0.0_526/lpcxpresso/tools/bin/../lib/gcc/arm-none-eabi/4.9.3/../../../../arm-none-eabi/lib/armv7-m/libc.a(lib_a-impure.o)
 .data._impure_ptr
                0x0000000002000840        0x4 /Applications/lpcxpresso_8.0.0_526/lpcxpresso/tools/bin/../lib/gcc/arm-none-eabi/4.9.3/../../../../arm-none-eabi/lib/armv7-m/libc.a(lib_a-impure.o)
                0x0000000002000840                _impure_ptr
 .data.lconv    0x0000000002000844       0x38 /Applications/lpcxpresso_8.0.0_526/lpcxpresso/tools/bin/../lib/gcc/arm-none-eabi/4.9.3/../../../../arm-none-eabi/lib/armv7-m/libc.a(lib_a-locale.o)
 .data.lc_ctype_charset
                0x000000000200087c       0x20 /Applications/lpcxpresso_8.0.0_526/lpcxpresso/tools/bin/../lib/gcc/arm-none-eabi/4.9.3/../../../../arm-none-eabi/lib/armv7-m/libc.a(lib_a-locale.o)
 .data.__mb_cur_max
                0x000000000200089c        0x4 /Applications/lpcxpresso_8.0.0_526/lpcxpresso/tools/bin/../lib/gcc/arm-none-eabi/4.9.3/../../../../arm-none-eabi/lib/armv7-m/libc.a(lib_a-locale.o)
                0x000000000200089c                __mb_cur_max
 .data.__wctomb
                0x00000000020008a0        0x4 /Applications/lpcxpresso_8.0.0_526/lpcxpresso/tools/bin/../lib/gcc/arm-none-eabi/4.9.3/../../../../arm-none-eabi/lib/armv7-m/libc.a(lib_a-wctomb_r.o)
                0x00000000020008a0                __wctomb
                0x00000000020008a4                . = ALIGN (0x4)
                0x00000000020008a4                _edata = .

.igot.plt       0x00000000020008a4        0x0 load address 0x0000000000008c20
 .igot.plt      0x0000000000000000        0x0 ./src/ModbusMaster.o

.jcr            0x00000000020008a4        0x0 load address 0x0000000000008c20
 .jcr           0x00000000020008a4        0x0 /Applications/lpcxpresso_8.0.0_526/lpcxpresso/tools/bin/../lib/gcc/arm-none-eabi/4.9.3/armv7-m/crtbegin.o

.bss_RAM2       0x0000000002004000        0x0
                0x0000000002004000                PROVIDE (__start_bss_RAM2, .)
 *(.bss.$RAM2*)
 *(.bss.$Ram1_16*)
                0x0000000002004000                . = ALIGN ((. != 0x0)?0x4:0x1)
                0x0000000002004000                PROVIDE (__end_bss_RAM2, .)

.bss_RAM3       0x0000000002008000        0x0
                0x0000000002008000                PROVIDE (__start_bss_RAM3, .)
 *(.bss.$RAM3*)
 *(.bss.$Ram2_4*)
                0x0000000002008000                . = ALIGN ((. != 0x0)?0x4:0x1)
                0x0000000002008000                PROVIDE (__end_bss_RAM3, .)

.bss            0x00000000020008a4       0x6c
                0x00000000020008a4                _bss = .
 *(.bss*)
 .bss._ZL7rxring1
                0x00000000020008a4        0x4 ./src/SerialPort.o
 .bss._ZL7txring1
                0x00000000020008a8        0x4 ./src/SerialPort.o
 .bss._ZL7counter
                0x00000000020008ac        0x4 ./src/uart_test.o
 .bss._ZL8systicks
                0x00000000020008b0        0x4 ./src/uart_test.o
 .bss.__malloc_max_total_mem
                0x00000000020008b4        0x4 /Applications/lpcxpresso_8.0.0_526/lpcxpresso/tools/bin/../lib/gcc/arm-none-eabi/4.9.3/../../../../arm-none-eabi/lib/armv7-m/libc.a(lib_a-mallocr.o)
                0x00000000020008b4                __malloc_max_total_mem
 .bss.__malloc_max_sbrked_mem
                0x00000000020008b8        0x4 /Applications/lpcxpresso_8.0.0_526/lpcxpresso/tools/bin/../lib/gcc/arm-none-eabi/4.9.3/../../../../arm-none-eabi/lib/armv7-m/libc.a(lib_a-mallocr.o)
                0x00000000020008b8                __malloc_max_sbrked_mem
 .bss.__malloc_top_pad
                0x00000000020008bc        0x4 /Applications/lpcxpresso_8.0.0_526/lpcxpresso/tools/bin/../lib/gcc/arm-none-eabi/4.9.3/../../../../arm-none-eabi/lib/armv7-m/libc.a(lib_a-mallocr.o)
                0x00000000020008bc                __malloc_top_pad
 .bss.__malloc_current_mallinfo
                0x00000000020008c0       0x28 /Applications/lpcxpresso_8.0.0_526/lpcxpresso/tools/bin/../lib/gcc/arm-none-eabi/4.9.3/../../../../arm-none-eabi/lib/armv7-m/libc.a(lib_a-mallocr.o)
                0x00000000020008c0                __malloc_current_mallinfo
 .bss           0x00000000020008e8       0x1c /Applications/lpcxpresso_8.0.0_526/lpcxpresso/tools/bin/../lib/gcc/arm-none-eabi/4.9.3/armv7-m/crtbegin.o
 *(COMMON)
 COMMON         0x0000000002000904        0x4 /Users/vinhxu/Desktop/Workspace/lpc_chip_15xx/Debug/liblpc_chip_15xx.a(chip_15xx.o)
                0x0000000002000904                SystemCoreClock
 COMMON         0x0000000002000908        0x4 /Applications/lpcxpresso_8.0.0_526/lpcxpresso/tools/bin/../lib/gcc/arm-none-eabi/4.9.3/../../../../arm-none-eabi/lib/armv7-m/libc.a(lib_a-reent.o)
                0x0000000002000908                errno
 COMMON         0x000000000200090c        0x4 /Applications/lpcxpresso_8.0.0_526/lpcxpresso/tools/bin/../lib/gcc/arm-none-eabi/4.9.3/../../../../arm-none-eabi/lib/armv7-m/libcr_newlib_nohost.a(_cr_sbrk.o)
                0x000000000200090c                __end_of_heap
                0x0000000002000910                . = ALIGN (0x4)
                0x0000000002000910                _ebss = .
                0x0000000002000910                PROVIDE (end, .)

.noinit_RAM2    0x0000000002004000        0x0
 *(.noinit.$RAM2*)
 *(.noinit.$Ram1_16*)
                0x0000000002004000                . = ALIGN (0x4)

.noinit_RAM3    0x0000000002008000        0x0
 *(.noinit.$RAM3*)
 *(.noinit.$Ram2_4*)
                0x0000000002008000                . = ALIGN (0x4)

.noinit         0x0000000002000910        0x0
                0x0000000002000910                _noinit = .
 *(.noinit*)
                0x0000000002000910                . = ALIGN (0x4)
                0x0000000002000910                _end_noinit = .
                0x0000000002000910                PROVIDE (_pvHeapStart, DEFINED (__user_heap_base)?__user_heap_base:.)
                0x0000000002004000                PROVIDE (_vStackTop, DEFINED (__user_stack_top)?__user_stack_top:(__top_Ram0_16 - 0x0))
                0xfffffffffdffb2b6                PROVIDE (__valid_user_code_checksum, (0x0 - ((((((_vStackTop + (ResetISR + 0x1)) + (NMI_Handler + 0x1)) + (HardFault_Handler + 0x1)) + (DEFINED (MemManage_Handler)?MemManage_Handler:0x0 + 0x1)) + (DEFINED (BusFault_Handler)?BusFault_Handler:0x0 + 0x1)) + (DEFINED (UsageFault_Handler)?UsageFault_Handler:0x0 + 0x1))))
OUTPUT(UARTtest.axf elf32-littlearm)

.debug_info     0x0000000000000000     0xa347
 .debug_info    0x0000000000000000     0x11cf ./src/ModbusMaster.o
 .debug_info    0x00000000000011cf      0xd10 ./src/SerialPort.o
 .debug_info    0x0000000000001edf      0x1aa ./src/cr_cpp_config.o
 .debug_info    0x0000000000002089      0x29a ./src/cr_startup_lpc15xx.o
 .debug_info    0x0000000000002323      0x18f ./src/retarget_itm.o
 .debug_info    0x00000000000024b2       0xe7 ./src/sysinit.o
 .debug_info    0x0000000000002599     0x216d ./src/uart_test.o
 .debug_info    0x0000000000004706      0xabd /Users/vinhxu/Desktop/Workspace/lpc_board_nxp_lpcxpresso_1549/Debug/liblpc_board_nxp_lpcxpresso_1549.a(board.o)
 .debug_info    0x00000000000051c3      0xc94 /Users/vinhxu/Desktop/Workspace/lpc_board_nxp_lpcxpresso_1549/Debug/liblpc_board_nxp_lpcxpresso_1549.a(board_sysinit.o)
 .debug_info    0x0000000000005e57      0x965 /Users/vinhxu/Desktop/Workspace/lpc_chip_15xx/Debug/liblpc_chip_15xx.a(chip_15xx.o)
 .debug_info    0x00000000000067bc      0xd12 /Users/vinhxu/Desktop/Workspace/lpc_chip_15xx/Debug/liblpc_chip_15xx.a(clock_15xx.o)
 .debug_info    0x00000000000074ce      0x612 /Users/vinhxu/Desktop/Workspace/lpc_chip_15xx/Debug/liblpc_chip_15xx.a(gpio_15xx.o)
 .debug_info    0x0000000000007ae0      0x1f4 /Users/vinhxu/Desktop/Workspace/lpc_chip_15xx/Debug/liblpc_chip_15xx.a(iocon_15xx.o)
 .debug_info    0x0000000000007cd4      0x344 /Users/vinhxu/Desktop/Workspace/lpc_chip_15xx/Debug/liblpc_chip_15xx.a(ring_buffer.o)
 .debug_info    0x0000000000008018      0x626 /Users/vinhxu/Desktop/Workspace/lpc_chip_15xx/Debug/liblpc_chip_15xx.a(swm_15xx.o)
 .debug_info    0x000000000000863e      0x738 /Users/vinhxu/Desktop/Workspace/lpc_chip_15xx/Debug/liblpc_chip_15xx.a(sysctl_15xx.o)
 .debug_info    0x0000000000008d76      0x71c /Users/vinhxu/Desktop/Workspace/lpc_chip_15xx/Debug/liblpc_chip_15xx.a(sysinit_15xx.o)
 .debug_info    0x0000000000009492      0x8cb /Users/vinhxu/Desktop/Workspace/lpc_chip_15xx/Debug/liblpc_chip_15xx.a(uart_15xx.o)
 .debug_info    0x0000000000009d5d      0x12d /Applications/lpcxpresso_8.0.0_526/lpcxpresso/tools/bin/../lib/gcc/arm-none-eabi/4.9.3/../../../../arm-none-eabi/lib/armv7-m/libcr_newlib_nohost.a(_cr_sbrk.o)
 .debug_info    0x0000000000009e8a       0xae /Applications/lpcxpresso_8.0.0_526/lpcxpresso/tools/bin/../lib/gcc/arm-none-eabi/4.9.3/../../../../arm-none-eabi/lib/armv7-m/libcr_newlib_nohost.a(close.o)
 .debug_info    0x0000000000009f38      0x22d /Applications/lpcxpresso_8.0.0_526/lpcxpresso/tools/bin/../lib/gcc/arm-none-eabi/4.9.3/../../../../arm-none-eabi/lib/armv7-m/libcr_newlib_nohost.a(fstat.o)
 .debug_info    0x000000000000a165       0xae /Applications/lpcxpresso_8.0.0_526/lpcxpresso/tools/bin/../lib/gcc/arm-none-eabi/4.9.3/../../../../arm-none-eabi/lib/armv7-m/libcr_newlib_nohost.a(isatty.o)
 .debug_info    0x000000000000a213       0xca /Applications/lpcxpresso_8.0.0_526/lpcxpresso/tools/bin/../lib/gcc/arm-none-eabi/4.9.3/../../../../arm-none-eabi/lib/armv7-m/libcr_newlib_nohost.a(lseek.o)
 .debug_info    0x000000000000a2dd       0x6a /Applications/lpcxpresso_8.0.0_526/lpcxpresso/tools/bin/../lib/gcc/arm-none-eabi/4.9.3/../../../../arm-none-eabi/lib/armv7-m/libcr_newlib_nohost.a(_cr_check_heap.o)

.debug_abbrev   0x0000000000000000     0x2300
 .debug_abbrev  0x0000000000000000      0x2fe ./src/ModbusMaster.o
 .debug_abbrev  0x00000000000002fe      0x353 ./src/SerialPort.o
 .debug_abbrev  0x0000000000000651       0xf4 ./src/cr_cpp_config.o
 .debug_abbrev  0x0000000000000745       0xf0 ./src/cr_startup_lpc15xx.o
 .debug_abbrev  0x0000000000000835       0xad ./src/retarget_itm.o
 .debug_abbrev  0x00000000000008e2       0x82 ./src/sysinit.o
 .debug_abbrev  0x0000000000000964      0x468 ./src/uart_test.o
 .debug_abbrev  0x0000000000000dcc      0x20a /Users/vinhxu/Desktop/Workspace/lpc_board_nxp_lpcxpresso_1549/Debug/liblpc_board_nxp_lpcxpresso_1549.a(board.o)
 .debug_abbrev  0x0000000000000fd6      0x202 /Users/vinhxu/Desktop/Workspace/lpc_board_nxp_lpcxpresso_1549/Debug/liblpc_board_nxp_lpcxpresso_1549.a(board_sysinit.o)
 .debug_abbrev  0x00000000000011d8      0x1ad /Users/vinhxu/Desktop/Workspace/lpc_chip_15xx/Debug/liblpc_chip_15xx.a(chip_15xx.o)
 .debug_abbrev  0x0000000000001385      0x281 /Users/vinhxu/Desktop/Workspace/lpc_chip_15xx/Debug/liblpc_chip_15xx.a(clock_15xx.o)
 .debug_abbrev  0x0000000000001606      0x166 /Users/vinhxu/Desktop/Workspace/lpc_chip_15xx/Debug/liblpc_chip_15xx.a(gpio_15xx.o)
 .debug_abbrev  0x000000000000176c      0x137 /Users/vinhxu/Desktop/Workspace/lpc_chip_15xx/Debug/liblpc_chip_15xx.a(iocon_15xx.o)
 .debug_abbrev  0x00000000000018a3      0x12d /Users/vinhxu/Desktop/Workspace/lpc_chip_15xx/Debug/liblpc_chip_15xx.a(ring_buffer.o)
 .debug_abbrev  0x00000000000019d0      0x13c /Users/vinhxu/Desktop/Workspace/lpc_chip_15xx/Debug/liblpc_chip_15xx.a(swm_15xx.o)
 .debug_abbrev  0x0000000000001b0c      0x129 /Users/vinhxu/Desktop/Workspace/lpc_chip_15xx/Debug/liblpc_chip_15xx.a(sysctl_15xx.o)
 .debug_abbrev  0x0000000000001c35      0x186 /Users/vinhxu/Desktop/Workspace/lpc_chip_15xx/Debug/liblpc_chip_15xx.a(sysinit_15xx.o)
 .debug_abbrev  0x0000000000001dbb      0x1e2 /Users/vinhxu/Desktop/Workspace/lpc_chip_15xx/Debug/liblpc_chip_15xx.a(uart_15xx.o)
 .debug_abbrev  0x0000000000001f9d       0xf6 /Applications/lpcxpresso_8.0.0_526/lpcxpresso/tools/bin/../lib/gcc/arm-none-eabi/4.9.3/../../../../arm-none-eabi/lib/armv7-m/libcr_newlib_nohost.a(_cr_sbrk.o)
 .debug_abbrev  0x0000000000002093       0x66 /Applications/lpcxpresso_8.0.0_526/lpcxpresso/tools/bin/../lib/gcc/arm-none-eabi/4.9.3/../../../../arm-none-eabi/lib/armv7-m/libcr_newlib_nohost.a(close.o)
 .debug_abbrev  0x00000000000020f9       0xbb /Applications/lpcxpresso_8.0.0_526/lpcxpresso/tools/bin/../lib/gcc/arm-none-eabi/4.9.3/../../../../arm-none-eabi/lib/armv7-m/libcr_newlib_nohost.a(fstat.o)
 .debug_abbrev  0x00000000000021b4       0x66 /Applications/lpcxpresso_8.0.0_526/lpcxpresso/tools/bin/../lib/gcc/arm-none-eabi/4.9.3/../../../../arm-none-eabi/lib/armv7-m/libcr_newlib_nohost.a(isatty.o)
 .debug_abbrev  0x000000000000221a       0x84 /Applications/lpcxpresso_8.0.0_526/lpcxpresso/tools/bin/../lib/gcc/arm-none-eabi/4.9.3/../../../../arm-none-eabi/lib/armv7-m/libcr_newlib_nohost.a(lseek.o)
 .debug_abbrev  0x000000000000229e       0x62 /Applications/lpcxpresso_8.0.0_526/lpcxpresso/tools/bin/../lib/gcc/arm-none-eabi/4.9.3/../../../../arm-none-eabi/lib/armv7-m/libcr_newlib_nohost.a(_cr_check_heap.o)

.debug_aranges  0x0000000000000000      0x9a8
 .debug_aranges
                0x0000000000000000      0x160 ./src/ModbusMaster.o
 .debug_aranges
                0x0000000000000160       0xb8 ./src/SerialPort.o
 .debug_aranges
                0x0000000000000218       0x48 ./src/cr_cpp_config.o
 .debug_aranges
                0x0000000000000260       0x80 ./src/cr_startup_lpc15xx.o
 .debug_aranges
                0x00000000000002e0       0x28 ./src/retarget_itm.o
 .debug_aranges
                0x0000000000000308       0x20 ./src/sysinit.o
 .debug_aranges
                0x0000000000000328       0x70 ./src/uart_test.o
 .debug_aranges
                0x0000000000000398       0xd0 /Users/vinhxu/Desktop/Workspace/lpc_board_nxp_lpcxpresso_1549/Debug/liblpc_board_nxp_lpcxpresso_1549.a(board.o)
 .debug_aranges
                0x0000000000000468       0x60 /Users/vinhxu/Desktop/Workspace/lpc_board_nxp_lpcxpresso_1549/Debug/liblpc_board_nxp_lpcxpresso_1549.a(board_sysinit.o)
 .debug_aranges
                0x00000000000004c8       0x50 /Users/vinhxu/Desktop/Workspace/lpc_chip_15xx/Debug/liblpc_chip_15xx.a(chip_15xx.o)
 .debug_aranges
                0x0000000000000518      0x128 /Users/vinhxu/Desktop/Workspace/lpc_chip_15xx/Debug/liblpc_chip_15xx.a(clock_15xx.o)
 .debug_aranges
                0x0000000000000640       0x70 /Users/vinhxu/Desktop/Workspace/lpc_chip_15xx/Debug/liblpc_chip_15xx.a(gpio_15xx.o)
 .debug_aranges
                0x00000000000006b0       0x28 /Users/vinhxu/Desktop/Workspace/lpc_chip_15xx/Debug/liblpc_chip_15xx.a(iocon_15xx.o)
 .debug_aranges
                0x00000000000006d8       0x60 /Users/vinhxu/Desktop/Workspace/lpc_chip_15xx/Debug/liblpc_chip_15xx.a(ring_buffer.o)
 .debug_aranges
                0x0000000000000738       0x40 /Users/vinhxu/Desktop/Workspace/lpc_chip_15xx/Debug/liblpc_chip_15xx.a(swm_15xx.o)
 .debug_aranges
                0x0000000000000778       0x50 /Users/vinhxu/Desktop/Workspace/lpc_chip_15xx/Debug/liblpc_chip_15xx.a(sysctl_15xx.o)
 .debug_aranges
                0x00000000000007c8       0x58 /Users/vinhxu/Desktop/Workspace/lpc_chip_15xx/Debug/liblpc_chip_15xx.a(sysinit_15xx.o)
 .debug_aranges
                0x0000000000000820       0xc8 /Users/vinhxu/Desktop/Workspace/lpc_chip_15xx/Debug/liblpc_chip_15xx.a(uart_15xx.o)
 .debug_aranges
                0x00000000000008e8       0x20 /Applications/lpcxpresso_8.0.0_526/lpcxpresso/tools/bin/../lib/gcc/arm-none-eabi/4.9.3/../../../../arm-none-eabi/lib/armv7-m/libcr_newlib_nohost.a(_cr_sbrk.o)
 .debug_aranges
                0x0000000000000908       0x20 /Applications/lpcxpresso_8.0.0_526/lpcxpresso/tools/bin/../lib/gcc/arm-none-eabi/4.9.3/../../../../arm-none-eabi/lib/armv7-m/libcr_newlib_nohost.a(close.o)
 .debug_aranges
                0x0000000000000928       0x20 /Applications/lpcxpresso_8.0.0_526/lpcxpresso/tools/bin/../lib/gcc/arm-none-eabi/4.9.3/../../../../arm-none-eabi/lib/armv7-m/libcr_newlib_nohost.a(fstat.o)
 .debug_aranges
                0x0000000000000948       0x20 /Applications/lpcxpresso_8.0.0_526/lpcxpresso/tools/bin/../lib/gcc/arm-none-eabi/4.9.3/../../../../arm-none-eabi/lib/armv7-m/libcr_newlib_nohost.a(isatty.o)
 .debug_aranges
                0x0000000000000968       0x20 /Applications/lpcxpresso_8.0.0_526/lpcxpresso/tools/bin/../lib/gcc/arm-none-eabi/4.9.3/../../../../arm-none-eabi/lib/armv7-m/libcr_newlib_nohost.a(lseek.o)
 .debug_aranges
                0x0000000000000988       0x20 /Applications/lpcxpresso_8.0.0_526/lpcxpresso/tools/bin/../lib/gcc/arm-none-eabi/4.9.3/../../../../arm-none-eabi/lib/armv7-m/libcr_newlib_nohost.a(_cr_check_heap.o)

.debug_ranges   0x0000000000000000      0x828
 .debug_ranges  0x0000000000000000      0x150 ./src/ModbusMaster.o
 .debug_ranges  0x0000000000000150       0xa8 ./src/SerialPort.o
 .debug_ranges  0x00000000000001f8       0x38 ./src/cr_cpp_config.o
 .debug_ranges  0x0000000000000230       0x70 ./src/cr_startup_lpc15xx.o
 .debug_ranges  0x00000000000002a0       0x18 ./src/retarget_itm.o
 .debug_ranges  0x00000000000002b8       0x10 ./src/sysinit.o
 .debug_ranges  0x00000000000002c8       0x60 ./src/uart_test.o
 .debug_ranges  0x0000000000000328       0xc0 /Users/vinhxu/Desktop/Workspace/lpc_board_nxp_lpcxpresso_1549/Debug/liblpc_board_nxp_lpcxpresso_1549.a(board.o)
 .debug_ranges  0x00000000000003e8       0x50 /Users/vinhxu/Desktop/Workspace/lpc_board_nxp_lpcxpresso_1549/Debug/liblpc_board_nxp_lpcxpresso_1549.a(board_sysinit.o)
 .debug_ranges  0x0000000000000438       0x40 /Users/vinhxu/Desktop/Workspace/lpc_chip_15xx/Debug/liblpc_chip_15xx.a(chip_15xx.o)
 .debug_ranges  0x0000000000000478      0x118 /Users/vinhxu/Desktop/Workspace/lpc_chip_15xx/Debug/liblpc_chip_15xx.a(clock_15xx.o)
 .debug_ranges  0x0000000000000590       0x60 /Users/vinhxu/Desktop/Workspace/lpc_chip_15xx/Debug/liblpc_chip_15xx.a(gpio_15xx.o)
 .debug_ranges  0x00000000000005f0       0x18 /Users/vinhxu/Desktop/Workspace/lpc_chip_15xx/Debug/liblpc_chip_15xx.a(iocon_15xx.o)
 .debug_ranges  0x0000000000000608       0x50 /Users/vinhxu/Desktop/Workspace/lpc_chip_15xx/Debug/liblpc_chip_15xx.a(ring_buffer.o)
 .debug_ranges  0x0000000000000658       0x30 /Users/vinhxu/Desktop/Workspace/lpc_chip_15xx/Debug/liblpc_chip_15xx.a(swm_15xx.o)
 .debug_ranges  0x0000000000000688       0x40 /Users/vinhxu/Desktop/Workspace/lpc_chip_15xx/Debug/liblpc_chip_15xx.a(sysctl_15xx.o)
 .debug_ranges  0x00000000000006c8       0x48 /Users/vinhxu/Desktop/Workspace/lpc_chip_15xx/Debug/liblpc_chip_15xx.a(sysinit_15xx.o)
 .debug_ranges  0x0000000000000710       0xb8 /Users/vinhxu/Desktop/Workspace/lpc_chip_15xx/Debug/liblpc_chip_15xx.a(uart_15xx.o)
 .debug_ranges  0x00000000000007c8       0x10 /Applications/lpcxpresso_8.0.0_526/lpcxpresso/tools/bin/../lib/gcc/arm-none-eabi/4.9.3/../../../../arm-none-eabi/lib/armv7-m/libcr_newlib_nohost.a(_cr_sbrk.o)
 .debug_ranges  0x00000000000007d8       0x10 /Applications/lpcxpresso_8.0.0_526/lpcxpresso/tools/bin/../lib/gcc/arm-none-eabi/4.9.3/../../../../arm-none-eabi/lib/armv7-m/libcr_newlib_nohost.a(close.o)
 .debug_ranges  0x00000000000007e8       0x10 /Applications/lpcxpresso_8.0.0_526/lpcxpresso/tools/bin/../lib/gcc/arm-none-eabi/4.9.3/../../../../arm-none-eabi/lib/armv7-m/libcr_newlib_nohost.a(fstat.o)
 .debug_ranges  0x00000000000007f8       0x10 /Applications/lpcxpresso_8.0.0_526/lpcxpresso/tools/bin/../lib/gcc/arm-none-eabi/4.9.3/../../../../arm-none-eabi/lib/armv7-m/libcr_newlib_nohost.a(isatty.o)
 .debug_ranges  0x0000000000000808       0x10 /Applications/lpcxpresso_8.0.0_526/lpcxpresso/tools/bin/../lib/gcc/arm-none-eabi/4.9.3/../../../../arm-none-eabi/lib/armv7-m/libcr_newlib_nohost.a(lseek.o)
 .debug_ranges  0x0000000000000818       0x10 /Applications/lpcxpresso_8.0.0_526/lpcxpresso/tools/bin/../lib/gcc/arm-none-eabi/4.9.3/../../../../arm-none-eabi/lib/armv7-m/libcr_newlib_nohost.a(_cr_check_heap.o)

.debug_macro    0x0000000000000000     0x8aac
 .debug_macro   0x0000000000000000      0x3b3 ./src/ModbusMaster.o
 .debug_macro   0x00000000000003b3      0x8a4 ./src/ModbusMaster.o
 .debug_macro   0x0000000000000c57       0x10 ./src/ModbusMaster.o
 .debug_macro   0x0000000000000c67       0x22 ./src/ModbusMaster.o
 .debug_macro   0x0000000000000c89       0x44 ./src/ModbusMaster.o
 .debug_macro   0x0000000000000ccd       0xe3 ./src/ModbusMaster.o
 .debug_macro   0x0000000000000db0       0x22 ./src/ModbusMaster.o
 .debug_macro   0x0000000000000dd2      0x1df ./src/ModbusMaster.o
 .debug_macro   0x0000000000000fb1       0xef ./src/ModbusMaster.o
 .debug_macro   0x00000000000010a0      0x337 ./src/ModbusMaster.o
 .debug_macro   0x00000000000013d7      0x166 ./src/ModbusMaster.o
 .debug_macro   0x000000000000153d       0x28 ./src/ModbusMaster.o
 .debug_macro   0x0000000000001565       0x74 ./src/ModbusMaster.o
 .debug_macro   0x00000000000015d9       0x10 ./src/ModbusMaster.o
 .debug_macro   0x00000000000015e9       0x2d ./src/ModbusMaster.o
 .debug_macro   0x0000000000001616       0x3a ./src/ModbusMaster.o
 .debug_macro   0x0000000000001650       0x2d ./src/ModbusMaster.o
 .debug_macro   0x000000000000167d      0xa7d ./src/ModbusMaster.o
 .debug_macro   0x00000000000020fa      0x1b4 ./src/ModbusMaster.o
 .debug_macro   0x00000000000022ae       0xca ./src/ModbusMaster.o
 .debug_macro   0x0000000000002378       0x11 ./src/ModbusMaster.o
 .debug_macro   0x0000000000002389       0xb2 ./src/ModbusMaster.o
 .debug_macro   0x000000000000243b       0x70 ./src/ModbusMaster.o
 .debug_macro   0x00000000000024ab       0x46 ./src/ModbusMaster.o
 .debug_macro   0x00000000000024f1       0xd0 ./src/ModbusMaster.o
 .debug_macro   0x00000000000025c1       0x40 ./src/ModbusMaster.o
 .debug_macro   0x0000000000002601      0x233 ./src/ModbusMaster.o
 .debug_macro   0x0000000000002834       0x16 ./src/ModbusMaster.o
 .debug_macro   0x000000000000284a       0x88 ./src/ModbusMaster.o
 .debug_macro   0x00000000000028d2       0x34 ./src/ModbusMaster.o
 .debug_macro   0x0000000000002906       0x6a ./src/ModbusMaster.o
 .debug_macro   0x0000000000002970       0x40 ./src/ModbusMaster.o
 .debug_macro   0x00000000000029b0       0x1c ./src/ModbusMaster.o
 .debug_macro   0x00000000000029cc       0x16 ./src/ModbusMaster.o
 .debug_macro   0x00000000000029e2      0x10c ./src/ModbusMaster.o
 .debug_macro   0x0000000000002aee      0x2a9 ./src/ModbusMaster.o
 .debug_macro   0x0000000000002d97       0x76 ./src/ModbusMaster.o
 .debug_macro   0x0000000000002e0d       0x22 ./src/ModbusMaster.o
 .debug_macro   0x0000000000002e2f      0x152 ./src/ModbusMaster.o
 .debug_macro   0x0000000000002f81       0x82 ./src/ModbusMaster.o
 .debug_macro   0x0000000000003003       0xe6 ./src/ModbusMaster.o
 .debug_macro   0x00000000000030e9       0x3a ./src/ModbusMaster.o
 .debug_macro   0x0000000000003123       0x34 ./src/ModbusMaster.o
 .debug_macro   0x0000000000003157       0x10 ./src/ModbusMaster.o
 .debug_macro   0x0000000000003167       0x76 ./src/ModbusMaster.o
 .debug_macro   0x00000000000031dd       0x58 ./src/ModbusMaster.o
 .debug_macro   0x0000000000003235      0x2ca ./src/ModbusMaster.o
 .debug_macro   0x00000000000034ff      0x22b ./src/ModbusMaster.o
 .debug_macro   0x000000000000372a       0x2e ./src/ModbusMaster.o
 .debug_macro   0x0000000000003758       0x34 ./src/ModbusMaster.o
 .debug_macro   0x000000000000378c       0x58 ./src/ModbusMaster.o
 .debug_macro   0x00000000000037e4       0x35 ./src/ModbusMaster.o
 .debug_macro   0x0000000000003819       0x9c ./src/ModbusMaster.o
 .debug_macro   0x00000000000038b5       0x16 ./src/ModbusMaster.o
 .debug_macro   0x00000000000038cb       0x35 ./src/ModbusMaster.o
 .debug_macro   0x0000000000003900      0x2b2 ./src/ModbusMaster.o
 .debug_macro   0x0000000000003bb2       0x10 ./src/ModbusMaster.o
 .debug_macro   0x0000000000003bc2       0x52 ./src/ModbusMaster.o
 .debug_macro   0x0000000000003c14       0x16 ./src/ModbusMaster.o
 .debug_macro   0x0000000000003c2a       0x43 ./src/ModbusMaster.o
 .debug_macro   0x0000000000003c6d      0x180 ./src/ModbusMaster.o
 .debug_macro   0x0000000000003ded       0x10 ./src/ModbusMaster.o
 .debug_macro   0x0000000000003dfd       0x22 ./src/ModbusMaster.o
 .debug_macro   0x0000000000003e1f       0xbe ./src/ModbusMaster.o
 .debug_macro   0x0000000000003edd       0x16 ./src/ModbusMaster.o
 .debug_macro   0x0000000000003ef3      0x197 ./src/ModbusMaster.o
 .debug_macro   0x000000000000408a       0x20 ./src/ModbusMaster.o
 .debug_macro   0x00000000000040aa      0x376 ./src/SerialPort.o
 .debug_macro   0x0000000000004420       0x7b ./src/SerialPort.o
 .debug_macro   0x000000000000449b       0x18 ./src/SerialPort.o
 .debug_macro   0x00000000000044b3       0x97 ./src/SerialPort.o
 .debug_macro   0x000000000000454a       0xef ./src/SerialPort.o
 .debug_macro   0x0000000000004639       0xe2 ./src/cr_cpp_config.o
 .debug_macro   0x000000000000471b       0x16 ./src/cr_cpp_config.o
 .debug_macro   0x0000000000004731      0x10e ./src/cr_cpp_config.o
 .debug_macro   0x000000000000483f       0x7f ./src/cr_cpp_config.o
 .debug_macro   0x00000000000048be       0x4a ./src/cr_cpp_config.o
 .debug_macro   0x0000000000004908       0x16 ./src/cr_cpp_config.o
 .debug_macro   0x000000000000491e       0x29 ./src/cr_cpp_config.o
 .debug_macro   0x0000000000004947       0x23 ./src/cr_startup_lpc15xx.o
 .debug_macro   0x000000000000496a       0x90 ./src/retarget_itm.o
 .debug_macro   0x00000000000049fa      0x354 ./src/sysinit.o
 .debug_macro   0x0000000000004d4e       0x22 ./src/sysinit.o
 .debug_macro   0x0000000000004d70      0xa7d ./src/sysinit.o
 .debug_macro   0x00000000000057ed       0x9c ./src/sysinit.o
 .debug_macro   0x0000000000005889       0x97 ./src/sysinit.o
 .debug_macro   0x0000000000005920      0x29d ./src/sysinit.o
 .debug_macro   0x0000000000005bbd       0xef ./src/sysinit.o
 .debug_macro   0x0000000000005cac       0x43 ./src/sysinit.o
 .debug_macro   0x0000000000005cef      0x3db ./src/uart_test.o
 .debug_macro   0x00000000000060ca       0x82 ./src/uart_test.o
 .debug_macro   0x000000000000614c       0x16 ./src/uart_test.o
 .debug_macro   0x0000000000006162       0x8e ./src/uart_test.o
 .debug_macro   0x00000000000061f0      0x100 ./src/uart_test.o
 .debug_macro   0x00000000000062f0      0x284 /Users/vinhxu/Desktop/Workspace/lpc_board_nxp_lpcxpresso_1549/Debug/liblpc_board_nxp_lpcxpresso_1549.a(board.o)
 .debug_macro   0x0000000000006574      0x874 /Users/vinhxu/Desktop/Workspace/lpc_board_nxp_lpcxpresso_1549/Debug/liblpc_board_nxp_lpcxpresso_1549.a(board.o)
 .debug_macro   0x0000000000006de8       0x10 /Users/vinhxu/Desktop/Workspace/lpc_board_nxp_lpcxpresso_1549/Debug/liblpc_board_nxp_lpcxpresso_1549.a(board.o)
 .debug_macro   0x0000000000006df8      0x12d /Users/vinhxu/Desktop/Workspace/lpc_board_nxp_lpcxpresso_1549/Debug/liblpc_board_nxp_lpcxpresso_1549.a(board.o)
 .debug_macro   0x0000000000006f25      0x5b2 /Users/vinhxu/Desktop/Workspace/lpc_board_nxp_lpcxpresso_1549/Debug/liblpc_board_nxp_lpcxpresso_1549.a(board.o)
 .debug_macro   0x00000000000074d7       0x22 /Users/vinhxu/Desktop/Workspace/lpc_board_nxp_lpcxpresso_1549/Debug/liblpc_board_nxp_lpcxpresso_1549.a(board.o)
 .debug_macro   0x00000000000074f9       0x9a /Users/vinhxu/Desktop/Workspace/lpc_board_nxp_lpcxpresso_1549/Debug/liblpc_board_nxp_lpcxpresso_1549.a(board.o)
 .debug_macro   0x0000000000007593       0x12 /Users/vinhxu/Desktop/Workspace/lpc_board_nxp_lpcxpresso_1549/Debug/liblpc_board_nxp_lpcxpresso_1549.a(board.o)
 .debug_macro   0x00000000000075a5      0x288 /Users/vinhxu/Desktop/Workspace/lpc_board_nxp_lpcxpresso_1549/Debug/liblpc_board_nxp_lpcxpresso_1549.a(board_sysinit.o)
 .debug_macro   0x000000000000782d      0x239 /Users/vinhxu/Desktop/Workspace/lpc_chip_15xx/Debug/liblpc_chip_15xx.a(chip_15xx.o)
 .debug_macro   0x0000000000007a66      0x239 /Users/vinhxu/Desktop/Workspace/lpc_chip_15xx/Debug/liblpc_chip_15xx.a(clock_15xx.o)
 .debug_macro   0x0000000000007c9f      0x239 /Users/vinhxu/Desktop/Workspace/lpc_chip_15xx/Debug/liblpc_chip_15xx.a(gpio_15xx.o)
 .debug_macro   0x0000000000007ed8      0x239 /Users/vinhxu/Desktop/Workspace/lpc_chip_15xx/Debug/liblpc_chip_15xx.a(iocon_15xx.o)
 .debug_macro   0x0000000000008111       0x83 /Users/vinhxu/Desktop/Workspace/lpc_chip_15xx/Debug/liblpc_chip_15xx.a(ring_buffer.o)
 .debug_macro   0x0000000000008194       0x10 /Users/vinhxu/Desktop/Workspace/lpc_chip_15xx/Debug/liblpc_chip_15xx.a(ring_buffer.o)
 .debug_macro   0x00000000000081a4      0x245 /Users/vinhxu/Desktop/Workspace/lpc_chip_15xx/Debug/liblpc_chip_15xx.a(swm_15xx.o)
 .debug_macro   0x00000000000083e9      0x251 /Users/vinhxu/Desktop/Workspace/lpc_chip_15xx/Debug/liblpc_chip_15xx.a(sysctl_15xx.o)
 .debug_macro   0x000000000000863a      0x239 /Users/vinhxu/Desktop/Workspace/lpc_chip_15xx/Debug/liblpc_chip_15xx.a(sysinit_15xx.o)
 .debug_macro   0x0000000000008873      0x239 /Users/vinhxu/Desktop/Workspace/lpc_chip_15xx/Debug/liblpc_chip_15xx.a(uart_15xx.o)
